Archive member included to satisfy reference by file (symbol)

C:/STM32CubeIDE_1.14.0/STM32CubeIDE/plugins/com.st.stm32cube.ide.mcu.externaltools.gnu-tools-for-stm32.12.3.rel1.win32_1.0.200.202406191623/tools/bin/../lib/gcc/arm-none-eabi/12.3.1/../../../../arm-none-eabi/lib/thumb/v6-m/nofp\libc_nano.a(libc_a-exit.o)
                              C:/STM32CubeIDE_1.14.0/STM32CubeIDE/plugins/com.st.stm32cube.ide.mcu.externaltools.gnu-tools-for-stm32.12.3.rel1.win32_1.0.200.202406191623/tools/bin/../lib/gcc/arm-none-eabi/12.3.1/../../../../arm-none-eabi/lib/thumb/v6-m/nofp/crt0.o (exit)
C:/STM32CubeIDE_1.14.0/STM32CubeIDE/plugins/com.st.stm32cube.ide.mcu.externaltools.gnu-tools-for-stm32.12.3.rel1.win32_1.0.200.202406191623/tools/bin/../lib/gcc/arm-none-eabi/12.3.1/../../../../arm-none-eabi/lib/thumb/v6-m/nofp\libc_nano.a(libc_a-findfp.o)
                              C:/STM32CubeIDE_1.14.0/STM32CubeIDE/plugins/com.st.stm32cube.ide.mcu.externaltools.gnu-tools-for-stm32.12.3.rel1.win32_1.0.200.202406191623/tools/bin/../lib/gcc/arm-none-eabi/12.3.1/../../../../arm-none-eabi/lib/thumb/v6-m/nofp\libc_nano.a(libc_a-exit.o) (__stdio_exit_handler)
C:/STM32CubeIDE_1.14.0/STM32CubeIDE/plugins/com.st.stm32cube.ide.mcu.externaltools.gnu-tools-for-stm32.12.3.rel1.win32_1.0.200.202406191623/tools/bin/../lib/gcc/arm-none-eabi/12.3.1/../../../../arm-none-eabi/lib/thumb/v6-m/nofp\libc_nano.a(libc_a-fwalk.o)
                              C:/STM32CubeIDE_1.14.0/STM32CubeIDE/plugins/com.st.stm32cube.ide.mcu.externaltools.gnu-tools-for-stm32.12.3.rel1.win32_1.0.200.202406191623/tools/bin/../lib/gcc/arm-none-eabi/12.3.1/../../../../arm-none-eabi/lib/thumb/v6-m/nofp\libc_nano.a(libc_a-findfp.o) (_fwalk_sglue)
C:/STM32CubeIDE_1.14.0/STM32CubeIDE/plugins/com.st.stm32cube.ide.mcu.externaltools.gnu-tools-for-stm32.12.3.rel1.win32_1.0.200.202406191623/tools/bin/../lib/gcc/arm-none-eabi/12.3.1/../../../../arm-none-eabi/lib/thumb/v6-m/nofp\libc_nano.a(libc_a-stdio.o)
                              C:/STM32CubeIDE_1.14.0/STM32CubeIDE/plugins/com.st.stm32cube.ide.mcu.externaltools.gnu-tools-for-stm32.12.3.rel1.win32_1.0.200.202406191623/tools/bin/../lib/gcc/arm-none-eabi/12.3.1/../../../../arm-none-eabi/lib/thumb/v6-m/nofp\libc_nano.a(libc_a-findfp.o) (__sread)
C:/STM32CubeIDE_1.14.0/STM32CubeIDE/plugins/com.st.stm32cube.ide.mcu.externaltools.gnu-tools-for-stm32.12.3.rel1.win32_1.0.200.202406191623/tools/bin/../lib/gcc/arm-none-eabi/12.3.1/../../../../arm-none-eabi/lib/thumb/v6-m/nofp\libc_nano.a(libc_a-memset.o)
                              C:/STM32CubeIDE_1.14.0/STM32CubeIDE/plugins/com.st.stm32cube.ide.mcu.externaltools.gnu-tools-for-stm32.12.3.rel1.win32_1.0.200.202406191623/tools/bin/../lib/gcc/arm-none-eabi/12.3.1/../../../../arm-none-eabi/lib/thumb/v6-m/nofp/crt0.o (memset)
C:/STM32CubeIDE_1.14.0/STM32CubeIDE/plugins/com.st.stm32cube.ide.mcu.externaltools.gnu-tools-for-stm32.12.3.rel1.win32_1.0.200.202406191623/tools/bin/../lib/gcc/arm-none-eabi/12.3.1/../../../../arm-none-eabi/lib/thumb/v6-m/nofp\libc_nano.a(libc_a-closer.o)
                              C:/STM32CubeIDE_1.14.0/STM32CubeIDE/plugins/com.st.stm32cube.ide.mcu.externaltools.gnu-tools-for-stm32.12.3.rel1.win32_1.0.200.202406191623/tools/bin/../lib/gcc/arm-none-eabi/12.3.1/../../../../arm-none-eabi/lib/thumb/v6-m/nofp\libc_nano.a(libc_a-stdio.o) (_close_r)
C:/STM32CubeIDE_1.14.0/STM32CubeIDE/plugins/com.st.stm32cube.ide.mcu.externaltools.gnu-tools-for-stm32.12.3.rel1.win32_1.0.200.202406191623/tools/bin/../lib/gcc/arm-none-eabi/12.3.1/../../../../arm-none-eabi/lib/thumb/v6-m/nofp\libc_nano.a(libc_a-reent.o)
                              C:/STM32CubeIDE_1.14.0/STM32CubeIDE/plugins/com.st.stm32cube.ide.mcu.externaltools.gnu-tools-for-stm32.12.3.rel1.win32_1.0.200.202406191623/tools/bin/../lib/gcc/arm-none-eabi/12.3.1/../../../../arm-none-eabi/lib/thumb/v6-m/nofp\libc_nano.a(libc_a-closer.o) (errno)
C:/STM32CubeIDE_1.14.0/STM32CubeIDE/plugins/com.st.stm32cube.ide.mcu.externaltools.gnu-tools-for-stm32.12.3.rel1.win32_1.0.200.202406191623/tools/bin/../lib/gcc/arm-none-eabi/12.3.1/../../../../arm-none-eabi/lib/thumb/v6-m/nofp\libc_nano.a(libc_a-impure.o)
                              C:/STM32CubeIDE_1.14.0/STM32CubeIDE/plugins/com.st.stm32cube.ide.mcu.externaltools.gnu-tools-for-stm32.12.3.rel1.win32_1.0.200.202406191623/tools/bin/../lib/gcc/arm-none-eabi/12.3.1/../../../../arm-none-eabi/lib/thumb/v6-m/nofp\libc_nano.a(libc_a-reent.o) (_impure_ptr)
C:/STM32CubeIDE_1.14.0/STM32CubeIDE/plugins/com.st.stm32cube.ide.mcu.externaltools.gnu-tools-for-stm32.12.3.rel1.win32_1.0.200.202406191623/tools/bin/../lib/gcc/arm-none-eabi/12.3.1/../../../../arm-none-eabi/lib/thumb/v6-m/nofp\libc_nano.a(libc_a-lseekr.o)
[...]
Memory Configuration

Name             Origin             Length             Attributes
RAM              0x20000000         0x00006000         xrw
FLASH            0x08000000         0x00020000         xr
*default*        0x00000000         0xffffffff

Linker script and memory map

LOAD C:/STM32CubeIDE_1.14.0/STM32CubeIDE/plugins/com.st.stm32cube.ide.mcu.externaltools.gnu-tools-for-stm32.12.3.rel1.win32_1.0.200.202406191623/tools/bin/../lib/gcc/arm-none-eabi/12.3.1/thumb/v6-m/nofp/crti.o
LOAD C:/STM32CubeIDE_1.14.0/STM32CubeIDE/plugins/com.st.stm32cube.ide.mcu.externaltools.gnu-tools-for-stm32.12.3.rel1.win32_1.0.200.202406191623/tools/bin/../lib/gcc/arm-none-eabi/12.3.1/thumb/v6-m/nofp/crtbegin.o
LOAD C:/STM32CubeIDE_1.14.0/STM32CubeIDE/plugins/com.st.stm32cube.ide.mcu.externaltools.gnu-tools-for-stm32.12.3.rel1.win32_1.0.200.202406191623/tools/bin/../lib/gcc/arm-none-eabi/12.3.1/../../../../arm-none-eabi/lib/thumb/v6-m/nofp/crt0.o
LOAD ./Core/Src/main.o
LOAD ./Core/Src/modbus.o
LOAD ./Core/Src/stm32c0xx_hal_msp.o
LOAD ./Core/Src/stm32c0xx_it.o
LOAD ./Core/Src/syscalls.o
LOAD ./Core/Src/sysmem.o
LOAD ./Core/Src/system_stm32c0xx.o
LOAD ./Core/Src/vl53l0x.o
LOAD ./Core/Startup/startup_stm32c071cbtx.o
LOAD ./Drivers/STM32C0xx_HAL_Driver/Src/stm32c0xx_hal.o
LOAD ./Drivers/STM32C0xx_HAL_Driver/Src/stm32c0xx_hal_adc.o
LOAD ./Drivers/STM32C0xx_HAL_Driver/Src/stm32c0xx_hal_adc_ex.o
LOAD ./Drivers/STM32C0xx_HAL_Driver/Src/stm32c0xx_hal_cortex.o
LOAD ./Drivers/STM32C0xx_HAL_Driver/Src/stm32c0xx_hal_dma.o
LOAD ./Drivers/STM32C0xx_HAL_Driver/Src/stm32c0xx_hal_dma_ex.o
LOAD ./Drivers/STM32C0xx_HAL_Driver/Src/stm32c0xx_hal_exti.o
LOAD ./Drivers/STM32C0xx_HAL_Driver/Src/stm32c0xx_hal_flash.o
LOAD ./Drivers/STM32C0xx_HAL_Driver/Src/stm32c0xx_hal_flash_ex.o
LOAD ./Drivers/STM32C0xx_HAL_Driver/Src/stm32c0xx_hal_gpio.o
LOAD ./Drivers/STM32C0xx_HAL_Driver/Src/stm32c0xx_hal_i2c.o
LOAD ./Drivers/STM32C0xx_HAL_Driver/Src/stm32c0xx_hal_i2c_ex.o
LOAD ./Drivers/STM32C0xx_HAL_Driver/Src/stm32c0xx_hal_pwr.o
LOAD ./Drivers/STM32C0xx_HAL_Driver/Src/stm32c0xx_hal_pwr_ex.o
LOAD ./Drivers/STM32C0xx_HAL_Driver/Src/stm32c0xx_hal_rcc.o
LOAD ./Drivers/STM32C0xx_HAL_Driver/Src/stm32c0xx_hal_rcc_ex.o
LOAD ./Drivers/STM32C0xx_HAL_Driver/Src/stm32c0xx_hal_tim.o
LOAD ./Drivers/STM32C0xx_HAL_Driver/Src/stm32c0xx_hal_tim_ex.o
LOAD ./Drivers/STM32C0xx_HAL_Driver/Src/stm32c0xx_hal_uart.o
LOAD ./Drivers/STM32C0xx_HAL_Driver/Src/stm32c0xx_hal_uart_ex.o
START GROUP
LOAD C:/STM32CubeIDE_1.14.0/STM32CubeIDE/plugins/com.st.stm32cube.ide.mcu.externaltools.gnu-tools-for-stm32.12.3.rel1.win32_1.0.200.202406191623/tools/bin/../lib/gcc/arm-none-eabi/12.3.1/../../../../arm-none-eabi/lib/thumb/v6-m/nofp\libc_nano.a
LOAD C:/STM32CubeIDE_1.14.0/STM32CubeIDE/plugins/com.st.stm32cube.ide.mcu.externaltools.gnu-tools-for-stm32.12.3.rel1.win32_1.0.200.202406191623/tools/bin/../lib/gcc/arm-none-eabi/12.3.1/../../../../arm-none-eabi/lib/thumb/v6-m/nofp\libm.a
END GROUP
START GROUP
LOAD C:/STM32CubeIDE_1.14.0/STM32CubeIDE/plugins/com.st.stm32cube.ide.mcu.externaltools.gnu-tools-for-stm32.12.3.rel1.win32_1.0.200.202406191623/tools/bin/../lib/gcc/arm-none-eabi/12.3.1/thumb/v6-m/nofp\libgcc.a
LOAD C:/STM32CubeIDE_1.14.0/STM32CubeIDE/plugins/com.st.stm32cube.ide.mcu.externaltools.gnu-tools-for-stm32.12.3.rel1.win32_1.0.200.202406191623/tools/bin/../lib/gcc/arm-none-eabi/12.3.1/../../../../arm-none-eabi/lib/thumb/v6-m/nofp\libc_nano.a
END GROUP
START GROUP
LOAD C:/STM32CubeIDE_1.14.0/STM32CubeIDE/plugins/com.st.stm32cube.ide.mcu.externaltools.gnu-tools-for-stm32.12.3.rel1.win32_1.0.200.202406191623/tools/bin/../lib/gcc/arm-none-eabi/12.3.1/thumb/v6-m/nofp\libgcc.a
LOAD C:/STM32CubeIDE_1.14.0/STM32CubeIDE/plugins/com.st.stm32cube.ide.mcu.externaltools.gnu-tools-for-stm32.12.3.rel1.win32_1.0.200.202406191623/tools/bin/../lib/gcc/arm-none-eabi/12.3.1/../../../../arm-none-eabi/lib/thumb/v6-m/nofp\libc_nano.a
LOAD C:/STM32CubeIDE_1.14.0/STM32CubeIDE/plugins/com.st.stm32cube.ide.mcu.externaltools.gnu-tools-for-stm32.12.3.rel1.win32_1.0.200.202406191623/tools/bin/../lib/gcc/arm-none-eabi/12.3.1/../../../../arm-none-eabi/lib/thumb/v6-m/nofp\libnosys.a
END GROUP
START GROUP
LOAD C:/STM32CubeIDE_1.14.0/STM32CubeIDE/plugins/com.st.stm32cube.ide.mcu.externaltools.gnu-tools-for-stm32.12.3.rel1.win32_1.0.200.202406191623/tools/bin/../lib/gcc/arm-none-eabi/12.3.1/thumb/v6-m/nofp\libgcc.a
LOAD C:/STM32CubeIDE_1.14.0/STM32CubeIDE/plugins/com.st.stm32cube.ide.mcu.externaltools.gnu-tools-for-stm32.12.3.rel1.win32_1.0.200.202406191623/tools/bin/../lib/gcc/arm-none-eabi/12.3.1/../../../../arm-none-eabi/lib/thumb/v6-m/nofp\libc_nano.a
LOAD C:/STM32CubeIDE_1.14.0/STM32CubeIDE/plugins/com.st.stm32cube.ide.mcu.externaltools.gnu-tools-for-stm32.12.3.rel1.win32_1.0.200.202406191623/tools/bin/../lib/gcc/arm-none-eabi/12.3.1/../../../../arm-none-eabi/lib/thumb/v6-m/nofp\libnosys.a
END GROUP
LOAD C:/STM32CubeIDE_1.14.0/STM32CubeIDE/plugins/com.st.stm32cube.ide.mcu.externaltools.gnu-tools-for-stm32.12.3.rel1.win32_1.0.200.202406191623/tools/bin/../lib/gcc/arm-none-eabi/12.3.1/thumb/v6-m/nofp/crtend.o
LOAD C:/STM32CubeIDE_1.14.0/STM32CubeIDE/plugins/com.st.stm32cube.ide.mcu.externaltools.gnu-tools-for-stm32.12.3.rel1.win32_1.0.200.202406191623/tools/bin/../lib/gcc/arm-none-eabi/12.3.1/thumb/v6-m/nofp/crtn.o
                0x20006000                        _estack = (ORIGIN (RAM) + LENGTH (RAM))
                0x00000200                        _Min_Heap_Size = 0x200
                0x00000400                        _Min_Stack_Size = 0x400

.isr_vector     0x08000000       0xc0
                0x08000000                        . = ALIGN (0x4)
 *(.isr_vector)
 .isr_vector    0x08000000       0xc0 ./Core/Startup/startup_stm32c071cbtx.o
                0x08000000                g_pfnVectors
                0x080000c0                        . = ALIGN (0x4)

.text           0x080000c0     0xac9c
                0x080000c0                        . = ALIGN (0x4)
 *(.text)
 .text          0x080000c0       0x48 C:/STM32CubeIDE_1.14.0/STM32CubeIDE/plugins/com.st.stm32cube.ide.mcu.externaltools.gnu-tools-for-stm32.12.3.rel1.win32_1.0.200.202406191623/tools/bin/../lib/gcc/arm-none-eabi/12.3.1/thumb/v6-m/nofp/crtbegin.o
 .text          0x08000108      0x114 C:/STM32CubeIDE_1.14.0/STM32CubeIDE/plugins/com.st.stm32cube.ide.mcu.externaltools.gnu-tools-for-stm32.12.3.rel1.win32_1.0.200.202406191623/tools/bin/../lib/gcc/arm-none-eabi/12.3.1/thumb/v6-m/nofp\libgcc.a(_udivsi3.o)
                0x08000108                __aeabi_uidiv
                0x08000108                __udivsi3
                0x08000214                __aeabi_uidivmod
 .text          0x0800021c      0x1d4 C:/STM32CubeIDE_1.14.0/STM32CubeIDE/plugins/com.st.stm32cube.ide.mcu.externaltools.gnu-tools-for-stm32.12.3.rel1.win32_1.0.200.202406191623/tools/bin/../lib/gcc/arm-none-eabi/12.3.1/thumb/v6-m/nofp\libgcc.a(_divsi3.o)
                0x0800021c                __divsi3
                0x0800021c                __aeabi_idiv
                0x080003e8                __aeabi_idivmod
 .text          0x080003f0        0x4 C:/STM32CubeIDE_1.14.0/STM32CubeIDE/plugins/com.st.stm32cube.ide.mcu.externaltools.gnu-tools-for-stm32.12.3.rel1.win32_1.0.200.202406191623/tools/bin/../lib/gcc/arm-none-eabi/12.3.1/thumb/v6-m/nofp\libgcc.a(_dvmd_tls.o)
                0x080003f0                __aeabi_idiv0
                0x080003f0                __aeabi_ldiv0
 .text          0x080003f4       0x7c C:/STM32CubeIDE_1.14.0/STM32CubeIDE/plugins/com.st.stm32cube.ide.mcu.externaltools.gnu-tools-for-stm32.12.3.rel1.win32_1.0.200.202406191623/tools/bin/../lib/gcc/arm-none-eabi/12.3.1/thumb/v6-m/nofp\libgcc.a(_arm_cmpdf2.o)
                0x080003f4                __aeabi_cdrcmple
                0x08000404                __aeabi_cdcmple
                0x08000404                __aeabi_cdcmpeq
                0x08000414                __aeabi_dcmpeq
                0x08000420                __aeabi_dcmplt
                0x08000434                __aeabi_dcmple
                0x08000448                __aeabi_dcmpgt
                0x0800045c                __aeabi_dcmpge
 .text          0x08000470       0x74 C:/STM32CubeIDE_1.14.0/STM32CubeIDE/plugins/com.st.stm32cube.ide.mcu.externaltools.gnu-tools-for-stm32.12.3.rel1.win32_1.0.200.202406191623/tools/bin/../lib/gcc/arm-none-eabi/12.3.1/thumb/v6-m/nofp\libgcc.a(_arm_cmpsf2.o)
                0x08000470                __aeabi_cfrcmple
                0x08000478                __aeabi_cfcmpeq
                0x08000478                __aeabi_cfcmple
                0x08000488                __aeabi_fcmpeq
                0x08000494                __aeabi_fcmplt
                0x080004a8                __aeabi_fcmple
                0x080004bc                __aeabi_fcmpgt
                0x080004d0                __aeabi_fcmpge
 .text          0x080004e4       0x30 C:/STM32CubeIDE_1.14.0/STM32CubeIDE/plugins/com.st.stm32cube.ide.mcu.externaltools.gnu-tools-for-stm32.12.3.rel1.win32_1.0.200.202406191623/tools/bin/../lib/gcc/arm-none-eabi/12.3.1/thumb/v6-m/nofp\libgcc.a(_fixunssfsi.o)
                0x080004e4                __fixunssfsi
                0x080004e4                __aeabi_f2uiz
 .text          0x08000514       0x50 C:/STM32CubeIDE_1.14.0/STM32CubeIDE/plugins/com.st.stm32cube.ide.mcu.externaltools.gnu-tools-for-stm32.12.3.rel1.win32_1.0.200.202406191623/tools/bin/../lib/gcc/arm-none-eabi/12.3.1/thumb/v6-m/nofp\libgcc.a(eqsf2.o)
                0x08000514                __eqsf2
                0x08000514                __nesf2
 .text          0x08000564       0xa0 C:/STM32CubeIDE_1.14.0/STM32CubeIDE/plugins/com.st.stm32cube.ide.mcu.externaltools.gnu-tools-for-stm32.12.3.rel1.win32_1.0.200.202406191623/tools/bin/../lib/gcc/arm-none-eabi/12.3.1/thumb/v6-m/nofp\libgcc.a(gesf2.o)
                0x08000564                __gesf2
                0x08000564                __gtsf2
 .text          0x08000604       0x9c C:/STM32CubeIDE_1.14.0/STM32CubeIDE/plugins/com.st.stm32cube.ide.mcu.externaltools.gnu-tools-for-stm32.12.3.rel1.win32_1.0.200.202406191623/tools/bin/../lib/gcc/arm-none-eabi/12.3.1/thumb/v6-m/nofp\libgcc.a(lesf2.o)
                0x08000604                __ltsf2
                0x08000604                __lesf2
 .text          0x080006a0      0x27c C:/STM32CubeIDE_1.14.0/STM32CubeIDE/plugins/com.st.stm32cube.ide.mcu.externaltools.gnu-tools-for-stm32.12.3.rel1.win32_1.0.200.202406191623/tools/bin/../lib/gcc/arm-none-eabi/12.3.1/thumb/v6-m/nofp\libgcc.a(mulsf3.o)
                0x080006a0                __aeabi_fmul
 .text          0x0800091c      0x348 C:/STM32CubeIDE_1.14.0/STM32CubeIDE/plugins/com.st.stm32cube.ide.mcu.externaltools.gnu-tools-for-stm32.12.3.rel1.win32_1.0.200.202406191623/tools/bin/../lib/gcc/arm-none-eabi/12.3.1/thumb/v6-m/nofp\libgcc.a(subsf3.o)
                0x0800091c                __aeabi_fsub
 .text          0x08000c64       0x40 C:/STM32CubeIDE_1.14.0/STM32CubeIDE/plugins/com.st.stm32cube.ide.mcu.externaltools.gnu-tools-for-stm32.12.3.rel1.win32_1.0.200.202406191623/tools/bin/../lib/gcc/arm-none-eabi/12.3.1/thumb/v6-m/nofp\libgcc.a(fixsfsi.o)
                0x08000c64                __aeabi_f2iz
 .text          0x08000ca4       0x88 C:/STM32CubeIDE_1.14.0/STM32CubeIDE/plugins/com.st.stm32cube.ide.mcu.externaltools.gnu-tools-for-stm32.12.3.rel1.win32_1.0.200.202406191623/tools/bin/../lib/gcc/arm-none-eabi/12.3.1/thumb/v6-m/nofp\libgcc.a(eqdf2.o)
                0x08000ca4                __nedf2
                0x08000ca4                __eqdf2
 .text          0x08000d2c       0xe8 C:/STM32CubeIDE_1.14.0/STM32CubeIDE/plugins/com.st.stm32cube.ide.mcu.externaltools.gnu-tools-for-stm32.12.3.rel1.win32_1.0.200.202406191623/tools/bin/../lib/gcc/arm-none-eabi/12.3.1/thumb/v6-m/nofp\libgcc.a(gedf2.o)
                0x08000d2c                __gedf2
                0x08000d2c                __gtdf2
 .text          0x08000e14       0xe4 C:/STM32CubeIDE_1.14.0/STM32CubeIDE/plugins/com.st.stm32cube.ide.mcu.externaltools.gnu-tools-for-stm32.12.3.rel1.win32_1.0.200.202406191623/tools/bin/../lib/gcc/arm-none-eabi/12.3.1/thumb/v6-m/nofp\libgcc.a(ledf2.o)
                0x08000e14                __ledf2
                0x08000e14                __ltdf2
 .text          0x08000ef8       0x90 C:/STM32CubeIDE_1.14.0/STM32CubeIDE/plugins/com.st.stm32cube.ide.mcu.externaltools.gnu-tools-for-stm32.12.3.rel1.win32_1.0.200.202406191623/tools/bin/../lib/gcc/arm-none-eabi/12.3.1/thumb/v6-m/nofp\libgcc.a(extendsfdf2.o)
                0x08000ef8                __aeabi_f2d
 .text          0x08000f88       0x3c C:/STM32CubeIDE_1.14.0/STM32CubeIDE/plugins/com.st.stm32cube.ide.mcu.externaltools.gnu-tools-for-stm32.12.3.rel1.win32_1.0.200.202406191623/tools/bin/../lib/gcc/arm-none-eabi/12.3.1/thumb/v6-m/nofp\libgcc.a(_clzsi2.o)
                0x08000f88                __clzsi2
 *(.text*)
 .text.adc_reset
                0x08000fc4      0x118 ./Core/Src/main.o
                0x08000fc4                adc_reset
 .text.HAL_ADC_ErrorCallback
                0x080010dc       0x1c ./Core/Src/main.o
                0x080010dc                HAL_ADC_ErrorCallback
 .text.main     0x080010f8      0x728 ./Core/Src/main.o
                0x080010f8                main
 .text.SystemClock_Config
                0x08001820       0x7a ./Core/Src/main.o
                0x08001820                SystemClock_Config
 *fill*         0x0800189a        0x2 
 .text.MX_ADC1_Init
                0x0800189c      0x118 ./Core/Src/main.o
 .text.MX_I2C1_Init
                0x080019b4       0x80 ./Core/Src/main.o
 .text.MX_USART1_UART_Init
                0x08001a34       0xa0 ./Core/Src/main.o
 .text.MX_DMA_Init
                0x08001ad4       0x5c ./Core/Src/main.o
 .text.MX_GPIO_Init
                0x08001b30      0x148 ./Core/Src/main.o
 .text.Error_Handler
                0x08001c78        0xc ./Core/Src/main.o
                0x08001c78                Error_Handler
 .text.HAL_UARTEx_RxEventCallback
                0x08001c84       0xb8 ./Core/Src/modbus.o
                0x08001c84                HAL_UARTEx_RxEventCallback
 .text.HAL_UART_TxCpltCallback
                0x08001d3c       0x1c ./Core/Src/modbus.o
                0x08001d3c                HAL_UART_TxCpltCallback
 .text.HAL_UART_ErrorCallback
                0x08001d58       0x30 ./Core/Src/modbus.o
                0x08001d58                HAL_UART_ErrorCallback
 .text.modbus_rx
                0x08001d88       0x24 ./Core/Src/modbus.o
                0x08001d88                modbus_rx
 .text.return_holding_registers
                0x08001dac      0x158 ./Core/Src/modbus.o
                0x08001dac                return_holding_registers
 .text.edit_multiple_registers
                0x08001f04      0x208 ./Core/Src/modbus.o
                0x08001f04                edit_multiple_registers
 .text.modbus_exception
                0x0800210c       0x50 ./Core/Src/modbus.o
                0x0800210c                modbus_exception
 .text.handle_range
                0x0800215c      0x1bc ./Core/Src/modbus.o
                0x0800215c                handle_range
 .text.modbus_send
                0x08002318       0xac ./Core/Src/modbus.o
                0x08002318                modbus_send
 .text.modbus_reset
                0x080023c4      0x100 ./Core/Src/modbus.o
                0x080023c4                modbus_reset
 .text.modbus_set_rx
                0x080024c4       0x48 ./Core/Src/modbus.o
                0x080024c4                modbus_set_rx
 .text.monitor_modbus
                0x0800250c       0xd0 ./Core/Src/modbus.o
                0x0800250c                monitor_modbus
 .text.modbus_change_baud_rate
                0x080025dc      0x118 ./Core/Src/modbus.o
                0x080025dc                modbus_change_baud_rate
 .text.get_rx_buffer
                0x080026f4       0x20 ./Core/Src/modbus.o
                0x080026f4                get_rx_buffer
 .text.handle_modbus_error
                0x08002714       0x3c ./Core/Src/modbus.o
                0x08002714                handle_modbus_error
 .text.crc_16   0x08002750       0x8c ./Core/Src/modbus.o
                0x08002750                crc_16
 .text.handle_chunk_miss
                0x080027dc       0x68 ./Core/Src/modbus.o
                0x080027dc                handle_chunk_miss
 .text.HAL_MspInit
                0x08002844       0x48 ./Core/Src/stm32c0xx_hal_msp.o
                0x08002844                HAL_MspInit
 .text.HAL_ADC_MspInit
                0x0800288c      0x114 ./Core/Src/stm32c0xx_hal_msp.o
                0x0800288c                HAL_ADC_MspInit
 .text.HAL_ADC_MspDeInit
                0x080029a0       0x48 ./Core/Src/stm32c0xx_hal_msp.o
                0x080029a0                HAL_ADC_MspDeInit
 .text.HAL_I2C_MspInit
                0x080029e8      0x17c ./Core/Src/stm32c0xx_hal_msp.o
                0x080029e8                HAL_I2C_MspInit
 .text.HAL_I2C_MspDeInit
                0x08002b64       0x68 ./Core/Src/stm32c0xx_hal_msp.o
                0x08002b64                HAL_I2C_MspDeInit
 .text.HAL_UART_MspInit
                0x08002bcc      0x220 ./Core/Src/stm32c0xx_hal_msp.o
                0x08002bcc                HAL_UART_MspInit
 .text.HAL_UART_MspDeInit
                0x08002dec       0x80 ./Core/Src/stm32c0xx_hal_msp.o
                0x08002dec                HAL_UART_MspDeInit
 .text.__NVIC_SystemReset
                0x08002e6c       0x24 ./Core/Src/stm32c0xx_it.o
 .text.NMI_Handler
                0x08002e90        0x8 ./Core/Src/stm32c0xx_it.o
                0x08002e90                NMI_Handler
 .text.HardFault_Handler
                0x08002e98        0x8 ./Core/Src/stm32c0xx_it.o
                0x08002e98                HardFault_Handler
 .text.SVC_Handler
                0x08002ea0        0xa ./Core/Src/stm32c0xx_it.o
                0x08002ea0                SVC_Handler
 .text.PendSV_Handler
                0x08002eaa        0xa ./Core/Src/stm32c0xx_it.o
                0x08002eaa                PendSV_Handler
 .text.SysTick_Handler
                0x08002eb4        0xe ./Core/Src/stm32c0xx_it.o
                0x08002eb4                SysTick_Handler
 *fill*         0x08002ec2        0x2 
 .text.DMA1_Channel1_IRQHandler
                0x08002ec4       0x18 ./Core/Src/stm32c0xx_it.o
                0x08002ec4                DMA1_Channel1_IRQHandler
 .text.DMA1_Channel2_3_IRQHandler
                0x08002edc       0x24 ./Core/Src/stm32c0xx_it.o
                0x08002edc                DMA1_Channel2_3_IRQHandler
 .text.DMAMUX1_DMA1_CH4_5_IRQHandler
                0x08002f00       0x24 ./Core/Src/stm32c0xx_it.o
                0x08002f00                DMAMUX1_DMA1_CH4_5_IRQHandler
 .text.USART1_IRQHandler
                0x08002f24       0x18 ./Core/Src/stm32c0xx_it.o
                0x08002f24                USART1_IRQHandler
 .text.SystemInit
                0x08002f3c       0x18 ./Core/Src/system_stm32c0xx.o
                0x08002f3c                SystemInit
 .text.writeReg
                0x08002f54       0x5c ./Core/Src/vl53l0x.o
                0x08002f54                writeReg
 .text.writeReg16Bit
                0x08002fb0       0x5c ./Core/Src/vl53l0x.o
                0x08002fb0                writeReg16Bit
 .text.readReg  0x0800300c       0x68 ./Core/Src/vl53l0x.o
                0x0800300c                readReg
 .text.readReg16Bit
                0x08003074       0x6c ./Core/Src/vl53l0x.o
                0x08003074                readReg16Bit
 .text.writeMulti
                0x080030e0       0x6c ./Core/Src/vl53l0x.o
                0x080030e0                writeMulti
 .text.readMulti
                0x0800314c       0x60 ./Core/Src/vl53l0x.o
                0x0800314c                readMulti
 .text.vl53l0x_init
                0x080031ac     0x11c4 ./Core/Src/vl53l0x.o
                0x080031ac                vl53l0x_init
 .text.vl53l0x_set_signal_rate_limit
                0x08004370       0x5c ./Core/Src/vl53l0x.o
                0x08004370                vl53l0x_set_signal_rate_limit
 .text.vl53l0x_set_measurement_timing_budget
                0x080043cc      0x1f0 ./Core/Src/vl53l0x.o
                0x080043cc                vl53l0x_set_measurement_timing_budget
 .text.vl53l0x_set_vcsel_pulse_period
                0x080045bc      0x724 ./Core/Src/vl53l0x.o
                0x080045bc                vl53l0x_set_vcsel_pulse_period
 .text.vl53l0x_get_vcsel_pulse_period
                0x08004ce0       0xb4 ./Core/Src/vl53l0x.o
                0x08004ce0                vl53l0x_get_vcsel_pulse_period
 .text.vl53l0x_read_range_continuous
                0x08004d94      0x178 ./Core/Src/vl53l0x.o
                0x08004d94                vl53l0x_read_range_continuous
 .text.vl53l0x_read_range_single
                0x08004f0c      0x1d0 ./Core/Src/vl53l0x.o
                0x08004f0c                vl53l0x_read_range_single
 .text.vl53l0x_get_spad_info
                0x080050dc      0x3b8 ./Core/Src/vl53l0x.o
                0x080050dc                vl53l0x_get_spad_info
 .text.vl53l0x_get_sequence_step_enables
                0x08005494       0xa0 ./Core/Src/vl53l0x.o
                0x08005494                vl53l0x_get_sequence_step_enables
 .text.vl53l0x_get_sequence_step_timeouts
                0x08005534      0x19a ./Core/Src/vl53l0x.o
                0x08005534                vl53l0x_get_sequence_step_timeouts
 .text.vl53l0x_decode_timeout
                0x080056ce       0x2c ./Core/Src/vl53l0x.o
 .text.vl53l0x_encode_timeout
                0x080056fa       0x66 ./Core/Src/vl53l0x.o
 .text.vl53l0x_timeout_mclks_to_us
                0x08005760       0x5e ./Core/Src/vl53l0x.o
 .text.vl53l0x_timeout_us_to_mclks
                0x080057be       0x60 ./Core/Src/vl53l0x.o
 *fill*         0x0800581e        0x2 
 .text.vl53l0x_single_reference_calibration
                0x08005820       0xe4 ./Core/Src/vl53l0x.o
                0x08005820                vl53l0x_single_reference_calibration
 .text.handle_i2c_error
                0x08005904       0x74 ./Core/Src/vl53l0x.o
                0x08005904                handle_i2c_error
 .text.i2c_reset
                0x08005978       0x9c ./Core/Src/vl53l0x.o
                0x08005978                i2c_reset
 .text.Reset_Handler
                0x08005a14       0x50 ./Core/Startup/startup_stm32c071cbtx.o
                0x08005a14                Reset_Handler
 .text.Default_Handler
                0x08005a64        0x2 ./Core/Startup/startup_stm32c071cbtx.o
                0x08005a64                TIM1_CC_IRQHandler
                0x08005a64                USB_DRD_FS_IRQHandler
                0x08005a64                I2C1_IRQHandler
                0x08005a64                RCC_CRS_IRQHandler
                0x08005a64                SPI1_IRQHandler
                0x08005a64                EXTI2_3_IRQHandler
                0x08005a64                ADC1_IRQHandler
                0x08005a64                I2C2_IRQHandler
                0x08005a64                TIM17_IRQHandler
                0x08005a64                RTC_IRQHandler
                0x08005a64                PVD_VDDIO2_IRQHandler
                0x08005a64                TIM16_IRQHandler
                0x08005a64                TIM3_IRQHandler
                0x08005a64                EXTI4_15_IRQHandler
                0x08005a64                Default_Handler
                0x08005a64                TIM14_IRQHandler
                0x08005a64                EXTI0_1_IRQHandler
                0x08005a64                SPI2_IRQHandler
                0x08005a64                WWDG_IRQHandler
                0x08005a64                TIM2_IRQHandler
                0x08005a64                USART2_IRQHandler
                0x08005a64                FLASH_IRQHandler
                0x08005a64                TIM1_BRK_UP_TRG_COM_IRQHandler
 .text.HAL_Init
                0x08005a66       0x2e ./Drivers/STM32C0xx_HAL_Driver/Src/stm32c0xx_hal.o
                0x08005a66                HAL_Init
 .text.HAL_InitTick
                0x08005a94       0x94 ./Drivers/STM32C0xx_HAL_Driver/Src/stm32c0xx_hal.o
                0x08005a94                HAL_InitTick
 .text.HAL_IncTick
                0x08005b28       0x24 ./Drivers/STM32C0xx_HAL_Driver/Src/stm32c0xx_hal.o
                0x08005b28                HAL_IncTick
 .text.HAL_GetTick
                0x08005b4c       0x14 ./Drivers/STM32C0xx_HAL_Driver/Src/stm32c0xx_hal.o
                0x08005b4c                HAL_GetTick
 .text.HAL_Delay
                0x08005b60       0x48 ./Drivers/STM32C0xx_HAL_Driver/Src/stm32c0xx_hal.o
                0x08005b60                HAL_Delay
 .text.LL_ADC_SetCommonPathInternalCh
                0x08005ba8       0x28 ./Drivers/STM32C0xx_HAL_Driver/Src/stm32c0xx_hal_adc.o
 .text.LL_ADC_GetCommonPathInternalCh
                0x08005bd0       0x1a ./Drivers/STM32C0xx_HAL_Driver/Src/stm32c0xx_hal_adc.o
 .text.LL_ADC_SetSamplingTimeCommonChannels
                0x08005bea       0x3a ./Drivers/STM32C0xx_HAL_Driver/Src/stm32c0xx_hal_adc.o
 .text.LL_ADC_GetSamplingTimeCommonChannels
                0x08005c24       0x2e ./Drivers/STM32C0xx_HAL_Driver/Src/stm32c0xx_hal_adc.o
 .text.LL_ADC_REG_IsTriggerSourceSWStart
                0x08005c52       0x22 ./Drivers/STM32C0xx_HAL_Driver/Src/stm32c0xx_hal_adc.o
 .text.LL_ADC_REG_SetSequencerRanks
                0x08005c74       0x40 ./Drivers/STM32C0xx_HAL_Driver/Src/stm32c0xx_hal_adc.o
 .text.LL_ADC_REG_SetSequencerChAdd
                0x08005cb4       0x22 ./Drivers/STM32C0xx_HAL_Driver/Src/stm32c0xx_hal_adc.o
 .text.LL_ADC_REG_SetSequencerChRem
                0x08005cd6       0x24 ./Drivers/STM32C0xx_HAL_Driver/Src/stm32c0xx_hal_adc.o
 *fill*         0x08005cfa        0x2 
 .text.LL_ADC_SetChannelSamplingTime
                0x08005cfc       0x38 ./Drivers/STM32C0xx_HAL_Driver/Src/stm32c0xx_hal_adc.o
 .text.LL_ADC_EnableInternalRegulator
                0x08005d34       0x28 ./Drivers/STM32C0xx_HAL_Driver/Src/stm32c0xx_hal_adc.o
 .text.LL_ADC_DisableInternalRegulator
                0x08005d5c       0x20 ./Drivers/STM32C0xx_HAL_Driver/Src/stm32c0xx_hal_adc.o
 .text.LL_ADC_IsInternalRegulatorEnabled
                0x08005d7c       0x28 ./Drivers/STM32C0xx_HAL_Driver/Src/stm32c0xx_hal_adc.o
 .text.LL_ADC_Enable
                0x08005da4       0x24 ./Drivers/STM32C0xx_HAL_Driver/Src/stm32c0xx_hal_adc.o
 .text.LL_ADC_Disable
                0x08005dc8       0x24 ./Drivers/STM32C0xx_HAL_Driver/Src/stm32c0xx_hal_adc.o
 .text.LL_ADC_IsEnabled
                0x08005dec       0x22 ./Drivers/STM32C0xx_HAL_Driver/Src/stm32c0xx_hal_adc.o
 .text.LL_ADC_IsDisableOngoing
                0x08005e0e       0x22 ./Drivers/STM32C0xx_HAL_Driver/Src/stm32c0xx_hal_adc.o
 .text.LL_ADC_REG_StartConversion
                0x08005e30       0x24 ./Drivers/STM32C0xx_HAL_Driver/Src/stm32c0xx_hal_adc.o
 .text.LL_ADC_REG_StopConversion
                0x08005e54       0x24 ./Drivers/STM32C0xx_HAL_Driver/Src/stm32c0xx_hal_adc.o
 .text.LL_ADC_REG_IsConversionOngoing
                0x08005e78       0x22 ./Drivers/STM32C0xx_HAL_Driver/Src/stm32c0xx_hal_adc.o
 *fill*         0x08005e9a        0x2 
 .text.HAL_ADC_Init
                0x08005e9c      0x34c ./Drivers/STM32C0xx_HAL_Driver/Src/stm32c0xx_hal_adc.o
                0x08005e9c                HAL_ADC_Init
 .text.HAL_ADC_DeInit
                0x080061e8      0x138 ./Drivers/STM32C0xx_HAL_Driver/Src/stm32c0xx_hal_adc.o
                0x080061e8                HAL_ADC_DeInit
 .text.HAL_ADC_Start_DMA
                0x08006320      0x11c ./Drivers/STM32C0xx_HAL_Driver/Src/stm32c0xx_hal_adc.o
                0x08006320                HAL_ADC_Start_DMA
 .text.HAL_ADC_Stop_DMA
                0x0800643c       0xe4 ./Drivers/STM32C0xx_HAL_Driver/Src/stm32c0xx_hal_adc.o
                0x0800643c                HAL_ADC_Stop_DMA
 .text.HAL_ADC_ConvCpltCallback
                0x08006520       0x10 ./Drivers/STM32C0xx_HAL_Driver/Src/stm32c0xx_hal_adc.o
                0x08006520                HAL_ADC_ConvCpltCallback
 .text.HAL_ADC_ConvHalfCpltCallback
                0x08006530       0x10 ./Drivers/STM32C0xx_HAL_Driver/Src/stm32c0xx_hal_adc.o
                0x08006530                HAL_ADC_ConvHalfCpltCallback
 .text.HAL_ADC_ConfigChannel
                0x08006540      0x3ac ./Drivers/STM32C0xx_HAL_Driver/Src/stm32c0xx_hal_adc.o
                0x08006540                HAL_ADC_ConfigChannel
 .text.ADC_ConversionStop
                0x080068ec       0x78 ./Drivers/STM32C0xx_HAL_Driver/Src/stm32c0xx_hal_adc.o
                0x080068ec                ADC_ConversionStop
 .text.ADC_Enable
                0x08006964       0xfc ./Drivers/STM32C0xx_HAL_Driver/Src/stm32c0xx_hal_adc.o
                0x08006964                ADC_Enable
 .text.ADC_Disable
                0x08006a60       0xb0 ./Drivers/STM32C0xx_HAL_Driver/Src/stm32c0xx_hal_adc.o
                0x08006a60                ADC_Disable
 .text.ADC_DMAConvCplt
                0x08006b10       0xc8 ./Drivers/STM32C0xx_HAL_Driver/Src/stm32c0xx_hal_adc.o
 .text.ADC_DMAHalfConvCplt
                0x08006bd8       0x1e ./Drivers/STM32C0xx_HAL_Driver/Src/stm32c0xx_hal_adc.o
 .text.ADC_DMAError
                0x08006bf6       0x36 ./Drivers/STM32C0xx_HAL_Driver/Src/stm32c0xx_hal_adc.o
 .text.__NVIC_EnableIRQ
                0x08006c2c       0x34 ./Drivers/STM32C0xx_HAL_Driver/Src/stm32c0xx_hal_cortex.o
 .text.__NVIC_DisableIRQ
                0x08006c60       0x44 ./Drivers/STM32C0xx_HAL_Driver/Src/stm32c0xx_hal_cortex.o
 .text.__NVIC_SetPriority
                0x08006ca4       0xdc ./Drivers/STM32C0xx_HAL_Driver/Src/stm32c0xx_hal_cortex.o
 .text.SysTick_Config
                0x08006d80       0x48 ./Drivers/STM32C0xx_HAL_Driver/Src/stm32c0xx_hal_cortex.o
 .text.HAL_NVIC_SetPriority
                0x08006dc8       0x2a ./Drivers/STM32C0xx_HAL_Driver/Src/stm32c0xx_hal_cortex.o
                0x08006dc8                HAL_NVIC_SetPriority
 .text.HAL_NVIC_EnableIRQ
                0x08006df2       0x20 ./Drivers/STM32C0xx_HAL_Driver/Src/stm32c0xx_hal_cortex.o
                0x08006df2                HAL_NVIC_EnableIRQ
 .text.HAL_NVIC_DisableIRQ
                0x08006e12       0x20 ./Drivers/STM32C0xx_HAL_Driver/Src/stm32c0xx_hal_cortex.o
                0x08006e12                HAL_NVIC_DisableIRQ
 .text.HAL_SYSTICK_Config
                0x08006e32       0x1a ./Drivers/STM32C0xx_HAL_Driver/Src/stm32c0xx_hal_cortex.o
                0x08006e32                HAL_SYSTICK_Config
 .text.HAL_DMA_Init
                0x08006e4c      0x114 ./Drivers/STM32C0xx_HAL_Driver/Src/stm32c0xx_hal_dma.o
                0x08006e4c                HAL_DMA_Init
 .text.HAL_DMA_DeInit
                0x08006f60       0xf0 ./Drivers/STM32C0xx_HAL_Driver/Src/stm32c0xx_hal_dma.o
                0x08006f60                HAL_DMA_DeInit
 .text.HAL_DMA_Start_IT
                0x08007050      0x10e ./Drivers/STM32C0xx_HAL_Driver/Src/stm32c0xx_hal_dma.o
                0x08007050                HAL_DMA_Start_IT
 *fill*         0x0800715e        0x2 
 .text.HAL_DMA_Abort
                0x08007160       0xc4 ./Drivers/STM32C0xx_HAL_Driver/Src/stm32c0xx_hal_dma.o
                0x08007160                HAL_DMA_Abort
 .text.HAL_DMA_Abort_IT
                0x08007224       0xf4 ./Drivers/STM32C0xx_HAL_Driver/Src/stm32c0xx_hal_dma.o
                0x08007224                HAL_DMA_Abort_IT
 .text.HAL_DMA_IRQHandler
                0x08007318      0x164 ./Drivers/STM32C0xx_HAL_Driver/Src/stm32c0xx_hal_dma.o
                0x08007318                HAL_DMA_IRQHandler
 .text.HAL_DMA_GetError
                0x0800747c       0x14 ./Drivers/STM32C0xx_HAL_Driver/Src/stm32c0xx_hal_dma.o
                0x0800747c                HAL_DMA_GetError
 .text.DMA_SetConfig
                0x08007490       0x80 ./Drivers/STM32C0xx_HAL_Driver/Src/stm32c0xx_hal_dma.o
 .text.DMA_CalcDMAMUXChannelBaseAndMask
                0x08007510       0x58 ./Drivers/STM32C0xx_HAL_Driver/Src/stm32c0xx_hal_dma.o
 .text.DMA_CalcDMAMUXRequestGenBaseAndMask
                0x08007568       0x48 ./Drivers/STM32C0xx_HAL_Driver/Src/stm32c0xx_hal_dma.o
 .text.HAL_GPIO_Init
                0x080075b0      0x2e4 ./Drivers/STM32C0xx_HAL_Driver/Src/stm32c0xx_hal_gpio.o
                0x080075b0                HAL_GPIO_Init
 .text.HAL_GPIO_DeInit
                0x08007894      0x1b0 ./Drivers/STM32C0xx_HAL_Driver/Src/stm32c0xx_hal_gpio.o
                0x08007894                HAL_GPIO_DeInit
 .text.HAL_GPIO_ReadPin
                0x08007a44       0x3a ./Drivers/STM32C0xx_HAL_Driver/Src/stm32c0xx_hal_gpio.o
                0x08007a44                HAL_GPIO_ReadPin
 .text.HAL_GPIO_WritePin
                0x08007a7e       0x3a ./Drivers/STM32C0xx_HAL_Driver/Src/stm32c0xx_hal_gpio.o
                0x08007a7e                HAL_GPIO_WritePin
 .text.HAL_I2C_Init
                0x08007ab8      0x14c ./Drivers/STM32C0xx_HAL_Driver/Src/stm32c0xx_hal_i2c.o
                0x08007ab8                HAL_I2C_Init
 .text.HAL_I2C_DeInit
                0x08007c04       0x60 ./Drivers/STM32C0xx_HAL_Driver/Src/stm32c0xx_hal_i2c.o
                0x08007c04                HAL_I2C_DeInit
 .text.HAL_I2C_Mem_Write
                0x08007c64      0x25c ./Drivers/STM32C0xx_HAL_Driver/Src/stm32c0xx_hal_i2c.o
                0x08007c64                HAL_I2C_Mem_Write
 .text.HAL_I2C_Mem_Read
                0x08007ec0      0x268 ./Drivers/STM32C0xx_HAL_Driver/Src/stm32c0xx_hal_i2c.o
                0x08007ec0                HAL_I2C_Mem_Read
 .text.I2C_RequestMemoryWrite
                0x08008128       0xc8 ./Drivers/STM32C0xx_HAL_Driver/Src/stm32c0xx_hal_i2c.o
 .text.I2C_RequestMemoryRead
                0x080081f0       0xc4 ./Drivers/STM32C0xx_HAL_Driver/Src/stm32c0xx_hal_i2c.o
 .text.I2C_Flush_TXDR
                0x080082b4       0x44 ./Drivers/STM32C0xx_HAL_Driver/Src/stm32c0xx_hal_i2c.o
 .text.I2C_WaitOnFlagUntilTimeout
                0x080082f8       0xb0 ./Drivers/STM32C0xx_HAL_Driver/Src/stm32c0xx_hal_i2c.o
 .text.I2C_WaitOnTXISFlagUntilTimeout
                0x080083a8       0x8c ./Drivers/STM32C0xx_HAL_Driver/Src/stm32c0xx_hal_i2c.o
 .text.I2C_WaitOnSTOPFlagUntilTimeout
                0x08008434       0x86 ./Drivers/STM32C0xx_HAL_Driver/Src/stm32c0xx_hal_i2c.o
 *fill*         0x080084ba        0x2 
 .text.I2C_IsErrorOccurred
                0x080084bc      0x1f0 ./Drivers/STM32C0xx_HAL_Driver/Src/stm32c0xx_hal_i2c.o
 .text.I2C_TransferConfig
                0x080086ac       0x74 ./Drivers/STM32C0xx_HAL_Driver/Src/stm32c0xx_hal_i2c.o
 .text.HAL_I2CEx_ConfigAnalogFilter
                0x08008720       0x98 ./Drivers/STM32C0xx_HAL_Driver/Src/stm32c0xx_hal_i2c_ex.o
                0x08008720                HAL_I2CEx_ConfigAnalogFilter
 .text.HAL_I2CEx_ConfigDigitalFilter
                0x080087b8       0x98 ./Drivers/STM32C0xx_HAL_Driver/Src/stm32c0xx_hal_i2c_ex.o
                0x080087b8                HAL_I2CEx_ConfigDigitalFilter
 .text.HAL_RCC_OscConfig
                0x08008850      0x44c ./Drivers/STM32C0xx_HAL_Driver/Src/stm32c0xx_hal_rcc.o
                0x08008850                HAL_RCC_OscConfig
 .text.HAL_RCC_ClockConfig
                0x08008c9c      0x230 ./Drivers/STM32C0xx_HAL_Driver/Src/stm32c0xx_hal_rcc.o
                0x08008c9c                HAL_RCC_ClockConfig
 .text.HAL_RCC_GetSysClockFreq
                0x08008ecc       0xb0 ./Drivers/STM32C0xx_HAL_Driver/Src/stm32c0xx_hal_rcc.o
                0x08008ecc                HAL_RCC_GetSysClockFreq
 .text.HAL_RCC_GetHCLKFreq
                0x08008f7c       0x3c ./Drivers/STM32C0xx_HAL_Driver/Src/stm32c0xx_hal_rcc.o
                0x08008f7c                HAL_RCC_GetHCLKFreq
 .text.HAL_RCC_GetPCLK1Freq
                0x08008fb8       0x30 ./Drivers/STM32C0xx_HAL_Driver/Src/stm32c0xx_hal_rcc.o
                0x08008fb8                HAL_RCC_GetPCLK1Freq
 .text.HAL_RCCEx_PeriphCLKConfig
                0x08008fe8      0x1f8 ./Drivers/STM32C0xx_HAL_Driver/Src/stm32c0xx_hal_rcc_ex.o
                0x08008fe8                HAL_RCCEx_PeriphCLKConfig
 .text.HAL_UART_DeInit
                0x080091e0       0x80 ./Drivers/STM32C0xx_HAL_Driver/Src/stm32c0xx_hal_uart.o
                0x080091e0                HAL_UART_DeInit
 .text.HAL_UART_Transmit_DMA
                0x08009260      0x124 ./Drivers/STM32C0xx_HAL_Driver/Src/stm32c0xx_hal_uart.o
                0x08009260                HAL_UART_Transmit_DMA
 .text.HAL_UART_Abort
                0x08009384      0x218 ./Drivers/STM32C0xx_HAL_Driver/Src/stm32c0xx_hal_uart.o
                0x08009384                HAL_UART_Abort
 .text.HAL_UART_IRQHandler
                0x0800959c      0x68c ./Drivers/STM32C0xx_HAL_Driver/Src/stm32c0xx_hal_uart.o
                0x0800959c                HAL_UART_IRQHandler
 .text.HAL_UART_TxHalfCpltCallback
                0x08009c28       0x10 ./Drivers/STM32C0xx_HAL_Driver/Src/stm32c0xx_hal_uart.o
                0x08009c28                HAL_UART_TxHalfCpltCallback
 .text.HAL_UART_RxCpltCallback
                0x08009c38       0x10 ./Drivers/STM32C0xx_HAL_Driver/Src/stm32c0xx_hal_uart.o
                0x08009c38                HAL_UART_RxCpltCallback
 .text.HAL_UART_RxHalfCpltCallback
                0x08009c48       0x10 ./Drivers/STM32C0xx_HAL_Driver/Src/stm32c0xx_hal_uart.o
                0x08009c48                HAL_UART_RxHalfCpltCallback
 .text.UART_SetConfig
                0x08009c58      0x2fc ./Drivers/STM32C0xx_HAL_Driver/Src/stm32c0xx_hal_uart.o
                0x08009c58                UART_SetConfig
 .text.UART_AdvFeatureConfig
                0x08009f54      0x168 ./Drivers/STM32C0xx_HAL_Driver/Src/stm32c0xx_hal_uart.o
                0x08009f54                UART_AdvFeatureConfig
 .text.UART_CheckIdleState
                0x0800a0bc      0x154 ./Drivers/STM32C0xx_HAL_Driver/Src/stm32c0xx_hal_uart.o
                0x0800a0bc                UART_CheckIdleState
 .text.UART_WaitOnFlagUntilTimeout
                0x0800a210       0xde ./Drivers/STM32C0xx_HAL_Driver/Src/stm32c0xx_hal_uart.o
                0x0800a210                UART_WaitOnFlagUntilTimeout
 *fill*         0x0800a2ee        0x2 
 .text.UART_Start_Receive_DMA
                0x0800a2f0      0x14c ./Drivers/STM32C0xx_HAL_Driver/Src/stm32c0xx_hal_uart.o
                0x0800a2f0                UART_Start_Receive_DMA
 .text.UART_EndTxTransfer
                0x0800a43c       0x80 ./Drivers/STM32C0xx_HAL_Driver/Src/stm32c0xx_hal_uart.o
 .text.UART_EndRxTransfer
                0x0800a4bc       0xcc ./Drivers/STM32C0xx_HAL_Driver/Src/stm32c0xx_hal_uart.o
 .text.UART_DMATransmitCplt
                0x0800a588       0x98 ./Drivers/STM32C0xx_HAL_Driver/Src/stm32c0xx_hal_uart.o
 .text.UART_DMATxHalfCplt
                0x0800a620       0x1e ./Drivers/STM32C0xx_HAL_Driver/Src/stm32c0xx_hal_uart.o
 *fill*         0x0800a63e        0x2 
 .text.UART_DMAReceiveCplt
                0x0800a640      0x130 ./Drivers/STM32C0xx_HAL_Driver/Src/stm32c0xx_hal_uart.o
 .text.UART_DMARxHalfCplt
                0x0800a770       0x42 ./Drivers/STM32C0xx_HAL_Driver/Src/stm32c0xx_hal_uart.o
 .text.UART_DMAError
                0x0800a7b2       0x86 ./Drivers/STM32C0xx_HAL_Driver/Src/stm32c0xx_hal_uart.o
 .text.UART_DMAAbortOnError
                0x0800a838       0x2e ./Drivers/STM32C0xx_HAL_Driver/Src/stm32c0xx_hal_uart.o
 .text.UART_EndTransmit_IT
                0x0800a866       0x58 ./Drivers/STM32C0xx_HAL_Driver/Src/stm32c0xx_hal_uart.o
 *fill*         0x0800a8be        0x2 
 .text.HAL_RS485Ex_Init
                0x0800a8c0       0xe4 ./Drivers/STM32C0xx_HAL_Driver/Src/stm32c0xx_hal_uart_ex.o
                0x0800a8c0                HAL_RS485Ex_Init
 .text.HAL_UARTEx_WakeupCallback
                0x0800a9a4       0x10 ./Drivers/STM32C0xx_HAL_Driver/Src/stm32c0xx_hal_uart_ex.o
                0x0800a9a4                HAL_UARTEx_WakeupCallback
 .text.HAL_UARTEx_RxFifoFullCallback
                0x0800a9b4       0x10 ./Drivers/STM32C0xx_HAL_Driver/Src/stm32c0xx_hal_uart_ex.o
                0x0800a9b4                HAL_UARTEx_RxFifoFullCallback
 .text.HAL_UARTEx_TxFifoEmptyCallback
                0x0800a9c4       0x10 ./Drivers/STM32C0xx_HAL_Driver/Src/stm32c0xx_hal_uart_ex.o
                0x0800a9c4                HAL_UARTEx_TxFifoEmptyCallback
 .text.HAL_UARTEx_DisableFifoMode
                0x0800a9d4       0x74 ./Drivers/STM32C0xx_HAL_Driver/Src/stm32c0xx_hal_uart_ex.o
                0x0800a9d4                HAL_UARTEx_DisableFifoMode
 .text.HAL_UARTEx_SetTxFifoThreshold
                0x0800aa48       0x7e ./Drivers/STM32C0xx_HAL_Driver/Src/stm32c0xx_hal_uart_ex.o
                0x0800aa48                HAL_UARTEx_SetTxFifoThreshold
 *fill*         0x0800aac6        0x2 
 .text.HAL_UARTEx_SetRxFifoThreshold
                0x0800aac8       0x84 ./Drivers/STM32C0xx_HAL_Driver/Src/stm32c0xx_hal_uart_ex.o
                0x0800aac8                HAL_UARTEx_SetRxFifoThreshold
 .text.HAL_UARTEx_ReceiveToIdle_DMA
                0x0800ab4c       0xd0 ./Drivers/STM32C0xx_HAL_Driver/Src/stm32c0xx_hal_uart_ex.o
                0x0800ab4c                HAL_UARTEx_ReceiveToIdle_DMA
 .text.UARTEx_SetNbDataToProcess
                0x0800ac1c       0xbc ./Drivers/STM32C0xx_HAL_Driver/Src/stm32c0xx_hal_uart_ex.o
 .text.memset   0x0800acd8       0x10 C:/STM32CubeIDE_1.14.0/STM32CubeIDE/plugins/com.st.stm32cube.ide.mcu.externaltools.gnu-tools-for-stm32.12.3.rel1.win32_1.0.200.202406191623/tools/bin/../lib/gcc/arm-none-eabi/12.3.1/../../../../arm-none-eabi/lib/thumb/v6-m/nofp\libc_nano.a(libc_a-memset.o)
                0x0800acd8                memset
 .text.__libc_init_array
                0x0800ace8       0x48 C:/STM32CubeIDE_1.14.0/STM32CubeIDE/plugins/com.st.stm32cube.ide.mcu.externaltools.gnu-tools-for-stm32.12.3.rel1.win32_1.0.200.202406191623/tools/bin/../lib/gcc/arm-none-eabi/12.3.1/../../../../arm-none-eabi/lib/thumb/v6-m/nofp\libc_nano.a(libc_a-init.o)
                0x0800ace8                __libc_init_array
 .text.memcpy   0x0800ad30       0x12 C:/STM32CubeIDE_1.14.0/STM32CubeIDE/plugins/com.st.stm32cube.ide.mcu.externaltools.gnu-tools-for-stm32.12.3.rel1.win32_1.0.200.202406191623/tools/bin/../lib/gcc/arm-none-eabi/12.3.1/../../../../arm-none-eabi/lib/thumb/v6-m/nofp\libc_nano.a(libc_a-memcpy-stub.o)
                0x0800ad30                memcpy
 *(.glue_7)
 .glue_7        0x0800ad42        0x0 linker stubs
 *(.glue_7t)
 .glue_7t       0x0800ad42        0x0 linker stubs
 *(.eh_frame)
 *fill*         0x0800ad42        0x2 
 .eh_frame      0x0800ad44        0x0 C:/STM32CubeIDE_1.14.0/STM32CubeIDE/plugins/com.st.stm32cube.ide.mcu.externaltools.gnu-tools-for-stm32.12.3.rel1.win32_1.0.200.202406191623/tools/bin/../lib/gcc/arm-none-eabi/12.3.1/thumb/v6-m/nofp/crtbegin.o
 *(.init)
 .init          0x0800ad44        0x4 C:/STM32CubeIDE_1.14.0/STM32CubeIDE/plugins/com.st.stm32cube.ide.mcu.externaltools.gnu-tools-for-stm32.12.3.rel1.win32_1.0.200.202406191623/tools/bin/../lib/gcc/arm-none-eabi/12.3.1/thumb/v6-m/nofp/crti.o
                0x0800ad44                _init
 .init          0x0800ad48        0x8 C:/STM32CubeIDE_1.14.0/STM32CubeIDE/plugins/com.st.stm32cube.ide.mcu.externaltools.gnu-tools-for-stm32.12.3.rel1.win32_1.0.200.202406191623/tools/bin/../lib/gcc/arm-none-eabi/12.3.1/thumb/v6-m/nofp/crtn.o
 *(.fini)
 .fini          0x0800ad50        0x4 C:/STM32CubeIDE_1.14.0/STM32CubeIDE/plugins/com.st.stm32cube.ide.mcu.externaltools.gnu-tools-for-stm32.12.3.rel1.win32_1.0.200.202406191623/tools/bin/../lib/gcc/arm-none-eabi/12.3.1/thumb/v6-m/nofp/crti.o
                0x0800ad50                _fini
 .fini          0x0800ad54        0x8 C:/STM32CubeIDE_1.14.0/STM32CubeIDE/plugins/com.st.stm32cube.ide.mcu.externaltools.gnu-tools-for-stm32.12.3.rel1.win32_1.0.200.202406191623/tools/bin/../lib/gcc/arm-none-eabi/12.3.1/thumb/v6-m/nofp/crtn.o
                0x0800ad5c                        . = ALIGN (0x4)
                0x0800ad5c                        _etext = .

.vfp11_veneer   0x0800ad5c        0x0
 .vfp11_veneer  0x0800ad5c        0x0 linker stubs

.v4_bx          0x0800ad5c        0x0
 .v4_bx         0x0800ad5c        0x0 linker stubs

.iplt           0x0800ad5c        0x0
 .iplt          0x0800ad5c        0x0 C:/STM32CubeIDE_1.14.0/STM32CubeIDE/plugins/com.st.stm32cube.ide.mcu.externaltools.gnu-tools-for-stm32.12.3.rel1.win32_1.0.200.202406191623/tools/bin/../lib/gcc/arm-none-eabi/12.3.1/thumb/v6-m/nofp/crtbegin.o

.rodata         0x0800ad5c      0x2f0
                0x0800ad5c                        . = ALIGN (0x4)
 *(.rodata)
 *(.rodata*)
 .rodata.table_crc_hi
                0x0800ad5c      0x100 ./Core/Src/modbus.o
 .rodata.table_crc_lo
                0x0800ae5c      0x100 ./Core/Src/modbus.o
 .rodata.handle_range
                0x0800af5c       0x40 ./Core/Src/modbus.o
 .rodata.modbus_change_baud_rate
                0x0800af9c       0x28 ./Core/Src/modbus.o
 .rodata.AHBPrescTable
                0x0800afc4       0x40 ./Core/Src/system_stm32c0xx.o
                0x0800afc4                AHBPrescTable
 .rodata.APBPrescTable
                0x0800b004       0x20 ./Core/Src/system_stm32c0xx.o
                0x0800b004                APBPrescTable
 .rodata.UARTPrescTable
                0x0800b024       0x18 ./Drivers/STM32C0xx_HAL_Driver/Src/stm32c0xx_hal_uart.o
                0x0800b024                UARTPrescTable
 .rodata.numerator.1
                0x0800b03c        0x8 ./Drivers/STM32C0xx_HAL_Driver/Src/stm32c0xx_hal_uart_ex.o
 .rodata.denominator.0
                0x0800b044        0x8 ./Drivers/STM32C0xx_HAL_Driver/Src/stm32c0xx_hal_uart_ex.o
                0x0800b04c                        . = ALIGN (0x4)

.ARM.extab      0x0800b04c        0x0
                0x0800b04c                        . = ALIGN (0x4)
 *(.ARM.extab* .gnu.linkonce.armextab.*)
                0x0800b04c                        . = ALIGN (0x4)

.ARM            0x0800b04c        0x0
                0x0800b04c                        . = ALIGN (0x4)
                0x0800b04c                        __exidx_start = .
 *(.ARM.exidx*)
                0x0800b04c                        __exidx_end = .
                0x0800b04c                        . = ALIGN (0x4)

.preinit_array  0x0800b04c        0x0
                0x0800b04c                        . = ALIGN (0x4)
                0x0800b04c                        PROVIDE (__preinit_array_start = .)
 *(.preinit_array*)
                0x0800b04c                        PROVIDE (__preinit_array_end = .)
                0x0800b04c                        . = ALIGN (0x4)

.init_array     0x0800b04c        0x4
                0x0800b04c                        . = ALIGN (0x4)
                0x0800b04c                        PROVIDE (__init_array_start = .)
 *(SORT_BY_NAME(.init_array.*))
 *(.init_array*)
 .init_array    0x0800b04c        0x4 C:/STM32CubeIDE_1.14.0/STM32CubeIDE/plugins/com.st.stm32cube.ide.mcu.externaltools.gnu-tools-for-stm32.12.3.rel1.win32_1.0.200.202406191623/tools/bin/../lib/gcc/arm-none-eabi/12.3.1/thumb/v6-m/nofp/crtbegin.o
                0x0800b050                        PROVIDE (__init_array_end = .)
                0x0800b050                        . = ALIGN (0x4)

.fini_array     0x0800b050        0x4
                0x0800b050                        . = ALIGN (0x4)
                [!provide]                        PROVIDE (__fini_array_start = .)
 *(SORT_BY_NAME(.fini_array.*))
 *(.fini_array*)
 .fini_array    0x0800b050        0x4 C:/STM32CubeIDE_1.14.0/STM32CubeIDE/plugins/com.st.stm32cube.ide.mcu.externaltools.gnu-tools-for-stm32.12.3.rel1.win32_1.0.200.202406191623/tools/bin/../lib/gcc/arm-none-eabi/12.3.1/thumb/v6-m/nofp/crtbegin.o
                [!provide]                        PROVIDE (__fini_array_end = .)
                0x0800b054                        . = ALIGN (0x4)
                0x0800b054                        _sidata = LOADADDR (.data)

.rel.dyn        0x0800b054        0x0
 .rel.iplt      0x0800b054        0x0 C:/STM32CubeIDE_1.14.0/STM32CubeIDE/plugins/com.st.stm32cube.ide.mcu.externaltools.gnu-tools-for-stm32.12.3.rel1.win32_1.0.200.202406191623/tools/bin/../lib/gcc/arm-none-eabi/12.3.1/thumb/v6-m/nofp/crtbegin.o

.data           0x20000000       0x30 load address 0x0800b054
                0x20000000                        . = ALIGN (0x4)
                0x20000000                        _sdata = .
 *(.data)
 *(.data*)
 .data.holding_register_database
                0x20000000       0x20 ./Core/Src/main.o
                0x20000000                holding_register_database
 .data.modbus_header
                0x20000020        0x2 ./Core/Src/modbus.o
                0x20000020                modbus_header
 .data.uart_tx_int
                0x20000022        0x1 ./Core/Src/modbus.o
                0x20000022                uart_tx_int
 *fill*         0x20000023        0x1 
 .data.SystemCoreClock
                0x20000024        0x4 ./Core/Src/system_stm32c0xx.o
                0x20000024                SystemCoreClock
 .data.uwTickPrio
                0x20000028        0x4 ./Drivers/STM32C0xx_HAL_Driver/Src/stm32c0xx_hal.o
                0x20000028                uwTickPrio
 .data.uwTickFreq
                0x2000002c        0x1 ./Drivers/STM32C0xx_HAL_Driver/Src/stm32c0xx_hal.o
                0x2000002c                uwTickFreq
 *(.RamFunc)
 *(.RamFunc*)
                0x20000030                        . = ALIGN (0x4)
 *fill*         0x2000002d        0x3 
                0x20000030                        _edata = .

.igot.plt       0x20000030        0x0 load address 0x0800b084
 .igot.plt      0x20000030        0x0 C:/STM32CubeIDE_1.14.0/STM32CubeIDE/plugins/com.st.stm32cube.ide.mcu.externaltools.gnu-tools-for-stm32.12.3.rel1.win32_1.0.200.202406191623/tools/bin/../lib/gcc/arm-none-eabi/12.3.1/thumb/v6-m/nofp/crtbegin.o
                0x20000030                        . = ALIGN (0x4)

.bss            0x20000030      0x574 load address 0x0800b084
                0x20000030                        _sbss = .
                0x20000030                        __bss_start__ = _sbss
 *(.bss)
 .bss           0x20000030       0x1c C:/STM32CubeIDE_1.14.0/STM32CubeIDE/plugins/com.st.stm32cube.ide.mcu.externaltools.gnu-tools-for-stm32.12.3.rel1.win32_1.0.200.202406191623/tools/bin/../lib/gcc/arm-none-eabi/12.3.1/thumb/v6-m/nofp/crtbegin.o
 *(.bss*)
 .bss.hadc1     0x2000004c       0x64 ./Core/Src/main.o
                0x2000004c                hadc1
 .bss.hdma_adc1
                0x200000b0       0x5c ./Core/Src/main.o
                0x200000b0                hdma_adc1
 .bss.hi2c1     0x2000010c       0x54 ./Core/Src/main.o
                0x2000010c                hi2c1
 .bss.hdma_i2c1_rx
                0x20000160       0x5c ./Core/Src/main.o
                0x20000160                hdma_i2c1_rx
 .bss.hdma_i2c1_tx
                0x200001bc       0x5c ./Core/Src/main.o
                0x200001bc                hdma_i2c1_tx
 .bss.huart1    0x20000218       0x94 ./Core/Src/main.o
                0x20000218                huart1
 .bss.hdma_usart1_rx
                0x200002ac       0x5c ./Core/Src/main.o
                0x200002ac                hdma_usart1_rx
 .bss.hdma_usart1_tx
                0x20000308       0x5c ./Core/Src/main.o
                0x20000308                hdma_usart1_tx
 .bss.prev_gpio_write_register
                0x20000364        0x2 ./Core/Src/main.o
                0x20000364                prev_gpio_write_register
 .bss.adc_err_int
                0x20000366        0x1 ./Core/Src/main.o
                0x20000366                adc_err_int
 *fill*         0x20000367        0x1 
 .bss.modbus_rx_buffer
                0x20000368      0x100 ./Core/Src/modbus.o
                0x20000368                modbus_rx_buffer
 .bss.modbus_tx_buffer
                0x20000468      0x100 ./Core/Src/modbus.o
                0x20000468                modbus_tx_buffer
 .bss.tx_time   0x20000568        0x4 ./Core/Src/modbus.o
                0x20000568                tx_time
 .bss.chunk_time
                0x2000056c        0x4 ./Core/Src/modbus.o
                0x2000056c                chunk_time
 .bss.uart_rx_int
                0x20000570        0x1 ./Core/Src/modbus.o
                0x20000570                uart_rx_int
 .bss.uart_err_int
                0x20000571        0x1 ./Core/Src/modbus.o
                0x20000571                uart_err_int
 *fill*         0x20000572        0x2 
 .bss.i2c_tx_buffer
                0x20000574        0xc ./Core/Src/vl53l0x.o
                0x20000574                i2c_tx_buffer
 .bss.i2c_rx_buffer
                0x20000580        0xc ./Core/Src/vl53l0x.o
                0x20000580                i2c_rx_buffer
 .bss.vl53l0x_address
                0x2000058c        0x1 ./Core/Src/vl53l0x.o
                0x2000058c                vl53l0x_address
 *fill*         0x2000058d        0x1 
 .bss.g_ioTimeout
                0x2000058e        0x2 ./Core/Src/vl53l0x.o
                0x2000058e                g_ioTimeout
 .bss.g_isTimeout
                0x20000590        0x1 ./Core/Src/vl53l0x.o
                0x20000590                g_isTimeout
 *fill*         0x20000591        0x1 
 .bss.g_timeoutStartMs
                0x20000592        0x2 ./Core/Src/vl53l0x.o
                0x20000592                g_timeoutStartMs
 .bss.g_stopVariable
                0x20000594        0x1 ./Core/Src/vl53l0x.o
                0x20000594                g_stopVariable
 *fill*         0x20000595        0x3 
 .bss.g_measTimBudUs
                0x20000598        0x4 ./Core/Src/vl53l0x.o
                0x20000598                g_measTimBudUs
 .bss.msgBuffer
                0x2000059c        0x4 ./Core/Src/vl53l0x.o
                0x2000059c                msgBuffer
 .bss.uwTick    0x200005a0        0x4 ./Drivers/STM32C0xx_HAL_Driver/Src/stm32c0xx_hal.o
                0x200005a0                uwTick
 *(COMMON)
                0x200005a4                        . = ALIGN (0x4)
                0x200005a4                        _ebss = .
                0x200005a4                        __bss_end__ = _ebss

._user_heap_stack
                0x200005a4      0x604 load address 0x0800b084
                0x200005a8                        . = ALIGN (0x8)
 *fill*         0x200005a4        0x4 
                [!provide]                        PROVIDE (end = .)
                0x200005a8                        PROVIDE (_end = .)
                0x200007a8                        . = (. + _Min_Heap_Size)
 *fill*         0x200005a8      0x200 
                0x20000ba8                        . = (. + _Min_Stack_Size)
 *fill*         0x200007a8      0x400 
                0x20000ba8                        . = ALIGN (0x8)

/DISCARD/
 libc.a(*)
 libm.a(*)
 libgcc.a(*)

.ARM.attributes
                0x00000000       0x28
 *(.ARM.attributes)
 .ARM.attributes
                0x00000000       0x1e C:/STM32CubeIDE_1.14.0/STM32CubeIDE/plugins/com.st.stm32cube.ide.mcu.externaltools.gnu-tools-for-stm32.12.3.rel1.win32_1.0.200.202406191623/tools/bin/../lib/gcc/arm-none-eabi/12.3.1/thumb/v6-m/nofp/crti.o
 .ARM.attributes
                0x0000001e       0x2c C:/STM32CubeIDE_1.14.0/STM32CubeIDE/plugins/com.st.stm32cube.ide.mcu.externaltools.gnu-tools-for-stm32.12.3.rel1.win32_1.0.200.202406191623/tools/bin/../lib/gcc/arm-none-eabi/12.3.1/thumb/v6-m/nofp/crtbegin.o
 .ARM.attributes
                0x0000004a       0x2c ./Core/Src/main.o
 .ARM.attributes
                0x00000076       0x2c ./Core/Src/modbus.o
 .ARM.attributes
                0x000000a2       0x2c ./Core/Src/stm32c0xx_hal_msp.o
 .ARM.attributes
                0x000000ce       0x2c ./Core/Src/stm32c0xx_it.o
 .ARM.attributes
                0x000000fa       0x2c ./Core/Src/system_stm32c0xx.o
 .ARM.attributes
                0x00000126       0x2c ./Core/Src/vl53l0x.o
 .ARM.attributes
                0x00000152       0x22 ./Core/Startup/startup_stm32c071cbtx.o
 .ARM.attributes
                0x00000174       0x2c ./Drivers/STM32C0xx_HAL_Driver/Src/stm32c0xx_hal.o
 .ARM.attributes
                0x000001a0       0x2c ./Drivers/STM32C0xx_HAL_Driver/Src/stm32c0xx_hal_adc.o
 .ARM.attributes
                0x000001cc       0x2c ./Drivers/STM32C0xx_HAL_Driver/Src/stm32c0xx_hal_cortex.o
 .ARM.attributes
                0x000001f8       0x2c ./Drivers/STM32C0xx_HAL_Driver/Src/stm32c0xx_hal_dma.o
 .ARM.attributes
                0x00000224       0x2c ./Drivers/STM32C0xx_HAL_Driver/Src/stm32c0xx_hal_gpio.o
 .ARM.attributes
                0x00000250       0x2c ./Drivers/STM32C0xx_HAL_Driver/Src/stm32c0xx_hal_i2c.o
 .ARM.attributes
                0x0000027c       0x2c ./Drivers/STM32C0xx_HAL_Driver/Src/stm32c0xx_hal_i2c_ex.o
 .ARM.attributes
                0x000002a8       0x2c ./Drivers/STM32C0xx_HAL_Driver/Src/stm32c0xx_hal_rcc.o
 .ARM.attributes
                0x000002d4       0x2c ./Drivers/STM32C0xx_HAL_Driver/Src/stm32c0xx_hal_rcc_ex.o
 .ARM.attributes
                0x00000300       0x2c ./Drivers/STM32C0xx_HAL_Driver/Src/stm32c0xx_hal_uart.o
 .ARM.attributes
                0x0000032c       0x2c ./Drivers/STM32C0xx_HAL_Driver/Src/stm32c0xx_hal_uart_ex.o
 .ARM.attributes
                0x00000358       0x2c C:/STM32CubeIDE_1.14.0/STM32CubeIDE/plugins/com.st.stm32cube.ide.mcu.externaltools.gnu-tools-for-stm32.12.3.rel1.win32_1.0.200.202406191623/tools/bin/../lib/gcc/arm-none-eabi/12.3.1/../../../../arm-none-eabi/lib/thumb/v6-m/nofp\libc_nano.a(libc_a-memset.o)
 .ARM.attributes
                0x00000384       0x2c C:/STM32CubeIDE_1.14.0/STM32CubeIDE/plugins/com.st.stm32cube.ide.mcu.externaltools.gnu-tools-for-stm32.12.3.rel1.win32_1.0.200.202406191623/tools/bin/../lib/gcc/arm-none-eabi/12.3.1/../../../../arm-none-eabi/lib/thumb/v6-m/nofp\libc_nano.a(libc_a-init.o)
 .ARM.attributes
                0x000003b0       0x2c C:/STM32CubeIDE_1.14.0/STM32CubeIDE/plugins/com.st.stm32cube.ide.mcu.externaltools.gnu-tools-for-stm32.12.3.rel1.win32_1.0.200.202406191623/tools/bin/../lib/gcc/arm-none-eabi/12.3.1/../../../../arm-none-eabi/lib/thumb/v6-m/nofp\libc_nano.a(libc_a-memcpy-stub.o)
 .ARM.attributes
                0x000003dc       0x1e C:/STM32CubeIDE_1.14.0/STM32CubeIDE/plugins/com.st.stm32cube.ide.mcu.externaltools.gnu-tools-for-stm32.12.3.rel1.win32_1.0.200.202406191623/tools/bin/../lib/gcc/arm-none-eabi/12.3.1/thumb/v6-m/nofp\libgcc.a(_udivsi3.o)
 .ARM.attributes
                0x000003fa       0x1e C:/STM32CubeIDE_1.14.0/STM32CubeIDE/plugins/com.st.stm32cube.ide.mcu.externaltools.gnu-tools-for-stm32.12.3.rel1.win32_1.0.200.202406191623/tools/bin/../lib/gcc/arm-none-eabi/12.3.1/thumb/v6-m/nofp\libgcc.a(_divsi3.o)
 .ARM.attributes
                0x00000418       0x1e C:/STM32CubeIDE_1.14.0/STM32CubeIDE/plugins/com.st.stm32cube.ide.mcu.externaltools.gnu-tools-for-stm32.12.3.rel1.win32_1.0.200.202406191623/tools/bin/../lib/gcc/arm-none-eabi/12.3.1/thumb/v6-m/nofp\libgcc.a(_dvmd_tls.o)
 .ARM.attributes
                0x00000436       0x1e C:/STM32CubeIDE_1.14.0/STM32CubeIDE/plugins/com.st.stm32cube.ide.mcu.externaltools.gnu-tools-for-stm32.12.3.rel1.win32_1.0.200.202406191623/tools/bin/../lib/gcc/arm-none-eabi/12.3.1/thumb/v6-m/nofp\libgcc.a(_arm_cmpdf2.o)
 .ARM.attributes
                0x00000454       0x1e C:/STM32CubeIDE_1.14.0/STM32CubeIDE/plugins/com.st.stm32cube.ide.mcu.externaltools.gnu-tools-for-stm32.12.3.rel1.win32_1.0.200.202406191623/tools/bin/../lib/gcc/arm-none-eabi/12.3.1/thumb/v6-m/nofp\libgcc.a(_arm_cmpsf2.o)
 .ARM.attributes
                0x00000472       0x2c C:/STM32CubeIDE_1.14.0/STM32CubeIDE/plugins/com.st.stm32cube.ide.mcu.externaltools.gnu-tools-for-stm32.12.3.rel1.win32_1.0.200.202406191623/tools/bin/../lib/gcc/arm-none-eabi/12.3.1/thumb/v6-m/nofp\libgcc.a(_fixunssfsi.o)
 .ARM.attributes
                0x0000049e       0x2c C:/STM32CubeIDE_1.14.0/STM32CubeIDE/plugins/com.st.stm32cube.ide.mcu.externaltools.gnu-tools-for-stm32.12.3.rel1.win32_1.0.200.202406191623/tools/bin/../lib/gcc/arm-none-eabi/12.3.1/thumb/v6-m/nofp\libgcc.a(eqsf2.o)
 .ARM.attributes
                0x000004ca       0x2c C:/STM32CubeIDE_1.14.0/STM32CubeIDE/plugins/com.st.stm32cube.ide.mcu.externaltools.gnu-tools-for-stm32.12.3.rel1.win32_1.0.200.202406191623/tools/bin/../lib/gcc/arm-none-eabi/12.3.1/thumb/v6-m/nofp\libgcc.a(gesf2.o)
 .ARM.attributes
                0x000004f6       0x2c C:/STM32CubeIDE_1.14.0/STM32CubeIDE/plugins/com.st.stm32cube.ide.mcu.externaltools.gnu-tools-for-stm32.12.3.rel1.win32_1.0.200.202406191623/tools/bin/../lib/gcc/arm-none-eabi/12.3.1/thumb/v6-m/nofp\libgcc.a(lesf2.o)
 .ARM.attributes
                0x00000522       0x2c C:/STM32CubeIDE_1.14.0/STM32CubeIDE/plugins/com.st.stm32cube.ide.mcu.externaltools.gnu-tools-for-stm32.12.3.rel1.win32_1.0.200.202406191623/tools/bin/../lib/gcc/arm-none-eabi/12.3.1/thumb/v6-m/nofp\libgcc.a(mulsf3.o)
 .ARM.attributes
                0x0000054e       0x2c C:/STM32CubeIDE_1.14.0/STM32CubeIDE/plugins/com.st.stm32cube.ide.mcu.externaltools.gnu-tools-for-stm32.12.3.rel1.win32_1.0.200.202406191623/tools/bin/../lib/gcc/arm-none-eabi/12.3.1/thumb/v6-m/nofp\libgcc.a(subsf3.o)
 .ARM.attributes
                0x0000057a       0x2c C:/STM32CubeIDE_1.14.0/STM32CubeIDE/plugins/com.st.stm32cube.ide.mcu.externaltools.gnu-tools-for-stm32.12.3.rel1.win32_1.0.200.202406191623/tools/bin/../lib/gcc/arm-none-eabi/12.3.1/thumb/v6-m/nofp\libgcc.a(fixsfsi.o)
 .ARM.attributes
                0x000005a6       0x2c C:/STM32CubeIDE_1.14.0/STM32CubeIDE/plugins/com.st.stm32cube.ide.mcu.externaltools.gnu-tools-for-stm32.12.3.rel1.win32_1.0.200.202406191623/tools/bin/../lib/gcc/arm-none-eabi/12.3.1/thumb/v6-m/nofp\libgcc.a(eqdf2.o)
 .ARM.attributes
                0x000005d2       0x2c C:/STM32CubeIDE_1.14.0/STM32CubeIDE/plugins/com.st.stm32cube.ide.mcu.externaltools.gnu-tools-for-stm32.12.3.rel1.win32_1.0.200.202406191623/tools/bin/../lib/gcc/arm-none-eabi/12.3.1/thumb/v6-m/nofp\libgcc.a(gedf2.o)
 .ARM.attributes
                0x000005fe       0x2c C:/STM32CubeIDE_1.14.0/STM32CubeIDE/plugins/com.st.stm32cube.ide.mcu.externaltools.gnu-tools-for-stm32.12.3.rel1.win32_1.0.200.202406191623/tools/bin/../lib/gcc/arm-none-eabi/12.3.1/thumb/v6-m/nofp\libgcc.a(ledf2.o)
 .ARM.attributes
                0x0000062a       0x2c C:/STM32CubeIDE_1.14.0/STM32CubeIDE/plugins/com.st.stm32cube.ide.mcu.externaltools.gnu-tools-for-stm32.12.3.rel1.win32_1.0.200.202406191623/tools/bin/../lib/gcc/arm-none-eabi/12.3.1/thumb/v6-m/nofp\libgcc.a(extendsfdf2.o)
 .ARM.attributes
                0x00000656       0x1e C:/STM32CubeIDE_1.14.0/STM32CubeIDE/plugins/com.st.stm32cube.ide.mcu.externaltools.gnu-tools-for-stm32.12.3.rel1.win32_1.0.200.202406191623/tools/bin/../lib/gcc/arm-none-eabi/12.3.1/thumb/v6-m/nofp\libgcc.a(_clzsi2.o)
 .ARM.attributes
                0x00000674       0x1e C:/STM32CubeIDE_1.14.0/STM32CubeIDE/plugins/com.st.stm32cube.ide.mcu.externaltools.gnu-tools-for-stm32.12.3.rel1.win32_1.0.200.202406191623/tools/bin/../lib/gcc/arm-none-eabi/12.3.1/thumb/v6-m/nofp/crtn.o
OUTPUT(AboveGroundBoard.elf elf32-littlearm)
LOAD linker stubs
LOAD C:/STM32CubeIDE_1.14.0/STM32CubeIDE/plugins/com.st.stm32cube.ide.mcu.externaltools.gnu-tools-for-stm32.12.3.rel1.win32_1.0.200.202406191623/tools/bin/../lib/gcc/arm-none-eabi/12.3.1/../../../../arm-none-eabi/lib/thumb/v6-m/nofp\libc.a
LOAD C:/STM32CubeIDE_1.14.0/STM32CubeIDE/plugins/com.st.stm32cube.ide.mcu.externaltools.gnu-tools-for-stm32.12.3.rel1.win32_1.0.200.202406191623/tools/bin/../lib/gcc/arm-none-eabi/12.3.1/../../../../arm-none-eabi/lib/thumb/v6-m/nofp\libm.a
LOAD C:/STM32CubeIDE_1.14.0/STM32CubeIDE/plugins/com.st.stm32cube.ide.mcu.externaltools.gnu-tools-for-stm32.12.3.rel1.win32_1.0.200.202406191623/tools/bin/../lib/gcc/arm-none-eabi/12.3.1/thumb/v6-m/nofp\libgcc.a

.debug_info     0x00000000    0x12d56
 .debug_info    0x00000000     0x1a7c ./Core/Src/main.o
 .debug_info    0x00001a7c     0x1010 ./Core/Src/modbus.o
 .debug_info    0x00002a8c     0x147b ./Core/Src/stm32c0xx_hal_msp.o
 .debug_info    0x00003f07      0x927 ./Core/Src/stm32c0xx_it.o
 .debug_info    0x0000482e      0x381 ./Core/Src/system_stm32c0xx.o
 .debug_info    0x00004baf     0x1954 ./Core/Src/vl53l0x.o
 .debug_info    0x00006503       0x30 ./Core/Startup/startup_stm32c071cbtx.o
 .debug_info    0x00006533      0x85e ./Drivers/STM32C0xx_HAL_Driver/Src/stm32c0xx_hal.o
 .debug_info    0x00006d91     0x153b ./Drivers/STM32C0xx_HAL_Driver/Src/stm32c0xx_hal_adc.o
 .debug_info    0x000082cc      0x894 ./Drivers/STM32C0xx_HAL_Driver/Src/stm32c0xx_hal_cortex.o
 .debug_info    0x00008b60      0x826 ./Drivers/STM32C0xx_HAL_Driver/Src/stm32c0xx_hal_dma.o
 .debug_info    0x00009386      0x612 ./Drivers/STM32C0xx_HAL_Driver/Src/stm32c0xx_hal_gpio.o
 .debug_info    0x00009998     0x219f ./Drivers/STM32C0xx_HAL_Driver/Src/stm32c0xx_hal_i2c.o
 .debug_info    0x0000bb37      0x9d9 ./Drivers/STM32C0xx_HAL_Driver/Src/stm32c0xx_hal_i2c_ex.o
 .debug_info    0x0000c510      0x923 ./Drivers/STM32C0xx_HAL_Driver/Src/stm32c0xx_hal_rcc.o
 .debug_info    0x0000ce33      0x7c1 ./Drivers/STM32C0xx_HAL_Driver/Src/stm32c0xx_hal_rcc_ex.o
 .debug_info    0x0000d5f4     0x47f5 ./Drivers/STM32C0xx_HAL_Driver/Src/stm32c0xx_hal_uart.o
 .debug_info    0x00011de9      0xf6d ./Drivers/STM32C0xx_HAL_Driver/Src/stm32c0xx_hal_uart_ex.o

.debug_abbrev   0x00000000     0x29bf
 .debug_abbrev  0x00000000      0x324 ./Core/Src/main.o
 .debug_abbrev  0x00000324      0x2ee ./Core/Src/modbus.o
 .debug_abbrev  0x00000612      0x253 ./Core/Src/stm32c0xx_hal_msp.o
 .debug_abbrev  0x00000865      0x1d5 ./Core/Src/stm32c0xx_it.o
 .debug_abbrev  0x00000a3a      0x119 ./Core/Src/system_stm32c0xx.o
 .debug_abbrev  0x00000b53      0x393 ./Core/Src/vl53l0x.o
 .debug_abbrev  0x00000ee6       0x24 ./Core/Startup/startup_stm32c071cbtx.o
 .debug_abbrev  0x00000f0a      0x2cb ./Drivers/STM32C0xx_HAL_Driver/Src/stm32c0xx_hal.o
 .debug_abbrev  0x000011d5      0x26d ./Drivers/STM32C0xx_HAL_Driver/Src/stm32c0xx_hal_adc.o
 .debug_abbrev  0x00001442      0x2b7 ./Drivers/STM32C0xx_HAL_Driver/Src/stm32c0xx_hal_cortex.o
 .debug_abbrev  0x000016f9      0x1d5 ./Drivers/STM32C0xx_HAL_Driver/Src/stm32c0xx_hal_dma.o
 .debug_abbrev  0x000018ce      0x1d6 ./Drivers/STM32C0xx_HAL_Driver/Src/stm32c0xx_hal_gpio.o
 .debug_abbrev  0x00001aa4      0x26e ./Drivers/STM32C0xx_HAL_Driver/Src/stm32c0xx_hal_i2c.o
 .debug_abbrev  0x00001d12      0x1e3 ./Drivers/STM32C0xx_HAL_Driver/Src/stm32c0xx_hal_i2c_ex.o
 .debug_abbrev  0x00001ef5      0x28c ./Drivers/STM32C0xx_HAL_Driver/Src/stm32c0xx_hal_rcc.o
 .debug_abbrev  0x00002181      0x245 ./Drivers/STM32C0xx_HAL_Driver/Src/stm32c0xx_hal_rcc_ex.o
 .debug_abbrev  0x000023c6      0x314 ./Drivers/STM32C0xx_HAL_Driver/Src/stm32c0xx_hal_uart.o
 .debug_abbrev  0x000026da      0x2e5 ./Drivers/STM32C0xx_HAL_Driver/Src/stm32c0xx_hal_uart_ex.o

.debug_aranges  0x00000000      0xf60
 .debug_aranges
                0x00000000       0x68 ./Core/Src/main.o
 .debug_aranges
                0x00000068       0xc0 ./Core/Src/modbus.o
 .debug_aranges
                0x00000128       0x50 ./Core/Src/stm32c0xx_hal_msp.o
 .debug_aranges
                0x00000178       0x68 ./Core/Src/stm32c0xx_it.o
 .debug_aranges
                0x000001e0       0x28 ./Core/Src/system_stm32c0xx.o
 .debug_aranges
                0x00000208      0x150 ./Core/Src/vl53l0x.o
 .debug_aranges
                0x00000358       0x28 ./Core/Startup/startup_stm32c071cbtx.o
 .debug_aranges
                0x00000380      0x100 ./Drivers/STM32C0xx_HAL_Driver/Src/stm32c0xx_hal.o
 .debug_aranges
                0x00000480      0x200 ./Drivers/STM32C0xx_HAL_Driver/Src/stm32c0xx_hal_adc.o
 .debug_aranges
                0x00000680       0xe8 ./Drivers/STM32C0xx_HAL_Driver/Src/stm32c0xx_hal_cortex.o
 .debug_aranges
                0x00000768       0x90 ./Drivers/STM32C0xx_HAL_Driver/Src/stm32c0xx_hal_dma.o
 .debug_aranges
                0x000007f8       0x68 ./Drivers/STM32C0xx_HAL_Driver/Src/stm32c0xx_hal_gpio.o
 .debug_aranges
                0x00000860      0x2a0 ./Drivers/STM32C0xx_HAL_Driver/Src/stm32c0xx_hal_i2c.o
 .debug_aranges
                0x00000b00       0x48 ./Drivers/STM32C0xx_HAL_Driver/Src/stm32c0xx_hal_i2c_ex.o
 .debug_aranges
                0x00000b48       0xa0 ./Drivers/STM32C0xx_HAL_Driver/Src/stm32c0xx_hal_rcc.o
 .debug_aranges
                0x00000be8       0x88 ./Drivers/STM32C0xx_HAL_Driver/Src/stm32c0xx_hal_rcc_ex.o
 .debug_aranges
                0x00000c70      0x248 ./Drivers/STM32C0xx_HAL_Driver/Src/stm32c0xx_hal_uart.o
 .debug_aranges
                0x00000eb8       0xa8 ./Drivers/STM32C0xx_HAL_Driver/Src/stm32c0xx_hal_uart_ex.o

.debug_rnglists
                0x00000000      0xc06
 .debug_rnglists
                0x00000000       0x4f ./Core/Src/main.o
 .debug_rnglists
                0x0000004f       0x95 ./Core/Src/modbus.o
 .debug_rnglists
                0x000000e4       0x3b ./Core/Src/stm32c0xx_hal_msp.o
 .debug_rnglists
                0x0000011f       0x49 ./Core/Src/stm32c0xx_it.o
 .debug_rnglists
                0x00000168       0x1a ./Core/Src/system_stm32c0xx.o
 .debug_rnglists
                0x00000182      0x105 ./Core/Src/vl53l0x.o
 .debug_rnglists
                0x00000287       0x19 ./Core/Startup/startup_stm32c071cbtx.o
 .debug_rnglists
                0x000002a0       0xbc ./Drivers/STM32C0xx_HAL_Driver/Src/stm32c0xx_hal.o
 .debug_rnglists
                0x0000035c      0x18a ./Drivers/STM32C0xx_HAL_Driver/Src/stm32c0xx_hal_adc.o
 .debug_rnglists
                0x000004e6       0xaa ./Drivers/STM32C0xx_HAL_Driver/Src/stm32c0xx_hal_cortex.o
 .debug_rnglists
                0x00000590       0x72 ./Drivers/STM32C0xx_HAL_Driver/Src/stm32c0xx_hal_dma.o
 .debug_rnglists
                0x00000602       0x4b ./Drivers/STM32C0xx_HAL_Driver/Src/stm32c0xx_hal_gpio.o
 .debug_rnglists
                0x0000064d      0x229 ./Drivers/STM32C0xx_HAL_Driver/Src/stm32c0xx_hal_i2c.o
 .debug_rnglists
                0x00000876       0x35 ./Drivers/STM32C0xx_HAL_Driver/Src/stm32c0xx_hal_i2c_ex.o
 .debug_rnglists
                0x000008ab       0x79 ./Drivers/STM32C0xx_HAL_Driver/Src/stm32c0xx_hal_rcc.o
 .debug_rnglists
                0x00000924       0x67 ./Drivers/STM32C0xx_HAL_Driver/Src/stm32c0xx_hal_rcc_ex.o
 .debug_rnglists
                0x0000098b      0x1fb ./Drivers/STM32C0xx_HAL_Driver/Src/stm32c0xx_hal_uart.o
 .debug_rnglists
                0x00000b86       0x80 ./Drivers/STM32C0xx_HAL_Driver/Src/stm32c0xx_hal_uart_ex.o

.debug_macro    0x00000000    0x16b6b
 .debug_macro   0x00000000      0x227 ./Core/Src/main.o
 .debug_macro   0x00000227      0xa8a ./Core/Src/main.o
 .debug_macro   0x00000cb1       0x2e ./Core/Src/main.o
 .debug_macro   0x00000cdf       0x28 ./Core/Src/main.o
 .debug_macro   0x00000d07       0x22 ./Core/Src/main.o
 .debug_macro   0x00000d29       0x8e ./Core/Src/main.o
 .debug_macro   0x00000db7       0x51 ./Core/Src/main.o
 .debug_macro   0x00000e08      0x103 ./Core/Src/main.o
 .debug_macro   0x00000f0b       0x6a ./Core/Src/main.o
 .debug_macro   0x00000f75      0x1df ./Core/Src/main.o
 .debug_macro   0x00001154       0x1c ./Core/Src/main.o
 .debug_macro   0x00001170       0x22 ./Core/Src/main.o
 .debug_macro   0x00001192       0xd1 ./Core/Src/main.o
 .debug_macro   0x00001263      0x4da ./Core/Src/main.o
 .debug_macro   0x0000173d      0x11f ./Core/Src/main.o
 .debug_macro   0x0000185c     0xa7da ./Core/Src/main.o
 .debug_macro   0x0000c036       0x6c ./Core/Src/main.o
 .debug_macro   0x0000c0a2      0x190 ./Core/Src/main.o
 .debug_macro   0x0000c232       0xef ./Core/Src/main.o
 .debug_macro   0x0000c321     0x3440 ./Core/Src/main.o
 .debug_macro   0x0000f761      0x189 ./Core/Src/main.o
 .debug_macro   0x0000f8ea       0x5b ./Core/Src/main.o
 .debug_macro   0x0000f945      0x422 ./Core/Src/main.o
 .debug_macro   0x0000fd67      0xd59 ./Core/Src/main.o
 .debug_macro   0x00010ac0      0x30c ./Core/Src/main.o
 .debug_macro   0x00010dcc      0x15f ./Core/Src/main.o
 .debug_macro   0x00010f2b      0x201 ./Core/Src/main.o
 .debug_macro   0x0001112c      0x2e2 ./Core/Src/main.o
 .debug_macro   0x0001140e      0x18b ./Core/Src/main.o
 .debug_macro   0x00011599       0x43 ./Core/Src/main.o
 .debug_macro   0x000115dc      0x1f1 ./Core/Src/main.o
 .debug_macro   0x000117cd      0x924 ./Core/Src/main.o
 .debug_macro   0x000120f1      0x5de ./Core/Src/main.o
 .debug_macro   0x000126cf       0x2e ./Core/Src/main.o
 .debug_macro   0x000126fd      0x1cf ./Core/Src/main.o
 .debug_macro   0x000128cc      0x37c ./Core/Src/main.o
 .debug_macro   0x00012c48       0x28 ./Core/Src/main.o
 .debug_macro   0x00012c70       0xb3 ./Core/Src/main.o
 .debug_macro   0x00012d23      0x22c ./Core/Src/main.o
 .debug_macro   0x00012f4f       0x67 ./Core/Src/main.o
 .debug_macro   0x00012fb6       0xa5 ./Core/Src/main.o
 .debug_macro   0x0001305b      0x124 ./Core/Src/main.o
 .debug_macro   0x0001317f      0x1b0 ./Core/Src/main.o
 .debug_macro   0x0001332f      0x67e ./Core/Src/main.o
 .debug_macro   0x000139ad       0xa6 ./Core/Src/main.o
 .debug_macro   0x00013a53      0x409 ./Core/Src/main.o
 .debug_macro   0x00013e5c       0x9a ./Core/Src/main.o
 .debug_macro   0x00013ef6       0x1c ./Core/Src/main.o
 .debug_macro   0x00013f12       0x34 ./Core/Src/main.o
 .debug_macro   0x00013f46       0x8e ./Core/Src/main.o
 .debug_macro   0x00013fd4      0x30a ./Core/Src/modbus.o
 .debug_macro   0x000142de       0x61 ./Core/Src/modbus.o
 .debug_macro   0x0001433f       0x24 ./Core/Src/modbus.o
 .debug_macro   0x00014363       0x43 ./Core/Src/modbus.o
 .debug_macro   0x000143a6       0x34 ./Core/Src/modbus.o
 .debug_macro   0x000143da       0x16 ./Core/Src/modbus.o
 .debug_macro   0x000143f0       0x43 ./Core/Src/modbus.o
 .debug_macro   0x00014433       0x34 ./Core/Src/modbus.o
 .debug_macro   0x00014467       0x10 ./Core/Src/modbus.o
 .debug_macro   0x00014477       0x58 ./Core/Src/modbus.o
 .debug_macro   0x000144cf       0x8e ./Core/Src/modbus.o
 .debug_macro   0x0001455d       0x1c ./Core/Src/modbus.o
 .debug_macro   0x00014579      0x177 ./Core/Src/modbus.o
 .debug_macro   0x000146f0      0x369 ./Core/Src/modbus.o
 .debug_macro   0x00014a59       0x10 ./Core/Src/modbus.o
 .debug_macro   0x00014a69       0x35 ./Core/Src/modbus.o
 .debug_macro   0x00014a9e       0x20 ./Core/Src/modbus.o
 .debug_macro   0x00014abe      0x20c ./Core/Src/stm32c0xx_hal_msp.o
 .debug_macro   0x00014cca      0x216 ./Core/Src/stm32c0xx_it.o
 .debug_macro   0x00014ee0      0x203 ./Core/Src/system_stm32c0xx.o
 .debug_macro   0x000150e3      0x2f5 ./Core/Src/vl53l0x.o
 .debug_macro   0x000153d8      0x21b ./Drivers/STM32C0xx_HAL_Driver/Src/stm32c0xx_hal.o
 .debug_macro   0x000155f3      0x221 ./Drivers/STM32C0xx_HAL_Driver/Src/stm32c0xx_hal_adc.o
 .debug_macro   0x00015814      0x1fd ./Drivers/STM32C0xx_HAL_Driver/Src/stm32c0xx_hal_cortex.o
 .debug_macro   0x00015a11      0x1fd ./Drivers/STM32C0xx_HAL_Driver/Src/stm32c0xx_hal_dma.o
 .debug_macro   0x00015c0e      0x232 ./Drivers/STM32C0xx_HAL_Driver/Src/stm32c0xx_hal_gpio.o
 .debug_macro   0x00015e40      0x2c9 ./Drivers/STM32C0xx_HAL_Driver/Src/stm32c0xx_hal_i2c.o
 .debug_macro   0x00016109      0x1fd ./Drivers/STM32C0xx_HAL_Driver/Src/stm32c0xx_hal_i2c_ex.o
 .debug_macro   0x00016306      0x233 ./Drivers/STM32C0xx_HAL_Driver/Src/stm32c0xx_hal_rcc.o
 .debug_macro   0x00016539      0x20f ./Drivers/STM32C0xx_HAL_Driver/Src/stm32c0xx_hal_rcc_ex.o
 .debug_macro   0x00016748      0x21a ./Drivers/STM32C0xx_HAL_Driver/Src/stm32c0xx_hal_uart.o
 .debug_macro   0x00016962      0x209 ./Drivers/STM32C0xx_HAL_Driver/Src/stm32c0xx_hal_uart_ex.o

.debug_line     0x00000000    0x141b6
 .debug_line    0x00000000      0xd20 ./Core/Src/main.o
 .debug_line    0x00000d20      0xf5e ./Core/Src/modbus.o
 .debug_line    0x00001c7e      0x9b8 ./Core/Src/stm32c0xx_hal_msp.o
 .debug_line    0x00002636      0x8ba ./Core/Src/stm32c0xx_it.o
 .debug_line    0x00002ef0      0x81a ./Core/Src/system_stm32c0xx.o
 .debug_line    0x0000370a     0x1c7c ./Core/Src/vl53l0x.o
 .debug_line    0x00005386       0x7d ./Core/Startup/startup_stm32c071cbtx.o
 .debug_line    0x00005403      0xae5 ./Drivers/STM32C0xx_HAL_Driver/Src/stm32c0xx_hal.o
 .debug_line    0x00005ee8     0x19ac ./Drivers/STM32C0xx_HAL_Driver/Src/stm32c0xx_hal_adc.o
 .debug_line    0x00007894      0xc08 ./Drivers/STM32C0xx_HAL_Driver/Src/stm32c0xx_hal_cortex.o
 .debug_line    0x0000849c      0xe17 ./Drivers/STM32C0xx_HAL_Driver/Src/stm32c0xx_hal_dma.o
 .debug_line    0x000092b3      0xc31 ./Drivers/STM32C0xx_HAL_Driver/Src/stm32c0xx_hal_gpio.o
 .debug_line    0x00009ee4     0x3ab1 ./Drivers/STM32C0xx_HAL_Driver/Src/stm32c0xx_hal_i2c.o
 .debug_line    0x0000d995      0x9d4 ./Drivers/STM32C0xx_HAL_Driver/Src/stm32c0xx_hal_i2c_ex.o
 .debug_line    0x0000e369      0xdf5 ./Drivers/STM32C0xx_HAL_Driver/Src/stm32c0xx_hal_rcc.o
 .debug_line    0x0000f15e      0xc7e ./Drivers/STM32C0xx_HAL_Driver/Src/stm32c0xx_hal_rcc_ex.o
 .debug_line    0x0000fddc     0x3563 ./Drivers/STM32C0xx_HAL_Driver/Src/stm32c0xx_hal_uart.o
 .debug_line    0x0001333f      0xe77 ./Drivers/STM32C0xx_HAL_Driver/Src/stm32c0xx_hal_uart_ex.o

.debug_str      0x00000000    0x8ee49
 .debug_str     0x00000000    0x87287 ./Core/Src/main.o
                              0x87cf6 (size before relaxing)
 .debug_str     0x00087287     0x34de ./Core/Src/modbus.o
                              0x8a356 (size before relaxing)
 .debug_str     0x0008a765      0x1b3 ./Core/Src/stm32c0xx_hal_msp.o
                              0x87304 (size before relaxing)
 .debug_str     0x0008a918      0x138 ./Core/Src/stm32c0xx_it.o
                              0x86a8f (size before relaxing)
 .debug_str     0x0008aa50       0x8f ./Core/Src/system_stm32c0xx.o
                              0x86265 (size before relaxing)
 .debug_str     0x0008aadf      0xe2c ./Core/Src/vl53l0x.o
                              0x8ae2f (size before relaxing)
 .debug_str     0x0008b90b       0x44 ./Core/Startup/startup_stm32c071cbtx.o
                                 0x72 (size before relaxing)
 .debug_str     0x0008b94f      0x415 ./Drivers/STM32C0xx_HAL_Driver/Src/stm32c0xx_hal.o
                              0x868b2 (size before relaxing)
 .debug_str     0x0008bd64      0x8ab ./Drivers/STM32C0xx_HAL_Driver/Src/stm32c0xx_hal_adc.o
                              0x87028 (size before relaxing)
 .debug_str     0x0008c60f      0x26c ./Drivers/STM32C0xx_HAL_Driver/Src/stm32c0xx_hal_cortex.o
                              0x866c8 (size before relaxing)
 .debug_str     0x0008c87b      0x264 ./Drivers/STM32C0xx_HAL_Driver/Src/stm32c0xx_hal_dma.o
                              0x866d9 (size before relaxing)
 .debug_str     0x0008cadf      0x248 ./Drivers/STM32C0xx_HAL_Driver/Src/stm32c0xx_hal_gpio.o
                              0x86481 (size before relaxing)
 .debug_str     0x0008cd27      0xdfa ./Drivers/STM32C0xx_HAL_Driver/Src/stm32c0xx_hal_i2c.o
                              0x8761d (size before relaxing)
 .debug_str     0x0008db21       0xb8 ./Drivers/STM32C0xx_HAL_Driver/Src/stm32c0xx_hal_i2c_ex.o
                              0x868a0 (size before relaxing)
 .debug_str     0x0008dbd9      0x47c ./Drivers/STM32C0xx_HAL_Driver/Src/stm32c0xx_hal_rcc.o
                              0x8688a (size before relaxing)
 .debug_str     0x0008e055      0x2fa ./Drivers/STM32C0xx_HAL_Driver/Src/stm32c0xx_hal_rcc_ex.o
                              0x866ef (size before relaxing)
 .debug_str     0x0008e34f      0x8bd ./Drivers/STM32C0xx_HAL_Driver/Src/stm32c0xx_hal_uart.o
                              0x871b5 (size before relaxing)
 .debug_str     0x0008ec0c      0x23d ./Drivers/STM32C0xx_HAL_Driver/Src/stm32c0xx_hal_uart_ex.o
                              0x86adb (size before relaxing)

.comment        0x00000000       0x43
 .comment       0x00000000       0x43 ./Core/Src/main.o
                                 0x44 (size before relaxing)
 .comment       0x00000043       0x44 ./Core/Src/modbus.o
 .comment       0x00000043       0x44 ./Core/Src/stm32c0xx_hal_msp.o
 .comment       0x00000043       0x44 ./Core/Src/stm32c0xx_it.o
 .comment       0x00000043       0x44 ./Core/Src/system_stm32c0xx.o
 .comment       0x00000043       0x44 ./Core/Src/vl53l0x.o
 .comment       0x00000043       0x44 ./Drivers/STM32C0xx_HAL_Driver/Src/stm32c0xx_hal.o
 .comment       0x00000043       0x44 ./Drivers/STM32C0xx_HAL_Driver/Src/stm32c0xx_hal_adc.o
 .comment       0x00000043       0x44 ./Drivers/STM32C0xx_HAL_Driver/Src/stm32c0xx_hal_cortex.o
 .comment       0x00000043       0x44 ./Drivers/STM32C0xx_HAL_Driver/Src/stm32c0xx_hal_dma.o
 .comment       0x00000043       0x44 ./Drivers/STM32C0xx_HAL_Driver/Src/stm32c0xx_hal_gpio.o
 .comment       0x00000043       0x44 ./Drivers/STM32C0xx_HAL_Driver/Src/stm32c0xx_hal_i2c.o
 .comment       0x00000043       0x44 ./Drivers/STM32C0xx_HAL_Driver/Src/stm32c0xx_hal_i2c_ex.o
 .comment       0x00000043       0x44 ./Drivers/STM32C0xx_HAL_Driver/Src/stm32c0xx_hal_rcc.o
 .comment       0x00000043       0x44 ./Drivers/STM32C0xx_HAL_Driver/Src/stm32c0xx_hal_rcc_ex.o
 .comment       0x00000043       0x44 ./Drivers/STM32C0xx_HAL_Driver/Src/stm32c0xx_hal_uart.o
 .comment       0x00000043       0x44 ./Drivers/STM32C0xx_HAL_Driver/Src/stm32c0xx_hal_uart_ex.o

.debug_frame    0x00000000     0x3a3c
 .debug_frame   0x00000000      0x148 ./Core/Src/main.o
 .debug_frame   0x00000148      0x2b8 ./Core/Src/modbus.o
 .debug_frame   0x00000400       0xf0 ./Core/Src/stm32c0xx_hal_msp.o
 .debug_frame   0x000004f0      0x128 ./Core/Src/stm32c0xx_it.o
 .debug_frame   0x00000618       0x4c ./Core/Src/system_stm32c0xx.o
 .debug_frame   0x00000664      0x524 ./Core/Src/vl53l0x.o
 .debug_frame   0x00000b88      0x368 ./Drivers/STM32C0xx_HAL_Driver/Src/stm32c0xx_hal.o
 .debug_frame   0x00000ef0      0x7d0 ./Drivers/STM32C0xx_HAL_Driver/Src/stm32c0xx_hal_adc.o
 .debug_frame   0x000016c0      0x33c ./Drivers/STM32C0xx_HAL_Driver/Src/stm32c0xx_hal_cortex.o
 .debug_frame   0x000019fc      0x1f0 ./Drivers/STM32C0xx_HAL_Driver/Src/stm32c0xx_hal_dma.o
 .debug_frame   0x00001bec      0x150 ./Drivers/STM32C0xx_HAL_Driver/Src/stm32c0xx_hal_gpio.o
 .debug_frame   0x00001d3c      0xa68 ./Drivers/STM32C0xx_HAL_Driver/Src/stm32c0xx_hal_i2c.o
 .debug_frame   0x000027a4       0xd0 ./Drivers/STM32C0xx_HAL_Driver/Src/stm32c0xx_hal_i2c_ex.o
 .debug_frame   0x00002874      0x214 ./Drivers/STM32C0xx_HAL_Driver/Src/stm32c0xx_hal_rcc.o
 .debug_frame   0x00002a88      0x1bc ./Drivers/STM32C0xx_HAL_Driver/Src/stm32c0xx_hal_rcc_ex.o
 .debug_frame   0x00002c44      0x8d4 ./Drivers/STM32C0xx_HAL_Driver/Src/stm32c0xx_hal_uart.o
 .debug_frame   0x00003518      0x258 ./Drivers/STM32C0xx_HAL_Driver/Src/stm32c0xx_hal_uart_ex.o
 .debug_frame   0x00003770       0x20 C:/STM32CubeIDE_1.14.0/STM32CubeIDE/plugins/com.st.stm32cube.ide.mcu.externaltools.gnu-tools-for-stm32.12.3.rel1.win32_1.0.200.202406191623/tools/bin/../lib/gcc/arm-none-eabi/12.3.1/../../../../arm-none-eabi/lib/thumb/v6-m/nofp\libc_nano.a(libc_a-memset.o)
 .debug_frame   0x00003790       0x2c C:/STM32CubeIDE_1.14.0/STM32CubeIDE/plugins/com.st.stm32cube.ide.mcu.externaltools.gnu-tools-for-stm32.12.3.rel1.win32_1.0.200.202406191623/tools/bin/../lib/gcc/arm-none-eabi/12.3.1/../../../../arm-none-eabi/lib/thumb/v6-m/nofp\libc_nano.a(libc_a-init.o)
 .debug_frame   0x000037bc       0x28 C:/STM32CubeIDE_1.14.0/STM32CubeIDE/plugins/com.st.stm32cube.ide.mcu.externaltools.gnu-tools-for-stm32.12.3.rel1.win32_1.0.200.202406191623/tools/bin/../lib/gcc/arm-none-eabi/12.3.1/../../../../arm-none-eabi/lib/thumb/v6-m/nofp\libc_nano.a(libc_a-memcpy-stub.o)
 .debug_frame   0x000037e4       0x20 C:/STM32CubeIDE_1.14.0/STM32CubeIDE/plugins/com.st.stm32cube.ide.mcu.externaltools.gnu-tools-for-stm32.12.3.rel1.win32_1.0.200.202406191623/tools/bin/../lib/gcc/arm-none-eabi/12.3.1/thumb/v6-m/nofp\libgcc.a(_udivsi3.o)
 .debug_frame   0x00003804       0x20 C:/STM32CubeIDE_1.14.0/STM32CubeIDE/plugins/com.st.stm32cube.ide.mcu.externaltools.gnu-tools-for-stm32.12.3.rel1.win32_1.0.200.202406191623/tools/bin/../lib/gcc/arm-none-eabi/12.3.1/thumb/v6-m/nofp\libgcc.a(_divsi3.o)
 .debug_frame   0x00003824       0x28 C:/STM32CubeIDE_1.14.0/STM32CubeIDE/plugins/com.st.stm32cube.ide.mcu.externaltools.gnu-tools-for-stm32.12.3.rel1.win32_1.0.200.202406191623/tools/bin/../lib/gcc/arm-none-eabi/12.3.1/thumb/v6-m/nofp\libgcc.a(_fixunssfsi.o)
 .debug_frame   0x0000384c       0x2c C:/STM32CubeIDE_1.14.0/STM32CubeIDE/plugins/com.st.stm32cube.ide.mcu.externaltools.gnu-tools-for-stm32.12.3.rel1.win32_1.0.200.202406191623/tools/bin/../lib/gcc/arm-none-eabi/12.3.1/thumb/v6-m/nofp\libgcc.a(eqsf2.o)
 .debug_frame   0x00003878       0x2c C:/STM32CubeIDE_1.14.0/STM32CubeIDE/plugins/com.st.stm32cube.ide.mcu.externaltools.gnu-tools-for-stm32.12.3.rel1.win32_1.0.200.202406191623/tools/bin/../lib/gcc/arm-none-eabi/12.3.1/thumb/v6-m/nofp\libgcc.a(gesf2.o)
 .debug_frame   0x000038a4       0x2c C:/STM32CubeIDE_1.14.0/STM32CubeIDE/plugins/com.st.stm32cube.ide.mcu.externaltools.gnu-tools-for-stm32.12.3.rel1.win32_1.0.200.202406191623/tools/bin/../lib/gcc/arm-none-eabi/12.3.1/thumb/v6-m/nofp\libgcc.a(lesf2.o)
 .debug_frame   0x000038d0       0x38 C:/STM32CubeIDE_1.14.0/STM32CubeIDE/plugins/com.st.stm32cube.ide.mcu.externaltools.gnu-tools-for-stm32.12.3.rel1.win32_1.0.200.202406191623/tools/bin/../lib/gcc/arm-none-eabi/12.3.1/thumb/v6-m/nofp\libgcc.a(mulsf3.o)
 .debug_frame   0x00003908       0x38 C:/STM32CubeIDE_1.14.0/STM32CubeIDE/plugins/com.st.stm32cube.ide.mcu.externaltools.gnu-tools-for-stm32.12.3.rel1.win32_1.0.200.202406191623/tools/bin/../lib/gcc/arm-none-eabi/12.3.1/thumb/v6-m/nofp\libgcc.a(subsf3.o)
 .debug_frame   0x00003940       0x20 C:/STM32CubeIDE_1.14.0/STM32CubeIDE/plugins/com.st.stm32cube.ide.mcu.externaltools.gnu-tools-for-stm32.12.3.rel1.win32_1.0.200.202406191623/tools/bin/../lib/gcc/arm-none-eabi/12.3.1/thumb/v6-m/nofp\libgcc.a(fixsfsi.o)
 .debug_frame   0x00003960       0x38 C:/STM32CubeIDE_1.14.0/STM32CubeIDE/plugins/com.st.stm32cube.ide.mcu.externaltools.gnu-tools-for-stm32.12.3.rel1.win32_1.0.200.202406191623/tools/bin/../lib/gcc/arm-none-eabi/12.3.1/thumb/v6-m/nofp\libgcc.a(eqdf2.o)
 .debug_frame   0x00003998       0x3c C:/STM32CubeIDE_1.14.0/STM32CubeIDE/plugins/com.st.stm32cube.ide.mcu.externaltools.gnu-tools-for-stm32.12.3.rel1.win32_1.0.200.202406191623/tools/bin/../lib/gcc/arm-none-eabi/12.3.1/thumb/v6-m/nofp\libgcc.a(gedf2.o)
 .debug_frame   0x000039d4       0x3c C:/STM32CubeIDE_1.14.0/STM32CubeIDE/plugins/com.st.stm32cube.ide.mcu.externaltools.gnu-tools-for-stm32.12.3.rel1.win32_1.0.200.202406191623/tools/bin/../lib/gcc/arm-none-eabi/12.3.1/thumb/v6-m/nofp\libgcc.a(ledf2.o)
 .debug_frame   0x00003a10       0x2c C:/STM32CubeIDE_1.14.0/STM32CubeIDE/plugins/com.st.stm32cube.ide.mcu.externaltools.gnu-tools-for-stm32.12.3.rel1.win32_1.0.200.202406191623/tools/bin/../lib/gcc/arm-none-eabi/12.3.1/thumb/v6-m/nofp\libgcc.a(extendsfdf2.o)

.debug_line_str
                0x00000000       0x56
 .debug_line_str
                0x00000000       0x56 ./Core/Startup/startup_stm32c071cbtx.o
