Archive member included to satisfy reference by file (symbol)

C:/STM32CubeIDE_1.14.0/STM32CubeIDE/plugins/com.st.stm32cube.ide.mcu.externaltools.gnu-tools-for-stm32.12.3.rel1.win32_1.0.200.202406191623/tools/bin/../lib/gcc/arm-none-eabi/12.3.1/../../../../arm-none-eabi/lib/thumb/v6-m/nofp\libc_nano.a(libc_a-exit.o)
                              C:/STM32CubeIDE_1.14.0/STM32CubeIDE/plugins/com.st.stm32cube.ide.mcu.externaltools.gnu-tools-for-stm32.12.3.rel1.win32_1.0.200.202406191623/tools/bin/../lib/gcc/arm-none-eabi/12.3.1/../../../../arm-none-eabi/lib/thumb/v6-m/nofp/crt0.o (exit)
C:/STM32CubeIDE_1.14.0/STM32CubeIDE/plugins/com.st.stm32cube.ide.mcu.externaltools.gnu-tools-for-stm32.12.3.rel1.win32_1.0.200.202406191623/tools/bin/../lib/gcc/arm-none-eabi/12.3.1/../../../../arm-none-eabi/lib/thumb/v6-m/nofp\libc_nano.a(libc_a-findfp.o)
                              C:/STM32CubeIDE_1.14.0/STM32CubeIDE/plugins/com.st.stm32cube.ide.mcu.externaltools.gnu-tools-for-stm32.12.3.rel1.win32_1.0.200.202406191623/tools/bin/../lib/gcc/arm-none-eabi/12.3.1/../../../../arm-none-eabi/lib/thumb/v6-m/nofp\libc_nano.a(libc_a-exit.o) (__stdio_exit_handler)
C:/STM32CubeIDE_1.14.0/STM32CubeIDE/plugins/com.st.stm32cube.ide.mcu.externaltools.gnu-tools-for-stm32.12.3.rel1.win32_1.0.200.202406191623/tools/bin/../lib/gcc/arm-none-eabi/12.3.1/../../../../arm-none-eabi/lib/thumb/v6-m/nofp\libc_nano.a(libc_a-fwalk.o)
                              C:/STM32CubeIDE_1.14.0/STM32CubeIDE/plugins/com.st.stm32cube.ide.mcu.externaltools.gnu-tools-for-stm32.12.3.rel1.win32_1.0.200.202406191623/tools/bin/../lib/gcc/arm-none-eabi/12.3.1/../../../../arm-none-eabi/lib/thumb/v6-m/nofp\libc_nano.a(libc_a-findfp.o) (_fwalk_sglue)
C:/STM32CubeIDE_1.14.0/STM32CubeIDE/plugins/com.st.stm32cube.ide.mcu.externaltools.gnu-tools-for-stm32.12.3.rel1.win32_1.0.200.202406191623/tools/bin/../lib/gcc/arm-none-eabi/12.3.1/../../../../arm-none-eabi/lib/thumb/v6-m/nofp\libc_nano.a(libc_a-stdio.o)
                              C:/STM32CubeIDE_1.14.0/STM32CubeIDE/plugins/com.st.stm32cube.ide.mcu.externaltools.gnu-tools-for-stm32.12.3.rel1.win32_1.0.200.202406191623/tools/bin/../lib/gcc/arm-none-eabi/12.3.1/../../../../arm-none-eabi/lib/thumb/v6-m/nofp\libc_nano.a(libc_a-findfp.o) (__sread)
C:/STM32CubeIDE_1.14.0/STM32CubeIDE/plugins/com.st.stm32cube.ide.mcu.externaltools.gnu-tools-for-stm32.12.3.rel1.win32_1.0.200.202406191623/tools/bin/../lib/gcc/arm-none-eabi/12.3.1/../../../../arm-none-eabi/lib/thumb/v6-m/nofp\libc_nano.a(libc_a-memset.o)
                              C:/STM32CubeIDE_1.14.0/STM32CubeIDE/plugins/com.st.stm32cube.ide.mcu.externaltools.gnu-tools-for-stm32.12.3.rel1.win32_1.0.200.202406191623/tools/bin/../lib/gcc/arm-none-eabi/12.3.1/../../../../arm-none-eabi/lib/thumb/v6-m/nofp/crt0.o (memset)
C:/STM32CubeIDE_1.14.0/STM32CubeIDE/plugins/com.st.stm32cube.ide.mcu.externaltools.gnu-tools-for-stm32.12.3.rel1.win32_1.0.200.202406191623/tools/bin/../lib/gcc/arm-none-eabi/12.3.1/../../../../arm-none-eabi/lib/thumb/v6-m/nofp\libc_nano.a(libc_a-closer.o)
                              C:/STM32CubeIDE_1.14.0/STM32CubeIDE/plugins/com.st.stm32cube.ide.mcu.externaltools.gnu-tools-for-stm32.12.3.rel1.win32_1.0.200.202406191623/tools/bin/../lib/gcc/arm-none-eabi/12.3.1/../../../../arm-none-eabi/lib/thumb/v6-m/nofp\libc_nano.a(libc_a-stdio.o) (_close_r)
C:/STM32CubeIDE_1.14.0/STM32CubeIDE/plugins/com.st.stm32cube.ide.mcu.externaltools.gnu-tools-for-stm32.12.3.rel1.win32_1.0.200.202406191623/tools/bin/../lib/gcc/arm-none-eabi/12.3.1/../../../../arm-none-eabi/lib/thumb/v6-m/nofp\libc_nano.a(libc_a-reent.o)
                              C:/STM32CubeIDE_1.14.0/STM32CubeIDE/plugins/com.st.stm32cube.ide.mcu.externaltools.gnu-tools-for-stm32.12.3.rel1.win32_1.0.200.202406191623/tools/bin/../lib/gcc/arm-none-eabi/12.3.1/../../../../arm-none-eabi/lib/thumb/v6-m/nofp\libc_nano.a(libc_a-closer.o) (errno)
C:/STM32CubeIDE_1.14.0/STM32CubeIDE/plugins/com.st.stm32cube.ide.mcu.externaltools.gnu-tools-for-stm32.12.3.rel1.win32_1.0.200.202406191623/tools/bin/../lib/gcc/arm-none-eabi/12.3.1/../../../../arm-none-eabi/lib/thumb/v6-m/nofp\libc_nano.a(libc_a-impure.o)
                              C:/STM32CubeIDE_1.14.0/STM32CubeIDE/plugins/com.st.stm32cube.ide.mcu.externaltools.gnu-tools-for-stm32.12.3.rel1.win32_1.0.200.202406191623/tools/bin/../lib/gcc/arm-none-eabi/12.3.1/../../../../arm-none-eabi/lib/thumb/v6-m/nofp\libc_nano.a(libc_a-reent.o) (_impure_ptr)
C:/STM32CubeIDE_1.14.0/STM32CubeIDE/plugins/com.st.stm32cube.ide.mcu.externaltools.gnu-tools-for-stm32.12.3.rel1.win32_1.0.200.202406191623/tools/bin/../lib/gcc/arm-none-eabi/12.3.1/../../../../arm-none-eabi/lib/thumb/v6-m/nofp\libc_nano.a(libc_a-lseekr.o)
[...]
Memory Configuration

Name             Origin             Length             Attributes
RAM              0x20000000         0x00006000         xrw
FLASH            0x08000000         0x00020000         xr
*default*        0x00000000         0xffffffff

Linker script and memory map

LOAD C:/STM32CubeIDE_1.14.0/STM32CubeIDE/plugins/com.st.stm32cube.ide.mcu.externaltools.gnu-tools-for-stm32.12.3.rel1.win32_1.0.200.202406191623/tools/bin/../lib/gcc/arm-none-eabi/12.3.1/thumb/v6-m/nofp/crti.o
LOAD C:/STM32CubeIDE_1.14.0/STM32CubeIDE/plugins/com.st.stm32cube.ide.mcu.externaltools.gnu-tools-for-stm32.12.3.rel1.win32_1.0.200.202406191623/tools/bin/../lib/gcc/arm-none-eabi/12.3.1/thumb/v6-m/nofp/crtbegin.o
LOAD C:/STM32CubeIDE_1.14.0/STM32CubeIDE/plugins/com.st.stm32cube.ide.mcu.externaltools.gnu-tools-for-stm32.12.3.rel1.win32_1.0.200.202406191623/tools/bin/../lib/gcc/arm-none-eabi/12.3.1/../../../../arm-none-eabi/lib/thumb/v6-m/nofp/crt0.o
LOAD ./Core/Src/main.o
LOAD ./Core/Src/modbus.o
LOAD ./Core/Src/sensor_adc.o
LOAD ./Core/Src/stm32c0xx_hal_msp.o
LOAD ./Core/Src/stm32c0xx_it.o
LOAD ./Core/Src/syscalls.o
LOAD ./Core/Src/sysmem.o
LOAD ./Core/Src/system_stm32c0xx.o
LOAD ./Core/Src/vl53l0x.o
LOAD ./Core/Startup/startup_stm32c071cbtx.o
LOAD ./Drivers/STM32C0xx_HAL_Driver/Src/stm32c0xx_hal.o
LOAD ./Drivers/STM32C0xx_HAL_Driver/Src/stm32c0xx_hal_adc.o
LOAD ./Drivers/STM32C0xx_HAL_Driver/Src/stm32c0xx_hal_adc_ex.o
LOAD ./Drivers/STM32C0xx_HAL_Driver/Src/stm32c0xx_hal_cortex.o
LOAD ./Drivers/STM32C0xx_HAL_Driver/Src/stm32c0xx_hal_dma.o
LOAD ./Drivers/STM32C0xx_HAL_Driver/Src/stm32c0xx_hal_dma_ex.o
LOAD ./Drivers/STM32C0xx_HAL_Driver/Src/stm32c0xx_hal_exti.o
LOAD ./Drivers/STM32C0xx_HAL_Driver/Src/stm32c0xx_hal_flash.o
LOAD ./Drivers/STM32C0xx_HAL_Driver/Src/stm32c0xx_hal_flash_ex.o
LOAD ./Drivers/STM32C0xx_HAL_Driver/Src/stm32c0xx_hal_gpio.o
LOAD ./Drivers/STM32C0xx_HAL_Driver/Src/stm32c0xx_hal_i2c.o
LOAD ./Drivers/STM32C0xx_HAL_Driver/Src/stm32c0xx_hal_i2c_ex.o
LOAD ./Drivers/STM32C0xx_HAL_Driver/Src/stm32c0xx_hal_pwr.o
LOAD ./Drivers/STM32C0xx_HAL_Driver/Src/stm32c0xx_hal_pwr_ex.o
LOAD ./Drivers/STM32C0xx_HAL_Driver/Src/stm32c0xx_hal_rcc.o
LOAD ./Drivers/STM32C0xx_HAL_Driver/Src/stm32c0xx_hal_rcc_ex.o
LOAD ./Drivers/STM32C0xx_HAL_Driver/Src/stm32c0xx_hal_tim.o
LOAD ./Drivers/STM32C0xx_HAL_Driver/Src/stm32c0xx_hal_tim_ex.o
LOAD ./Drivers/STM32C0xx_HAL_Driver/Src/stm32c0xx_hal_uart.o
LOAD ./Drivers/STM32C0xx_HAL_Driver/Src/stm32c0xx_hal_uart_ex.o
START GROUP
LOAD C:/STM32CubeIDE_1.14.0/STM32CubeIDE/plugins/com.st.stm32cube.ide.mcu.externaltools.gnu-tools-for-stm32.12.3.rel1.win32_1.0.200.202406191623/tools/bin/../lib/gcc/arm-none-eabi/12.3.1/../../../../arm-none-eabi/lib/thumb/v6-m/nofp\libc_nano.a
LOAD C:/STM32CubeIDE_1.14.0/STM32CubeIDE/plugins/com.st.stm32cube.ide.mcu.externaltools.gnu-tools-for-stm32.12.3.rel1.win32_1.0.200.202406191623/tools/bin/../lib/gcc/arm-none-eabi/12.3.1/../../../../arm-none-eabi/lib/thumb/v6-m/nofp\libm.a
END GROUP
START GROUP
LOAD C:/STM32CubeIDE_1.14.0/STM32CubeIDE/plugins/com.st.stm32cube.ide.mcu.externaltools.gnu-tools-for-stm32.12.3.rel1.win32_1.0.200.202406191623/tools/bin/../lib/gcc/arm-none-eabi/12.3.1/thumb/v6-m/nofp\libgcc.a
LOAD C:/STM32CubeIDE_1.14.0/STM32CubeIDE/plugins/com.st.stm32cube.ide.mcu.externaltools.gnu-tools-for-stm32.12.3.rel1.win32_1.0.200.202406191623/tools/bin/../lib/gcc/arm-none-eabi/12.3.1/../../../../arm-none-eabi/lib/thumb/v6-m/nofp\libc_nano.a
END GROUP
START GROUP
LOAD C:/STM32CubeIDE_1.14.0/STM32CubeIDE/plugins/com.st.stm32cube.ide.mcu.externaltools.gnu-tools-for-stm32.12.3.rel1.win32_1.0.200.202406191623/tools/bin/../lib/gcc/arm-none-eabi/12.3.1/thumb/v6-m/nofp\libgcc.a
LOAD C:/STM32CubeIDE_1.14.0/STM32CubeIDE/plugins/com.st.stm32cube.ide.mcu.externaltools.gnu-tools-for-stm32.12.3.rel1.win32_1.0.200.202406191623/tools/bin/../lib/gcc/arm-none-eabi/12.3.1/../../../../arm-none-eabi/lib/thumb/v6-m/nofp\libc_nano.a
LOAD C:/STM32CubeIDE_1.14.0/STM32CubeIDE/plugins/com.st.stm32cube.ide.mcu.externaltools.gnu-tools-for-stm32.12.3.rel1.win32_1.0.200.202406191623/tools/bin/../lib/gcc/arm-none-eabi/12.3.1/../../../../arm-none-eabi/lib/thumb/v6-m/nofp\libnosys.a
END GROUP
START GROUP
LOAD C:/STM32CubeIDE_1.14.0/STM32CubeIDE/plugins/com.st.stm32cube.ide.mcu.externaltools.gnu-tools-for-stm32.12.3.rel1.win32_1.0.200.202406191623/tools/bin/../lib/gcc/arm-none-eabi/12.3.1/thumb/v6-m/nofp\libgcc.a
LOAD C:/STM32CubeIDE_1.14.0/STM32CubeIDE/plugins/com.st.stm32cube.ide.mcu.externaltools.gnu-tools-for-stm32.12.3.rel1.win32_1.0.200.202406191623/tools/bin/../lib/gcc/arm-none-eabi/12.3.1/../../../../arm-none-eabi/lib/thumb/v6-m/nofp\libc_nano.a
LOAD C:/STM32CubeIDE_1.14.0/STM32CubeIDE/plugins/com.st.stm32cube.ide.mcu.externaltools.gnu-tools-for-stm32.12.3.rel1.win32_1.0.200.202406191623/tools/bin/../lib/gcc/arm-none-eabi/12.3.1/../../../../arm-none-eabi/lib/thumb/v6-m/nofp\libnosys.a
END GROUP
LOAD C:/STM32CubeIDE_1.14.0/STM32CubeIDE/plugins/com.st.stm32cube.ide.mcu.externaltools.gnu-tools-for-stm32.12.3.rel1.win32_1.0.200.202406191623/tools/bin/../lib/gcc/arm-none-eabi/12.3.1/thumb/v6-m/nofp/crtend.o
LOAD C:/STM32CubeIDE_1.14.0/STM32CubeIDE/plugins/com.st.stm32cube.ide.mcu.externaltools.gnu-tools-for-stm32.12.3.rel1.win32_1.0.200.202406191623/tools/bin/../lib/gcc/arm-none-eabi/12.3.1/thumb/v6-m/nofp/crtn.o
                0x20006000                        _estack = (ORIGIN (RAM) + LENGTH (RAM))
                0x00000200                        _Min_Heap_Size = 0x200
                0x00000400                        _Min_Stack_Size = 0x400

.isr_vector     0x08000000       0xc0
                0x08000000                        . = ALIGN (0x4)
 *(.isr_vector)
 .isr_vector    0x08000000       0xc0 ./Core/Startup/startup_stm32c071cbtx.o
                0x08000000                g_pfnVectors
                0x080000c0                        . = ALIGN (0x4)

.text           0x080000c0     0x593c
                0x080000c0                        . = ALIGN (0x4)
 *(.text)
 .text          0x080000c0       0x48 C:/STM32CubeIDE_1.14.0/STM32CubeIDE/plugins/com.st.stm32cube.ide.mcu.externaltools.gnu-tools-for-stm32.12.3.rel1.win32_1.0.200.202406191623/tools/bin/../lib/gcc/arm-none-eabi/12.3.1/thumb/v6-m/nofp/crtbegin.o
 .text          0x08000108      0x114 C:/STM32CubeIDE_1.14.0/STM32CubeIDE/plugins/com.st.stm32cube.ide.mcu.externaltools.gnu-tools-for-stm32.12.3.rel1.win32_1.0.200.202406191623/tools/bin/../lib/gcc/arm-none-eabi/12.3.1/thumb/v6-m/nofp\libgcc.a(_udivsi3.o)
                0x08000108                __aeabi_uidiv
                0x08000108                __udivsi3
                0x08000214                __aeabi_uidivmod
 .text          0x0800021c      0x1d4 C:/STM32CubeIDE_1.14.0/STM32CubeIDE/plugins/com.st.stm32cube.ide.mcu.externaltools.gnu-tools-for-stm32.12.3.rel1.win32_1.0.200.202406191623/tools/bin/../lib/gcc/arm-none-eabi/12.3.1/thumb/v6-m/nofp\libgcc.a(_divsi3.o)
                0x0800021c                __divsi3
                0x0800021c                __aeabi_idiv
                0x080003e8                __aeabi_idivmod
 .text          0x080003f0        0x4 C:/STM32CubeIDE_1.14.0/STM32CubeIDE/plugins/com.st.stm32cube.ide.mcu.externaltools.gnu-tools-for-stm32.12.3.rel1.win32_1.0.200.202406191623/tools/bin/../lib/gcc/arm-none-eabi/12.3.1/thumb/v6-m/nofp\libgcc.a(_dvmd_tls.o)
                0x080003f0                __aeabi_idiv0
                0x080003f0                __aeabi_ldiv0
 *(.text*)
 .text.HAL_ADC_ConvCpltCallback
                0x080003f4       0x10 ./Core/Src/main.o
                0x080003f4                HAL_ADC_ConvCpltCallback
 .text.HAL_ADC_ConvHalfCpltCallback
                0x08000404       0x10 ./Core/Src/main.o
                0x08000404                HAL_ADC_ConvHalfCpltCallback
 .text.HAL_ADC_ErrorCallback
                0x08000414       0x10 ./Core/Src/main.o
                0x08000414                HAL_ADC_ErrorCallback
 .text.main     0x08000424      0x384 ./Core/Src/main.o
                0x08000424                main
 .text.SystemClock_Config
                0x080007a8       0x7a ./Core/Src/main.o
                0x080007a8                SystemClock_Config
 *fill*         0x08000822        0x2 
 .text.MX_ADC1_Init
                0x08000824      0x118 ./Core/Src/main.o
 .text.MX_I2C1_Init
                0x0800093c       0x80 ./Core/Src/main.o
 .text.MX_USART1_UART_Init
                0x080009bc       0xa0 ./Core/Src/main.o
 .text.MX_DMA_Init
                0x08000a5c       0x5c ./Core/Src/main.o
 .text.MX_GPIO_Init
                0x08000ab8      0x148 ./Core/Src/main.o
 .text.Error_Handler
                0x08000c00        0xc ./Core/Src/main.o
                0x08000c00                Error_Handler
 .text.HAL_UARTEx_RxEventCallback
                0x08000c0c      0x154 ./Core/Src/modbus.o
                0x08000c0c                HAL_UARTEx_RxEventCallback
 .text.HAL_UART_TxCpltCallback
                0x08000d60       0x1c ./Core/Src/modbus.o
                0x08000d60                HAL_UART_TxCpltCallback
 .text.HAL_UART_ErrorCallback
                0x08000d7c       0x30 ./Core/Src/modbus.o
                0x08000d7c                HAL_UART_ErrorCallback
 .text.modbus_rx
                0x08000dac       0x24 ./Core/Src/modbus.o
                0x08000dac                modbus_rx
 .text.return_holding_registers
                0x08000dd0      0x158 ./Core/Src/modbus.o
                0x08000dd0                return_holding_registers
 .text.edit_multiple_registers
                0x08000f28      0x204 ./Core/Src/modbus.o
                0x08000f28                edit_multiple_registers
 .text.modbus_exception
                0x0800112c       0x50 ./Core/Src/modbus.o
                0x0800112c                modbus_exception
 .text.handle_range
                0x0800117c      0x178 ./Core/Src/modbus.o
                0x0800117c                handle_range
 .text.modbus_send
                0x080012f4       0xac ./Core/Src/modbus.o
                0x080012f4                modbus_send
 .text.modbus_reset
                0x080013a0       0xdc ./Core/Src/modbus.o
                0x080013a0                modbus_reset
 .text.modbus_set_rx
                0x0800147c       0x44 ./Core/Src/modbus.o
                0x0800147c                modbus_set_rx
 .text.monitor_modbus
                0x080014c0       0xc8 ./Core/Src/modbus.o
                0x080014c0                monitor_modbus
 .text.modbus_change_baud_rate
                0x08001588      0x10c ./Core/Src/modbus.o
                0x08001588                modbus_change_baud_rate
 .text.get_rx_buffer
                0x08001694       0x64 ./Core/Src/modbus.o
                0x08001694                get_rx_buffer
 .text.handle_modbus_error
                0x080016f8       0x3c ./Core/Src/modbus.o
                0x080016f8                handle_modbus_error
 .text.crc_16   0x08001734       0x8c ./Core/Src/modbus.o
                0x08001734                crc_16
 .text.handle_chunk_miss
                0x080017c0       0x68 ./Core/Src/modbus.o
                0x080017c0                handle_chunk_miss
 .text.HAL_MspInit
                0x08001828       0x48 ./Core/Src/stm32c0xx_hal_msp.o
                0x08001828                HAL_MspInit
 .text.HAL_ADC_MspInit
                0x08001870      0x114 ./Core/Src/stm32c0xx_hal_msp.o
                0x08001870                HAL_ADC_MspInit
 .text.HAL_I2C_MspInit
                0x08001984      0x17c ./Core/Src/stm32c0xx_hal_msp.o
                0x08001984                HAL_I2C_MspInit
 .text.HAL_UART_MspInit
                0x08001b00      0x210 ./Core/Src/stm32c0xx_hal_msp.o
                0x08001b00                HAL_UART_MspInit
 .text.HAL_UART_MspDeInit
                0x08001d10       0x78 ./Core/Src/stm32c0xx_hal_msp.o
                0x08001d10                HAL_UART_MspDeInit
 .text.NMI_Handler
                0x08001d88        0x8 ./Core/Src/stm32c0xx_it.o
                0x08001d88                NMI_Handler
 .text.HardFault_Handler
                0x08001d90        0x8 ./Core/Src/stm32c0xx_it.o
                0x08001d90                HardFault_Handler
 .text.SVC_Handler
                0x08001d98        0xa ./Core/Src/stm32c0xx_it.o
                0x08001d98                SVC_Handler
 .text.PendSV_Handler
                0x08001da2        0xa ./Core/Src/stm32c0xx_it.o
                0x08001da2                PendSV_Handler
 .text.SysTick_Handler
                0x08001dac        0xe ./Core/Src/stm32c0xx_it.o
                0x08001dac                SysTick_Handler
 *fill*         0x08001dba        0x2 
 .text.DMA1_Channel1_IRQHandler
                0x08001dbc       0x18 ./Core/Src/stm32c0xx_it.o
                0x08001dbc                DMA1_Channel1_IRQHandler
 .text.DMA1_Channel2_3_IRQHandler
                0x08001dd4       0x24 ./Core/Src/stm32c0xx_it.o
                0x08001dd4                DMA1_Channel2_3_IRQHandler
 .text.DMAMUX1_DMA1_CH4_5_IRQHandler
                0x08001df8       0x24 ./Core/Src/stm32c0xx_it.o
                0x08001df8                DMAMUX1_DMA1_CH4_5_IRQHandler
 .text.SystemInit
                0x08001e1c       0x18 ./Core/Src/system_stm32c0xx.o
                0x08001e1c                SystemInit
 .text.Reset_Handler
                0x08001e34       0x50 ./Core/Startup/startup_stm32c071cbtx.o
                0x08001e34                Reset_Handler
 .text.Default_Handler
                0x08001e84        0x2 ./Core/Startup/startup_stm32c071cbtx.o
                0x08001e84                TIM1_CC_IRQHandler
                0x08001e84                USB_DRD_FS_IRQHandler
                0x08001e84                I2C1_IRQHandler
                0x08001e84                RCC_CRS_IRQHandler
                0x08001e84                SPI1_IRQHandler
                0x08001e84                EXTI2_3_IRQHandler
                0x08001e84                ADC1_IRQHandler
                0x08001e84                I2C2_IRQHandler
                0x08001e84                TIM17_IRQHandler
                0x08001e84                RTC_IRQHandler
                0x08001e84                PVD_VDDIO2_IRQHandler
                0x08001e84                TIM16_IRQHandler
                0x08001e84                TIM3_IRQHandler
                0x08001e84                EXTI4_15_IRQHandler
                0x08001e84                Default_Handler
                0x08001e84                TIM14_IRQHandler
                0x08001e84                EXTI0_1_IRQHandler
                0x08001e84                SPI2_IRQHandler
                0x08001e84                WWDG_IRQHandler
                0x08001e84                TIM2_IRQHandler
                0x08001e84                USART2_IRQHandler
                0x08001e84                FLASH_IRQHandler
                0x08001e84                USART1_IRQHandler
                0x08001e84                TIM1_BRK_UP_TRG_COM_IRQHandler
 .text.HAL_Init
                0x08001e86       0x2e ./Drivers/STM32C0xx_HAL_Driver/Src/stm32c0xx_hal.o
                0x08001e86                HAL_Init
 .text.HAL_InitTick
                0x08001eb4       0x94 ./Drivers/STM32C0xx_HAL_Driver/Src/stm32c0xx_hal.o
                0x08001eb4                HAL_InitTick
 .text.HAL_IncTick
                0x08001f48       0x24 ./Drivers/STM32C0xx_HAL_Driver/Src/stm32c0xx_hal.o
                0x08001f48                HAL_IncTick
 .text.HAL_GetTick
                0x08001f6c       0x14 ./Drivers/STM32C0xx_HAL_Driver/Src/stm32c0xx_hal.o
                0x08001f6c                HAL_GetTick
 .text.HAL_Delay
                0x08001f80       0x48 ./Drivers/STM32C0xx_HAL_Driver/Src/stm32c0xx_hal.o
                0x08001f80                HAL_Delay
 .text.LL_ADC_SetCommonPathInternalCh
                0x08001fc8       0x28 ./Drivers/STM32C0xx_HAL_Driver/Src/stm32c0xx_hal_adc.o
 .text.LL_ADC_GetCommonPathInternalCh
                0x08001ff0       0x1a ./Drivers/STM32C0xx_HAL_Driver/Src/stm32c0xx_hal_adc.o
 .text.LL_ADC_SetSamplingTimeCommonChannels
                0x0800200a       0x3a ./Drivers/STM32C0xx_HAL_Driver/Src/stm32c0xx_hal_adc.o
 .text.LL_ADC_GetSamplingTimeCommonChannels
                0x08002044       0x2e ./Drivers/STM32C0xx_HAL_Driver/Src/stm32c0xx_hal_adc.o
 .text.LL_ADC_REG_IsTriggerSourceSWStart
                0x08002072       0x22 ./Drivers/STM32C0xx_HAL_Driver/Src/stm32c0xx_hal_adc.o
 .text.LL_ADC_REG_SetSequencerRanks
                0x08002094       0x40 ./Drivers/STM32C0xx_HAL_Driver/Src/stm32c0xx_hal_adc.o
 .text.LL_ADC_REG_SetSequencerChAdd
                0x080020d4       0x22 ./Drivers/STM32C0xx_HAL_Driver/Src/stm32c0xx_hal_adc.o
 .text.LL_ADC_REG_SetSequencerChRem
                0x080020f6       0x24 ./Drivers/STM32C0xx_HAL_Driver/Src/stm32c0xx_hal_adc.o
 *fill*         0x0800211a        0x2 
 .text.LL_ADC_SetChannelSamplingTime
                0x0800211c       0x38 ./Drivers/STM32C0xx_HAL_Driver/Src/stm32c0xx_hal_adc.o
 .text.LL_ADC_EnableInternalRegulator
                0x08002154       0x28 ./Drivers/STM32C0xx_HAL_Driver/Src/stm32c0xx_hal_adc.o
 .text.LL_ADC_IsInternalRegulatorEnabled
                0x0800217c       0x28 ./Drivers/STM32C0xx_HAL_Driver/Src/stm32c0xx_hal_adc.o
 .text.LL_ADC_Enable
                0x080021a4       0x24 ./Drivers/STM32C0xx_HAL_Driver/Src/stm32c0xx_hal_adc.o
 .text.LL_ADC_Disable
                0x080021c8       0x24 ./Drivers/STM32C0xx_HAL_Driver/Src/stm32c0xx_hal_adc.o
 .text.LL_ADC_IsEnabled
                0x080021ec       0x22 ./Drivers/STM32C0xx_HAL_Driver/Src/stm32c0xx_hal_adc.o
 *fill*         0x0800220e        0x2 
 .text.LL_ADC_REG_StartConversion
                0x08002210       0x24 ./Drivers/STM32C0xx_HAL_Driver/Src/stm32c0xx_hal_adc.o
 .text.LL_ADC_REG_IsConversionOngoing
                0x08002234       0x22 ./Drivers/STM32C0xx_HAL_Driver/Src/stm32c0xx_hal_adc.o
 *fill*         0x08002256        0x2 
 .text.HAL_ADC_Init
                0x08002258      0x34c ./Drivers/STM32C0xx_HAL_Driver/Src/stm32c0xx_hal_adc.o
                0x08002258                HAL_ADC_Init
 .text.HAL_ADC_Start_DMA
                0x080025a4      0x11c ./Drivers/STM32C0xx_HAL_Driver/Src/stm32c0xx_hal_adc.o
                0x080025a4                HAL_ADC_Start_DMA
 .text.HAL_ADC_ConfigChannel
                0x080026c0      0x3ac ./Drivers/STM32C0xx_HAL_Driver/Src/stm32c0xx_hal_adc.o
                0x080026c0                HAL_ADC_ConfigChannel
 .text.ADC_Enable
                0x08002a6c       0xfc ./Drivers/STM32C0xx_HAL_Driver/Src/stm32c0xx_hal_adc.o
                0x08002a6c                ADC_Enable
 .text.ADC_DMAConvCplt
                0x08002b68       0xc8 ./Drivers/STM32C0xx_HAL_Driver/Src/stm32c0xx_hal_adc.o
 .text.ADC_DMAHalfConvCplt
                0x08002c30       0x1e ./Drivers/STM32C0xx_HAL_Driver/Src/stm32c0xx_hal_adc.o
 .text.ADC_DMAError
                0x08002c4e       0x36 ./Drivers/STM32C0xx_HAL_Driver/Src/stm32c0xx_hal_adc.o
 .text.__NVIC_EnableIRQ
                0x08002c84       0x34 ./Drivers/STM32C0xx_HAL_Driver/Src/stm32c0xx_hal_cortex.o
 .text.__NVIC_SetPriority
                0x08002cb8       0xdc ./Drivers/STM32C0xx_HAL_Driver/Src/stm32c0xx_hal_cortex.o
 .text.SysTick_Config
                0x08002d94       0x48 ./Drivers/STM32C0xx_HAL_Driver/Src/stm32c0xx_hal_cortex.o
 .text.HAL_NVIC_SetPriority
                0x08002ddc       0x2a ./Drivers/STM32C0xx_HAL_Driver/Src/stm32c0xx_hal_cortex.o
                0x08002ddc                HAL_NVIC_SetPriority
 .text.HAL_NVIC_EnableIRQ
                0x08002e06       0x20 ./Drivers/STM32C0xx_HAL_Driver/Src/stm32c0xx_hal_cortex.o
                0x08002e06                HAL_NVIC_EnableIRQ
 .text.HAL_SYSTICK_Config
                0x08002e26       0x1a ./Drivers/STM32C0xx_HAL_Driver/Src/stm32c0xx_hal_cortex.o
                0x08002e26                HAL_SYSTICK_Config
 .text.HAL_DMA_Init
                0x08002e40      0x114 ./Drivers/STM32C0xx_HAL_Driver/Src/stm32c0xx_hal_dma.o
                0x08002e40                HAL_DMA_Init
 .text.HAL_DMA_DeInit
                0x08002f54       0xf0 ./Drivers/STM32C0xx_HAL_Driver/Src/stm32c0xx_hal_dma.o
                0x08002f54                HAL_DMA_DeInit
 .text.HAL_DMA_Start_IT
                0x08003044      0x10e ./Drivers/STM32C0xx_HAL_Driver/Src/stm32c0xx_hal_dma.o
                0x08003044                HAL_DMA_Start_IT
 *fill*         0x08003152        0x2 
 .text.HAL_DMA_Abort
                0x08003154       0xc4 ./Drivers/STM32C0xx_HAL_Driver/Src/stm32c0xx_hal_dma.o
                0x08003154                HAL_DMA_Abort
 .text.HAL_DMA_IRQHandler
                0x08003218      0x164 ./Drivers/STM32C0xx_HAL_Driver/Src/stm32c0xx_hal_dma.o
                0x08003218                HAL_DMA_IRQHandler
 .text.HAL_DMA_GetError
                0x0800337c       0x14 ./Drivers/STM32C0xx_HAL_Driver/Src/stm32c0xx_hal_dma.o
                0x0800337c                HAL_DMA_GetError
 .text.DMA_SetConfig
                0x08003390       0x80 ./Drivers/STM32C0xx_HAL_Driver/Src/stm32c0xx_hal_dma.o
 .text.DMA_CalcDMAMUXChannelBaseAndMask
                0x08003410       0x58 ./Drivers/STM32C0xx_HAL_Driver/Src/stm32c0xx_hal_dma.o
 .text.DMA_CalcDMAMUXRequestGenBaseAndMask
                0x08003468       0x48 ./Drivers/STM32C0xx_HAL_Driver/Src/stm32c0xx_hal_dma.o
 .text.HAL_GPIO_Init
                0x080034b0      0x2e4 ./Drivers/STM32C0xx_HAL_Driver/Src/stm32c0xx_hal_gpio.o
                0x080034b0                HAL_GPIO_Init
 .text.HAL_GPIO_DeInit
                0x08003794      0x1b0 ./Drivers/STM32C0xx_HAL_Driver/Src/stm32c0xx_hal_gpio.o
                0x08003794                HAL_GPIO_DeInit
 .text.HAL_GPIO_ReadPin
                0x08003944       0x3a ./Drivers/STM32C0xx_HAL_Driver/Src/stm32c0xx_hal_gpio.o
                0x08003944                HAL_GPIO_ReadPin
 .text.HAL_GPIO_WritePin
                0x0800397e       0x3a ./Drivers/STM32C0xx_HAL_Driver/Src/stm32c0xx_hal_gpio.o
                0x0800397e                HAL_GPIO_WritePin
 .text.HAL_I2C_Init
                0x080039b8      0x14c ./Drivers/STM32C0xx_HAL_Driver/Src/stm32c0xx_hal_i2c.o
                0x080039b8                HAL_I2C_Init
 .text.HAL_I2CEx_ConfigAnalogFilter
                0x08003b04       0x98 ./Drivers/STM32C0xx_HAL_Driver/Src/stm32c0xx_hal_i2c_ex.o
                0x08003b04                HAL_I2CEx_ConfigAnalogFilter
 .text.HAL_I2CEx_ConfigDigitalFilter
                0x08003b9c       0x98 ./Drivers/STM32C0xx_HAL_Driver/Src/stm32c0xx_hal_i2c_ex.o
                0x08003b9c                HAL_I2CEx_ConfigDigitalFilter
 .text.HAL_RCC_OscConfig
                0x08003c34      0x44c ./Drivers/STM32C0xx_HAL_Driver/Src/stm32c0xx_hal_rcc.o
                0x08003c34                HAL_RCC_OscConfig
 .text.HAL_RCC_ClockConfig
                0x08004080      0x230 ./Drivers/STM32C0xx_HAL_Driver/Src/stm32c0xx_hal_rcc.o
                0x08004080                HAL_RCC_ClockConfig
 .text.HAL_RCC_GetSysClockFreq
                0x080042b0       0xb0 ./Drivers/STM32C0xx_HAL_Driver/Src/stm32c0xx_hal_rcc.o
                0x080042b0                HAL_RCC_GetSysClockFreq
 .text.HAL_RCC_GetHCLKFreq
                0x08004360       0x3c ./Drivers/STM32C0xx_HAL_Driver/Src/stm32c0xx_hal_rcc.o
                0x08004360                HAL_RCC_GetHCLKFreq
 .text.HAL_RCC_GetPCLK1Freq
                0x0800439c       0x30 ./Drivers/STM32C0xx_HAL_Driver/Src/stm32c0xx_hal_rcc.o
                0x0800439c                HAL_RCC_GetPCLK1Freq
 .text.HAL_RCCEx_PeriphCLKConfig
                0x080043cc      0x1f8 ./Drivers/STM32C0xx_HAL_Driver/Src/stm32c0xx_hal_rcc_ex.o
                0x080043cc                HAL_RCCEx_PeriphCLKConfig
 .text.HAL_UART_DeInit
                0x080045c4       0x80 ./Drivers/STM32C0xx_HAL_Driver/Src/stm32c0xx_hal_uart.o
                0x080045c4                HAL_UART_DeInit
 .text.HAL_UART_Transmit_DMA
                0x08004644      0x124 ./Drivers/STM32C0xx_HAL_Driver/Src/stm32c0xx_hal_uart.o
                0x08004644                HAL_UART_Transmit_DMA
 .text.HAL_UART_Abort
                0x08004768      0x218 ./Drivers/STM32C0xx_HAL_Driver/Src/stm32c0xx_hal_uart.o
                0x08004768                HAL_UART_Abort
 .text.HAL_UART_TxHalfCpltCallback
                0x08004980       0x10 ./Drivers/STM32C0xx_HAL_Driver/Src/stm32c0xx_hal_uart.o
                0x08004980                HAL_UART_TxHalfCpltCallback
 .text.HAL_UART_RxCpltCallback
                0x08004990       0x10 ./Drivers/STM32C0xx_HAL_Driver/Src/stm32c0xx_hal_uart.o
                0x08004990                HAL_UART_RxCpltCallback
 .text.HAL_UART_RxHalfCpltCallback
                0x080049a0       0x10 ./Drivers/STM32C0xx_HAL_Driver/Src/stm32c0xx_hal_uart.o
                0x080049a0                HAL_UART_RxHalfCpltCallback
 .text.UART_SetConfig
                0x080049b0      0x2fc ./Drivers/STM32C0xx_HAL_Driver/Src/stm32c0xx_hal_uart.o
                0x080049b0                UART_SetConfig
 .text.UART_AdvFeatureConfig
                0x08004cac      0x168 ./Drivers/STM32C0xx_HAL_Driver/Src/stm32c0xx_hal_uart.o
                0x08004cac                UART_AdvFeatureConfig
 .text.UART_CheckIdleState
                0x08004e14      0x154 ./Drivers/STM32C0xx_HAL_Driver/Src/stm32c0xx_hal_uart.o
                0x08004e14                UART_CheckIdleState
 .text.UART_WaitOnFlagUntilTimeout
                0x08004f68       0xde ./Drivers/STM32C0xx_HAL_Driver/Src/stm32c0xx_hal_uart.o
                0x08004f68                UART_WaitOnFlagUntilTimeout
 *fill*         0x08005046        0x2 
 .text.UART_Start_Receive_DMA
                0x08005048      0x14c ./Drivers/STM32C0xx_HAL_Driver/Src/stm32c0xx_hal_uart.o
                0x08005048                UART_Start_Receive_DMA
 .text.UART_EndTxTransfer
                0x08005194       0x80 ./Drivers/STM32C0xx_HAL_Driver/Src/stm32c0xx_hal_uart.o
 .text.UART_EndRxTransfer
                0x08005214       0xcc ./Drivers/STM32C0xx_HAL_Driver/Src/stm32c0xx_hal_uart.o
 .text.UART_DMATransmitCplt
                0x080052e0       0x98 ./Drivers/STM32C0xx_HAL_Driver/Src/stm32c0xx_hal_uart.o
 .text.UART_DMATxHalfCplt
                0x08005378       0x1e ./Drivers/STM32C0xx_HAL_Driver/Src/stm32c0xx_hal_uart.o
 *fill*         0x08005396        0x2 
 .text.UART_DMAReceiveCplt
                0x08005398      0x130 ./Drivers/STM32C0xx_HAL_Driver/Src/stm32c0xx_hal_uart.o
 .text.UART_DMARxHalfCplt
                0x080054c8       0x42 ./Drivers/STM32C0xx_HAL_Driver/Src/stm32c0xx_hal_uart.o
 .text.UART_DMAError
                0x0800550a       0x86 ./Drivers/STM32C0xx_HAL_Driver/Src/stm32c0xx_hal_uart.o
 .text.HAL_RS485Ex_Init
                0x08005590       0xe4 ./Drivers/STM32C0xx_HAL_Driver/Src/stm32c0xx_hal_uart_ex.o
                0x08005590                HAL_RS485Ex_Init
 .text.HAL_UARTEx_DisableFifoMode
                0x08005674       0x74 ./Drivers/STM32C0xx_HAL_Driver/Src/stm32c0xx_hal_uart_ex.o
                0x08005674                HAL_UARTEx_DisableFifoMode
 .text.HAL_UARTEx_SetTxFifoThreshold
                0x080056e8       0x7e ./Drivers/STM32C0xx_HAL_Driver/Src/stm32c0xx_hal_uart_ex.o
                0x080056e8                HAL_UARTEx_SetTxFifoThreshold
 *fill*         0x08005766        0x2 
 .text.HAL_UARTEx_SetRxFifoThreshold
                0x08005768       0x84 ./Drivers/STM32C0xx_HAL_Driver/Src/stm32c0xx_hal_uart_ex.o
                0x08005768                HAL_UARTEx_SetRxFifoThreshold
 .text.HAL_UARTEx_ReceiveToIdle_DMA
                0x080057ec       0xd0 ./Drivers/STM32C0xx_HAL_Driver/Src/stm32c0xx_hal_uart_ex.o
                0x080057ec                HAL_UARTEx_ReceiveToIdle_DMA
 .text.UARTEx_SetNbDataToProcess
                0x080058bc       0xbc ./Drivers/STM32C0xx_HAL_Driver/Src/stm32c0xx_hal_uart_ex.o
 .text.memset   0x08005978       0x10 C:/STM32CubeIDE_1.14.0/STM32CubeIDE/plugins/com.st.stm32cube.ide.mcu.externaltools.gnu-tools-for-stm32.12.3.rel1.win32_1.0.200.202406191623/tools/bin/../lib/gcc/arm-none-eabi/12.3.1/../../../../arm-none-eabi/lib/thumb/v6-m/nofp\libc_nano.a(libc_a-memset.o)
                0x08005978                memset
 .text.__libc_init_array
                0x08005988       0x48 C:/STM32CubeIDE_1.14.0/STM32CubeIDE/plugins/com.st.stm32cube.ide.mcu.externaltools.gnu-tools-for-stm32.12.3.rel1.win32_1.0.200.202406191623/tools/bin/../lib/gcc/arm-none-eabi/12.3.1/../../../../arm-none-eabi/lib/thumb/v6-m/nofp\libc_nano.a(libc_a-init.o)
                0x08005988                __libc_init_array
 .text.memcpy   0x080059d0       0x12 C:/STM32CubeIDE_1.14.0/STM32CubeIDE/plugins/com.st.stm32cube.ide.mcu.externaltools.gnu-tools-for-stm32.12.3.rel1.win32_1.0.200.202406191623/tools/bin/../lib/gcc/arm-none-eabi/12.3.1/../../../../arm-none-eabi/lib/thumb/v6-m/nofp\libc_nano.a(libc_a-memcpy-stub.o)
                0x080059d0                memcpy
 *(.glue_7)
 .glue_7        0x080059e2        0x0 linker stubs
 *(.glue_7t)
 .glue_7t       0x080059e2        0x0 linker stubs
 *(.eh_frame)
 *fill*         0x080059e2        0x2 
 .eh_frame      0x080059e4        0x0 C:/STM32CubeIDE_1.14.0/STM32CubeIDE/plugins/com.st.stm32cube.ide.mcu.externaltools.gnu-tools-for-stm32.12.3.rel1.win32_1.0.200.202406191623/tools/bin/../lib/gcc/arm-none-eabi/12.3.1/thumb/v6-m/nofp/crtbegin.o
 *(.init)
 .init          0x080059e4        0x4 C:/STM32CubeIDE_1.14.0/STM32CubeIDE/plugins/com.st.stm32cube.ide.mcu.externaltools.gnu-tools-for-stm32.12.3.rel1.win32_1.0.200.202406191623/tools/bin/../lib/gcc/arm-none-eabi/12.3.1/thumb/v6-m/nofp/crti.o
                0x080059e4                _init
 .init          0x080059e8        0x8 C:/STM32CubeIDE_1.14.0/STM32CubeIDE/plugins/com.st.stm32cube.ide.mcu.externaltools.gnu-tools-for-stm32.12.3.rel1.win32_1.0.200.202406191623/tools/bin/../lib/gcc/arm-none-eabi/12.3.1/thumb/v6-m/nofp/crtn.o
 *(.fini)
 .fini          0x080059f0        0x4 C:/STM32CubeIDE_1.14.0/STM32CubeIDE/plugins/com.st.stm32cube.ide.mcu.externaltools.gnu-tools-for-stm32.12.3.rel1.win32_1.0.200.202406191623/tools/bin/../lib/gcc/arm-none-eabi/12.3.1/thumb/v6-m/nofp/crti.o
                0x080059f0                _fini
 .fini          0x080059f4        0x8 C:/STM32CubeIDE_1.14.0/STM32CubeIDE/plugins/com.st.stm32cube.ide.mcu.externaltools.gnu-tools-for-stm32.12.3.rel1.win32_1.0.200.202406191623/tools/bin/../lib/gcc/arm-none-eabi/12.3.1/thumb/v6-m/nofp/crtn.o
                0x080059fc                        . = ALIGN (0x4)
                0x080059fc                        _etext = .

.vfp11_veneer   0x080059fc        0x0
 .vfp11_veneer  0x080059fc        0x0 linker stubs

.v4_bx          0x080059fc        0x0
 .v4_bx         0x080059fc        0x0 linker stubs

.iplt           0x080059fc        0x0
 .iplt          0x080059fc        0x0 C:/STM32CubeIDE_1.14.0/STM32CubeIDE/plugins/com.st.stm32cube.ide.mcu.externaltools.gnu-tools-for-stm32.12.3.rel1.win32_1.0.200.202406191623/tools/bin/../lib/gcc/arm-none-eabi/12.3.1/thumb/v6-m/nofp/crtbegin.o

.rodata         0x080059fc      0x2e4
                0x080059fc                        . = ALIGN (0x4)
 *(.rodata)
 *(.rodata*)
 .rodata.table_crc_hi
                0x080059fc      0x100 ./Core/Src/modbus.o
 .rodata.table_crc_lo
                0x08005afc      0x100 ./Core/Src/modbus.o
 .rodata.handle_range
                0x08005bfc       0x34 ./Core/Src/modbus.o
 .rodata.modbus_change_baud_rate
                0x08005c30       0x28 ./Core/Src/modbus.o
 .rodata.AHBPrescTable
                0x08005c58       0x40 ./Core/Src/system_stm32c0xx.o
                0x08005c58                AHBPrescTable
 .rodata.APBPrescTable
                0x08005c98       0x20 ./Core/Src/system_stm32c0xx.o
                0x08005c98                APBPrescTable
 .rodata.UARTPrescTable
                0x08005cb8       0x18 ./Drivers/STM32C0xx_HAL_Driver/Src/stm32c0xx_hal_uart.o
                0x08005cb8                UARTPrescTable
 .rodata.numerator.1
                0x08005cd0        0x8 ./Drivers/STM32C0xx_HAL_Driver/Src/stm32c0xx_hal_uart_ex.o
 .rodata.denominator.0
                0x08005cd8        0x8 ./Drivers/STM32C0xx_HAL_Driver/Src/stm32c0xx_hal_uart_ex.o
                0x08005ce0                        . = ALIGN (0x4)

.ARM.extab      0x08005ce0        0x0
                0x08005ce0                        . = ALIGN (0x4)
 *(.ARM.extab* .gnu.linkonce.armextab.*)
                0x08005ce0                        . = ALIGN (0x4)

.ARM            0x08005ce0        0x0
                0x08005ce0                        . = ALIGN (0x4)
                0x08005ce0                        __exidx_start = .
 *(.ARM.exidx*)
                0x08005ce0                        __exidx_end = .
                0x08005ce0                        . = ALIGN (0x4)

.preinit_array  0x08005ce0        0x0
                0x08005ce0                        . = ALIGN (0x4)
                0x08005ce0                        PROVIDE (__preinit_array_start = .)
 *(.preinit_array*)
                0x08005ce0                        PROVIDE (__preinit_array_end = .)
                0x08005ce0                        . = ALIGN (0x4)

.init_array     0x08005ce0        0x4
                0x08005ce0                        . = ALIGN (0x4)
                0x08005ce0                        PROVIDE (__init_array_start = .)
 *(SORT_BY_NAME(.init_array.*))
 *(.init_array*)
 .init_array    0x08005ce0        0x4 C:/STM32CubeIDE_1.14.0/STM32CubeIDE/plugins/com.st.stm32cube.ide.mcu.externaltools.gnu-tools-for-stm32.12.3.rel1.win32_1.0.200.202406191623/tools/bin/../lib/gcc/arm-none-eabi/12.3.1/thumb/v6-m/nofp/crtbegin.o
                0x08005ce4                        PROVIDE (__init_array_end = .)
                0x08005ce4                        . = ALIGN (0x4)

.fini_array     0x08005ce4        0x4
                0x08005ce4                        . = ALIGN (0x4)
                [!provide]                        PROVIDE (__fini_array_start = .)
 *(SORT_BY_NAME(.fini_array.*))
 *(.fini_array*)
 .fini_array    0x08005ce4        0x4 C:/STM32CubeIDE_1.14.0/STM32CubeIDE/plugins/com.st.stm32cube.ide.mcu.externaltools.gnu-tools-for-stm32.12.3.rel1.win32_1.0.200.202406191623/tools/bin/../lib/gcc/arm-none-eabi/12.3.1/thumb/v6-m/nofp/crtbegin.o
                [!provide]                        PROVIDE (__fini_array_end = .)
                0x08005ce8                        . = ALIGN (0x4)
                0x08005ce8                        _sidata = LOADADDR (.data)

.rel.dyn        0x08005ce8        0x0
 .rel.iplt      0x08005ce8        0x0 C:/STM32CubeIDE_1.14.0/STM32CubeIDE/plugins/com.st.stm32cube.ide.mcu.externaltools.gnu-tools-for-stm32.12.3.rel1.win32_1.0.200.202406191623/tools/bin/../lib/gcc/arm-none-eabi/12.3.1/thumb/v6-m/nofp/crtbegin.o

.data           0x20000000       0x2c load address 0x08005ce8
                0x20000000                        . = ALIGN (0x4)
                0x20000000                        _sdata = .
 *(.data)
 *(.data*)
 .data.holding_register_database
                0x20000000       0x1a ./Core/Src/main.o
                0x20000000                holding_register_database
 .data.modbus_header
                0x2000001a        0x2 ./Core/Src/modbus.o
                0x2000001a                modbus_header
 .data.uart_tx_int
                0x2000001c        0x1 ./Core/Src/modbus.o
                0x2000001c                uart_tx_int
 *fill*         0x2000001d        0x3 
 .data.SystemCoreClock
                0x20000020        0x4 ./Core/Src/system_stm32c0xx.o
                0x20000020                SystemCoreClock
 .data.uwTickPrio
                0x20000024        0x4 ./Drivers/STM32C0xx_HAL_Driver/Src/stm32c0xx_hal.o
                0x20000024                uwTickPrio
 .data.uwTickFreq
                0x20000028        0x1 ./Drivers/STM32C0xx_HAL_Driver/Src/stm32c0xx_hal.o
                0x20000028                uwTickFreq
 *(.RamFunc)
 *(.RamFunc*)
                0x2000002c                        . = ALIGN (0x4)
 *fill*         0x20000029        0x3 
                0x2000002c                        _edata = .

.igot.plt       0x2000002c        0x0 load address 0x08005d14
 .igot.plt      0x2000002c        0x0 C:/STM32CubeIDE_1.14.0/STM32CubeIDE/plugins/com.st.stm32cube.ide.mcu.externaltools.gnu-tools-for-stm32.12.3.rel1.win32_1.0.200.202406191623/tools/bin/../lib/gcc/arm-none-eabi/12.3.1/thumb/v6-m/nofp/crtbegin.o
                0x2000002c                        . = ALIGN (0x4)

.bss            0x2000002c      0x648 load address 0x08005d14
                0x2000002c                        _sbss = .
                0x2000002c                        __bss_start__ = _sbss
 *(.bss)
 .bss           0x2000002c       0x1c C:/STM32CubeIDE_1.14.0/STM32CubeIDE/plugins/com.st.stm32cube.ide.mcu.externaltools.gnu-tools-for-stm32.12.3.rel1.win32_1.0.200.202406191623/tools/bin/../lib/gcc/arm-none-eabi/12.3.1/thumb/v6-m/nofp/crtbegin.o
 *(.bss*)
 .bss.hadc1     0x20000048       0x64 ./Core/Src/main.o
                0x20000048                hadc1
 .bss.hdma_adc1
                0x200000ac       0x5c ./Core/Src/main.o
                0x200000ac                hdma_adc1
 .bss.hi2c1     0x20000108       0x54 ./Core/Src/main.o
                0x20000108                hi2c1
 .bss.hdma_i2c1_rx
                0x2000015c       0x5c ./Core/Src/main.o
                0x2000015c                hdma_i2c1_rx
 .bss.hdma_i2c1_tx
                0x200001b8       0x5c ./Core/Src/main.o
                0x200001b8                hdma_i2c1_tx
 .bss.huart1    0x20000214       0x94 ./Core/Src/main.o
                0x20000214                huart1
 .bss.hdma_usart1_rx
                0x200002a8       0x5c ./Core/Src/main.o
                0x200002a8                hdma_usart1_rx
 .bss.hdma_usart1_tx
                0x20000304       0x5c ./Core/Src/main.o
                0x20000304                hdma_usart1_tx
 .bss.prev_gpio_write_register
                0x20000360        0x2 ./Core/Src/main.o
                0x20000360                prev_gpio_write_register
 *fill*         0x20000362        0x2 
 .bss.modbus_rx_buffer
                0x20000364      0x100 ./Core/Src/modbus.o
                0x20000364                modbus_rx_buffer
 .bss.modbus_tx_buffer
                0x20000464      0x100 ./Core/Src/modbus.o
                0x20000464                modbus_tx_buffer
 .bss.rx_chunk  0x20000564       0xfa ./Core/Src/modbus.o
                0x20000564                rx_chunk
 *fill*         0x2000065e        0x2 
 .bss.tx_time   0x20000660        0x4 ./Core/Src/modbus.o
                0x20000660                tx_time
 .bss.chunk_time
                0x20000664        0x4 ./Core/Src/modbus.o
                0x20000664                chunk_time
 .bss.start_index
                0x20000668        0x2 ./Core/Src/modbus.o
                0x20000668                start_index
 .bss.chunk_start_i
                0x2000066a        0x2 ./Core/Src/modbus.o
                0x2000066a                chunk_start_i
 .bss.chunk_end_i
                0x2000066c        0x2 ./Core/Src/modbus.o
                0x2000066c                chunk_end_i
 .bss.uart_rx_int
                0x2000066e        0x1 ./Core/Src/modbus.o
                0x2000066e                uart_rx_int
 .bss.uart_err_int
                0x2000066f        0x1 ./Core/Src/modbus.o
                0x2000066f                uart_err_int
 .bss.uwTick    0x20000670        0x4 ./Drivers/STM32C0xx_HAL_Driver/Src/stm32c0xx_hal.o
                0x20000670                uwTick
 *(COMMON)
                0x20000674                        . = ALIGN (0x4)
                0x20000674                        _ebss = .
                0x20000674                        __bss_end__ = _ebss

._user_heap_stack
                0x20000674      0x604 load address 0x08005d14
                0x20000678                        . = ALIGN (0x8)
 *fill*         0x20000674        0x4 
                [!provide]                        PROVIDE (end = .)
                0x20000678                        PROVIDE (_end = .)
                0x20000878                        . = (. + _Min_Heap_Size)
 *fill*         0x20000678      0x200 
                0x20000c78                        . = (. + _Min_Stack_Size)
 *fill*         0x20000878      0x400 
                0x20000c78                        . = ALIGN (0x8)

/DISCARD/
 libc.a(*)
 libm.a(*)
 libgcc.a(*)

.ARM.attributes
                0x00000000       0x28
 *(.ARM.attributes)
 .ARM.attributes
                0x00000000       0x1e C:/STM32CubeIDE_1.14.0/STM32CubeIDE/plugins/com.st.stm32cube.ide.mcu.externaltools.gnu-tools-for-stm32.12.3.rel1.win32_1.0.200.202406191623/tools/bin/../lib/gcc/arm-none-eabi/12.3.1/thumb/v6-m/nofp/crti.o
 .ARM.attributes
                0x0000001e       0x2c C:/STM32CubeIDE_1.14.0/STM32CubeIDE/plugins/com.st.stm32cube.ide.mcu.externaltools.gnu-tools-for-stm32.12.3.rel1.win32_1.0.200.202406191623/tools/bin/../lib/gcc/arm-none-eabi/12.3.1/thumb/v6-m/nofp/crtbegin.o
 .ARM.attributes
                0x0000004a       0x2c ./Core/Src/main.o
 .ARM.attributes
                0x00000076       0x2c ./Core/Src/modbus.o
 .ARM.attributes
                0x000000a2       0x2c ./Core/Src/stm32c0xx_hal_msp.o
 .ARM.attributes
                0x000000ce       0x2c ./Core/Src/stm32c0xx_it.o
 .ARM.attributes
                0x000000fa       0x2c ./Core/Src/system_stm32c0xx.o
 .ARM.attributes
                0x00000126       0x22 ./Core/Startup/startup_stm32c071cbtx.o
 .ARM.attributes
                0x00000148       0x2c ./Drivers/STM32C0xx_HAL_Driver/Src/stm32c0xx_hal.o
 .ARM.attributes
                0x00000174       0x2c ./Drivers/STM32C0xx_HAL_Driver/Src/stm32c0xx_hal_adc.o
 .ARM.attributes
                0x000001a0       0x2c ./Drivers/STM32C0xx_HAL_Driver/Src/stm32c0xx_hal_cortex.o
 .ARM.attributes
                0x000001cc       0x2c ./Drivers/STM32C0xx_HAL_Driver/Src/stm32c0xx_hal_dma.o
 .ARM.attributes
                0x000001f8       0x2c ./Drivers/STM32C0xx_HAL_Driver/Src/stm32c0xx_hal_gpio.o
 .ARM.attributes
                0x00000224       0x2c ./Drivers/STM32C0xx_HAL_Driver/Src/stm32c0xx_hal_i2c.o
 .ARM.attributes
                0x00000250       0x2c ./Drivers/STM32C0xx_HAL_Driver/Src/stm32c0xx_hal_i2c_ex.o
 .ARM.attributes
                0x0000027c       0x2c ./Drivers/STM32C0xx_HAL_Driver/Src/stm32c0xx_hal_rcc.o
 .ARM.attributes
                0x000002a8       0x2c ./Drivers/STM32C0xx_HAL_Driver/Src/stm32c0xx_hal_rcc_ex.o
 .ARM.attributes
                0x000002d4       0x2c ./Drivers/STM32C0xx_HAL_Driver/Src/stm32c0xx_hal_uart.o
 .ARM.attributes
                0x00000300       0x2c ./Drivers/STM32C0xx_HAL_Driver/Src/stm32c0xx_hal_uart_ex.o
 .ARM.attributes
                0x0000032c       0x2c C:/STM32CubeIDE_1.14.0/STM32CubeIDE/plugins/com.st.stm32cube.ide.mcu.externaltools.gnu-tools-for-stm32.12.3.rel1.win32_1.0.200.202406191623/tools/bin/../lib/gcc/arm-none-eabi/12.3.1/../../../../arm-none-eabi/lib/thumb/v6-m/nofp\libc_nano.a(libc_a-memset.o)
 .ARM.attributes
                0x00000358       0x2c C:/STM32CubeIDE_1.14.0/STM32CubeIDE/plugins/com.st.stm32cube.ide.mcu.externaltools.gnu-tools-for-stm32.12.3.rel1.win32_1.0.200.202406191623/tools/bin/../lib/gcc/arm-none-eabi/12.3.1/../../../../arm-none-eabi/lib/thumb/v6-m/nofp\libc_nano.a(libc_a-init.o)
 .ARM.attributes
                0x00000384       0x2c C:/STM32CubeIDE_1.14.0/STM32CubeIDE/plugins/com.st.stm32cube.ide.mcu.externaltools.gnu-tools-for-stm32.12.3.rel1.win32_1.0.200.202406191623/tools/bin/../lib/gcc/arm-none-eabi/12.3.1/../../../../arm-none-eabi/lib/thumb/v6-m/nofp\libc_nano.a(libc_a-memcpy-stub.o)
 .ARM.attributes
                0x000003b0       0x1e C:/STM32CubeIDE_1.14.0/STM32CubeIDE/plugins/com.st.stm32cube.ide.mcu.externaltools.gnu-tools-for-stm32.12.3.rel1.win32_1.0.200.202406191623/tools/bin/../lib/gcc/arm-none-eabi/12.3.1/thumb/v6-m/nofp\libgcc.a(_udivsi3.o)
 .ARM.attributes
                0x000003ce       0x1e C:/STM32CubeIDE_1.14.0/STM32CubeIDE/plugins/com.st.stm32cube.ide.mcu.externaltools.gnu-tools-for-stm32.12.3.rel1.win32_1.0.200.202406191623/tools/bin/../lib/gcc/arm-none-eabi/12.3.1/thumb/v6-m/nofp\libgcc.a(_divsi3.o)
 .ARM.attributes
                0x000003ec       0x1e C:/STM32CubeIDE_1.14.0/STM32CubeIDE/plugins/com.st.stm32cube.ide.mcu.externaltools.gnu-tools-for-stm32.12.3.rel1.win32_1.0.200.202406191623/tools/bin/../lib/gcc/arm-none-eabi/12.3.1/thumb/v6-m/nofp\libgcc.a(_dvmd_tls.o)
 .ARM.attributes
                0x0000040a       0x1e C:/STM32CubeIDE_1.14.0/STM32CubeIDE/plugins/com.st.stm32cube.ide.mcu.externaltools.gnu-tools-for-stm32.12.3.rel1.win32_1.0.200.202406191623/tools/bin/../lib/gcc/arm-none-eabi/12.3.1/thumb/v6-m/nofp/crtn.o
OUTPUT(AboveGroundBoard.elf elf32-littlearm)
LOAD linker stubs
LOAD C:/STM32CubeIDE_1.14.0/STM32CubeIDE/plugins/com.st.stm32cube.ide.mcu.externaltools.gnu-tools-for-stm32.12.3.rel1.win32_1.0.200.202406191623/tools/bin/../lib/gcc/arm-none-eabi/12.3.1/../../../../arm-none-eabi/lib/thumb/v6-m/nofp\libc.a
LOAD C:/STM32CubeIDE_1.14.0/STM32CubeIDE/plugins/com.st.stm32cube.ide.mcu.externaltools.gnu-tools-for-stm32.12.3.rel1.win32_1.0.200.202406191623/tools/bin/../lib/gcc/arm-none-eabi/12.3.1/../../../../arm-none-eabi/lib/thumb/v6-m/nofp\libm.a
LOAD C:/STM32CubeIDE_1.14.0/STM32CubeIDE/plugins/com.st.stm32cube.ide.mcu.externaltools.gnu-tools-for-stm32.12.3.rel1.win32_1.0.200.202406191623/tools/bin/../lib/gcc/arm-none-eabi/12.3.1/thumb/v6-m/nofp\libgcc.a

.debug_info     0x00000000    0x10ce5
 .debug_info    0x00000000     0x18a5 ./Core/Src/main.o
 .debug_info    0x000018a5     0x10b8 ./Core/Src/modbus.o
 .debug_info    0x0000295d     0x1368 ./Core/Src/stm32c0xx_hal_msp.o
 .debug_info    0x00003cc5      0x44c ./Core/Src/stm32c0xx_it.o
 .debug_info    0x00004111      0x381 ./Core/Src/system_stm32c0xx.o
 .debug_info    0x00004492       0x30 ./Core/Startup/startup_stm32c071cbtx.o
 .debug_info    0x000044c2      0x85e ./Drivers/STM32C0xx_HAL_Driver/Src/stm32c0xx_hal.o
 .debug_info    0x00004d20     0x153b ./Drivers/STM32C0xx_HAL_Driver/Src/stm32c0xx_hal_adc.o
 .debug_info    0x0000625b      0x894 ./Drivers/STM32C0xx_HAL_Driver/Src/stm32c0xx_hal_cortex.o
 .debug_info    0x00006aef      0x826 ./Drivers/STM32C0xx_HAL_Driver/Src/stm32c0xx_hal_dma.o
 .debug_info    0x00007315      0x612 ./Drivers/STM32C0xx_HAL_Driver/Src/stm32c0xx_hal_gpio.o
 .debug_info    0x00007927     0x219f ./Drivers/STM32C0xx_HAL_Driver/Src/stm32c0xx_hal_i2c.o
 .debug_info    0x00009ac6      0x9d9 ./Drivers/STM32C0xx_HAL_Driver/Src/stm32c0xx_hal_i2c_ex.o
 .debug_info    0x0000a49f      0x923 ./Drivers/STM32C0xx_HAL_Driver/Src/stm32c0xx_hal_rcc.o
 .debug_info    0x0000adc2      0x7c1 ./Drivers/STM32C0xx_HAL_Driver/Src/stm32c0xx_hal_rcc_ex.o
 .debug_info    0x0000b583     0x47f5 ./Drivers/STM32C0xx_HAL_Driver/Src/stm32c0xx_hal_uart.o
 .debug_info    0x0000fd78      0xf6d ./Drivers/STM32C0xx_HAL_Driver/Src/stm32c0xx_hal_uart_ex.o

.debug_abbrev   0x00000000     0x255f
 .debug_abbrev  0x00000000      0x310 ./Core/Src/main.o
 .debug_abbrev  0x00000310      0x2f0 ./Core/Src/modbus.o
 .debug_abbrev  0x00000600      0x234 ./Core/Src/stm32c0xx_hal_msp.o
 .debug_abbrev  0x00000834      0x139 ./Core/Src/stm32c0xx_it.o
 .debug_abbrev  0x0000096d      0x119 ./Core/Src/system_stm32c0xx.o
 .debug_abbrev  0x00000a86       0x24 ./Core/Startup/startup_stm32c071cbtx.o
 .debug_abbrev  0x00000aaa      0x2cb ./Drivers/STM32C0xx_HAL_Driver/Src/stm32c0xx_hal.o
 .debug_abbrev  0x00000d75      0x26d ./Drivers/STM32C0xx_HAL_Driver/Src/stm32c0xx_hal_adc.o
 .debug_abbrev  0x00000fe2      0x2b7 ./Drivers/STM32C0xx_HAL_Driver/Src/stm32c0xx_hal_cortex.o
 .debug_abbrev  0x00001299      0x1d5 ./Drivers/STM32C0xx_HAL_Driver/Src/stm32c0xx_hal_dma.o
 .debug_abbrev  0x0000146e      0x1d6 ./Drivers/STM32C0xx_HAL_Driver/Src/stm32c0xx_hal_gpio.o
 .debug_abbrev  0x00001644      0x26e ./Drivers/STM32C0xx_HAL_Driver/Src/stm32c0xx_hal_i2c.o
 .debug_abbrev  0x000018b2      0x1e3 ./Drivers/STM32C0xx_HAL_Driver/Src/stm32c0xx_hal_i2c_ex.o
 .debug_abbrev  0x00001a95      0x28c ./Drivers/STM32C0xx_HAL_Driver/Src/stm32c0xx_hal_rcc.o
 .debug_abbrev  0x00001d21      0x245 ./Drivers/STM32C0xx_HAL_Driver/Src/stm32c0xx_hal_rcc_ex.o
 .debug_abbrev  0x00001f66      0x314 ./Drivers/STM32C0xx_HAL_Driver/Src/stm32c0xx_hal_uart.o
 .debug_abbrev  0x0000227a      0x2e5 ./Drivers/STM32C0xx_HAL_Driver/Src/stm32c0xx_hal_uart_ex.o

.debug_aranges  0x00000000      0xe08
 .debug_aranges
                0x00000000       0x70 ./Core/Src/main.o
 .debug_aranges
                0x00000070       0xc0 ./Core/Src/modbus.o
 .debug_aranges
                0x00000130       0x50 ./Core/Src/stm32c0xx_hal_msp.o
 .debug_aranges
                0x00000180       0x58 ./Core/Src/stm32c0xx_it.o
 .debug_aranges
                0x000001d8       0x28 ./Core/Src/system_stm32c0xx.o
 .debug_aranges
                0x00000200       0x28 ./Core/Startup/startup_stm32c071cbtx.o
 .debug_aranges
                0x00000228      0x100 ./Drivers/STM32C0xx_HAL_Driver/Src/stm32c0xx_hal.o
 .debug_aranges
                0x00000328      0x200 ./Drivers/STM32C0xx_HAL_Driver/Src/stm32c0xx_hal_adc.o
 .debug_aranges
                0x00000528       0xe8 ./Drivers/STM32C0xx_HAL_Driver/Src/stm32c0xx_hal_cortex.o
 .debug_aranges
                0x00000610       0x90 ./Drivers/STM32C0xx_HAL_Driver/Src/stm32c0xx_hal_dma.o
 .debug_aranges
                0x000006a0       0x68 ./Drivers/STM32C0xx_HAL_Driver/Src/stm32c0xx_hal_gpio.o
 .debug_aranges
                0x00000708      0x2a0 ./Drivers/STM32C0xx_HAL_Driver/Src/stm32c0xx_hal_i2c.o
 .debug_aranges
                0x000009a8       0x48 ./Drivers/STM32C0xx_HAL_Driver/Src/stm32c0xx_hal_i2c_ex.o
 .debug_aranges
                0x000009f0       0xa0 ./Drivers/STM32C0xx_HAL_Driver/Src/stm32c0xx_hal_rcc.o
 .debug_aranges
                0x00000a90       0x88 ./Drivers/STM32C0xx_HAL_Driver/Src/stm32c0xx_hal_rcc_ex.o
 .debug_aranges
                0x00000b18      0x248 ./Drivers/STM32C0xx_HAL_Driver/Src/stm32c0xx_hal_uart.o
 .debug_aranges
                0x00000d60       0xa8 ./Drivers/STM32C0xx_HAL_Driver/Src/stm32c0xx_hal_uart_ex.o

.debug_rnglists
                0x00000000      0xaf9
 .debug_rnglists
                0x00000000       0x54 ./Core/Src/main.o
 .debug_rnglists
                0x00000054       0x95 ./Core/Src/modbus.o
 .debug_rnglists
                0x000000e9       0x3a ./Core/Src/stm32c0xx_hal_msp.o
 .debug_rnglists
                0x00000123       0x3d ./Core/Src/stm32c0xx_it.o
 .debug_rnglists
                0x00000160       0x1a ./Core/Src/system_stm32c0xx.o
 .debug_rnglists
                0x0000017a       0x19 ./Core/Startup/startup_stm32c071cbtx.o
 .debug_rnglists
                0x00000193       0xbc ./Drivers/STM32C0xx_HAL_Driver/Src/stm32c0xx_hal.o
 .debug_rnglists
                0x0000024f      0x18a ./Drivers/STM32C0xx_HAL_Driver/Src/stm32c0xx_hal_adc.o
 .debug_rnglists
                0x000003d9       0xaa ./Drivers/STM32C0xx_HAL_Driver/Src/stm32c0xx_hal_cortex.o
 .debug_rnglists
                0x00000483       0x72 ./Drivers/STM32C0xx_HAL_Driver/Src/stm32c0xx_hal_dma.o
 .debug_rnglists
                0x000004f5       0x4b ./Drivers/STM32C0xx_HAL_Driver/Src/stm32c0xx_hal_gpio.o
 .debug_rnglists
                0x00000540      0x229 ./Drivers/STM32C0xx_HAL_Driver/Src/stm32c0xx_hal_i2c.o
 .debug_rnglists
                0x00000769       0x35 ./Drivers/STM32C0xx_HAL_Driver/Src/stm32c0xx_hal_i2c_ex.o
 .debug_rnglists
                0x0000079e       0x79 ./Drivers/STM32C0xx_HAL_Driver/Src/stm32c0xx_hal_rcc.o
 .debug_rnglists
                0x00000817       0x67 ./Drivers/STM32C0xx_HAL_Driver/Src/stm32c0xx_hal_rcc_ex.o
 .debug_rnglists
                0x0000087e      0x1fb ./Drivers/STM32C0xx_HAL_Driver/Src/stm32c0xx_hal_uart.o
 .debug_rnglists
                0x00000a79       0x80 ./Drivers/STM32C0xx_HAL_Driver/Src/stm32c0xx_hal_uart_ex.o

.debug_macro    0x00000000    0x1687c
 .debug_macro   0x00000000      0x227 ./Core/Src/main.o
 .debug_macro   0x00000227      0xa8a ./Core/Src/main.o
 .debug_macro   0x00000cb1       0x2e ./Core/Src/main.o
 .debug_macro   0x00000cdf       0x28 ./Core/Src/main.o
 .debug_macro   0x00000d07       0x22 ./Core/Src/main.o
 .debug_macro   0x00000d29       0x8e ./Core/Src/main.o
 .debug_macro   0x00000db7       0x51 ./Core/Src/main.o
 .debug_macro   0x00000e08      0x103 ./Core/Src/main.o
 .debug_macro   0x00000f0b       0x6a ./Core/Src/main.o
 .debug_macro   0x00000f75      0x1df ./Core/Src/main.o
 .debug_macro   0x00001154       0x1c ./Core/Src/main.o
 .debug_macro   0x00001170       0x22 ./Core/Src/main.o
 .debug_macro   0x00001192       0xd1 ./Core/Src/main.o
 .debug_macro   0x00001263      0x4da ./Core/Src/main.o
 .debug_macro   0x0000173d      0x11f ./Core/Src/main.o
 .debug_macro   0x0000185c     0xa7da ./Core/Src/main.o
 .debug_macro   0x0000c036       0x6c ./Core/Src/main.o
 .debug_macro   0x0000c0a2      0x190 ./Core/Src/main.o
 .debug_macro   0x0000c232       0xef ./Core/Src/main.o
 .debug_macro   0x0000c321     0x3440 ./Core/Src/main.o
 .debug_macro   0x0000f761      0x189 ./Core/Src/main.o
 .debug_macro   0x0000f8ea       0x5b ./Core/Src/main.o
 .debug_macro   0x0000f945      0x422 ./Core/Src/main.o
 .debug_macro   0x0000fd67      0xd59 ./Core/Src/main.o
 .debug_macro   0x00010ac0      0x30c ./Core/Src/main.o
 .debug_macro   0x00010dcc      0x15f ./Core/Src/main.o
 .debug_macro   0x00010f2b      0x201 ./Core/Src/main.o
 .debug_macro   0x0001112c      0x2e2 ./Core/Src/main.o
 .debug_macro   0x0001140e      0x18b ./Core/Src/main.o
 .debug_macro   0x00011599       0x43 ./Core/Src/main.o
 .debug_macro   0x000115dc      0x1f1 ./Core/Src/main.o
 .debug_macro   0x000117cd      0x924 ./Core/Src/main.o
 .debug_macro   0x000120f1      0x5de ./Core/Src/main.o
 .debug_macro   0x000126cf       0x2e ./Core/Src/main.o
 .debug_macro   0x000126fd      0x1cf ./Core/Src/main.o
 .debug_macro   0x000128cc      0x37c ./Core/Src/main.o
 .debug_macro   0x00012c48       0x28 ./Core/Src/main.o
 .debug_macro   0x00012c70       0xb3 ./Core/Src/main.o
 .debug_macro   0x00012d23      0x22c ./Core/Src/main.o
 .debug_macro   0x00012f4f       0x67 ./Core/Src/main.o
 .debug_macro   0x00012fb6       0xa5 ./Core/Src/main.o
 .debug_macro   0x0001305b      0x124 ./Core/Src/main.o
 .debug_macro   0x0001317f      0x1b0 ./Core/Src/main.o
 .debug_macro   0x0001332f      0x67e ./Core/Src/main.o
 .debug_macro   0x000139ad       0xa6 ./Core/Src/main.o
 .debug_macro   0x00013a53      0x409 ./Core/Src/main.o
 .debug_macro   0x00013e5c       0x9a ./Core/Src/main.o
 .debug_macro   0x00013ef6       0x1c ./Core/Src/main.o
 .debug_macro   0x00013f12       0x34 ./Core/Src/main.o
 .debug_macro   0x00013f46       0x8e ./Core/Src/main.o
 .debug_macro   0x00013fd4      0x310 ./Core/Src/modbus.o
 .debug_macro   0x000142e4       0x61 ./Core/Src/modbus.o
 .debug_macro   0x00014345       0x24 ./Core/Src/modbus.o
 .debug_macro   0x00014369       0x43 ./Core/Src/modbus.o
 .debug_macro   0x000143ac       0x34 ./Core/Src/modbus.o
 .debug_macro   0x000143e0       0x16 ./Core/Src/modbus.o
 .debug_macro   0x000143f6       0x43 ./Core/Src/modbus.o
 .debug_macro   0x00014439       0x34 ./Core/Src/modbus.o
 .debug_macro   0x0001446d       0x10 ./Core/Src/modbus.o
 .debug_macro   0x0001447d       0x58 ./Core/Src/modbus.o
 .debug_macro   0x000144d5       0x8e ./Core/Src/modbus.o
 .debug_macro   0x00014563       0x1c ./Core/Src/modbus.o
 .debug_macro   0x0001457f      0x177 ./Core/Src/modbus.o
 .debug_macro   0x000146f6      0x369 ./Core/Src/modbus.o
 .debug_macro   0x00014a5f       0x10 ./Core/Src/modbus.o
 .debug_macro   0x00014a6f       0x35 ./Core/Src/modbus.o
 .debug_macro   0x00014aa4       0x20 ./Core/Src/modbus.o
 .debug_macro   0x00014ac4      0x20c ./Core/Src/stm32c0xx_hal_msp.o
 .debug_macro   0x00014cd0      0x216 ./Core/Src/stm32c0xx_it.o
 .debug_macro   0x00014ee6      0x203 ./Core/Src/system_stm32c0xx.o
 .debug_macro   0x000150e9      0x21b ./Drivers/STM32C0xx_HAL_Driver/Src/stm32c0xx_hal.o
 .debug_macro   0x00015304      0x221 ./Drivers/STM32C0xx_HAL_Driver/Src/stm32c0xx_hal_adc.o
 .debug_macro   0x00015525      0x1fd ./Drivers/STM32C0xx_HAL_Driver/Src/stm32c0xx_hal_cortex.o
 .debug_macro   0x00015722      0x1fd ./Drivers/STM32C0xx_HAL_Driver/Src/stm32c0xx_hal_dma.o
 .debug_macro   0x0001591f      0x232 ./Drivers/STM32C0xx_HAL_Driver/Src/stm32c0xx_hal_gpio.o
 .debug_macro   0x00015b51      0x2c9 ./Drivers/STM32C0xx_HAL_Driver/Src/stm32c0xx_hal_i2c.o
 .debug_macro   0x00015e1a      0x1fd ./Drivers/STM32C0xx_HAL_Driver/Src/stm32c0xx_hal_i2c_ex.o
 .debug_macro   0x00016017      0x233 ./Drivers/STM32C0xx_HAL_Driver/Src/stm32c0xx_hal_rcc.o
 .debug_macro   0x0001624a      0x20f ./Drivers/STM32C0xx_HAL_Driver/Src/stm32c0xx_hal_rcc_ex.o
 .debug_macro   0x00016459      0x21a ./Drivers/STM32C0xx_HAL_Driver/Src/stm32c0xx_hal_uart.o
 .debug_macro   0x00016673      0x209 ./Drivers/STM32C0xx_HAL_Driver/Src/stm32c0xx_hal_uart_ex.o

.debug_line     0x00000000    0x12375
 .debug_line    0x00000000      0xb92 ./Core/Src/main.o
 .debug_line    0x00000b92      0xf7f ./Core/Src/modbus.o
 .debug_line    0x00001b11      0x9b5 ./Core/Src/stm32c0xx_hal_msp.o
 .debug_line    0x000024c6      0x865 ./Core/Src/stm32c0xx_it.o
 .debug_line    0x00002d2b      0x81a ./Core/Src/system_stm32c0xx.o
 .debug_line    0x00003545       0x7d ./Core/Startup/startup_stm32c071cbtx.o
 .debug_line    0x000035c2      0xae5 ./Drivers/STM32C0xx_HAL_Driver/Src/stm32c0xx_hal.o
 .debug_line    0x000040a7     0x19ac ./Drivers/STM32C0xx_HAL_Driver/Src/stm32c0xx_hal_adc.o
 .debug_line    0x00005a53      0xc08 ./Drivers/STM32C0xx_HAL_Driver/Src/stm32c0xx_hal_cortex.o
 .debug_line    0x0000665b      0xe17 ./Drivers/STM32C0xx_HAL_Driver/Src/stm32c0xx_hal_dma.o
 .debug_line    0x00007472      0xc31 ./Drivers/STM32C0xx_HAL_Driver/Src/stm32c0xx_hal_gpio.o
 .debug_line    0x000080a3     0x3ab1 ./Drivers/STM32C0xx_HAL_Driver/Src/stm32c0xx_hal_i2c.o
 .debug_line    0x0000bb54      0x9d4 ./Drivers/STM32C0xx_HAL_Driver/Src/stm32c0xx_hal_i2c_ex.o
 .debug_line    0x0000c528      0xdf5 ./Drivers/STM32C0xx_HAL_Driver/Src/stm32c0xx_hal_rcc.o
 .debug_line    0x0000d31d      0xc7e ./Drivers/STM32C0xx_HAL_Driver/Src/stm32c0xx_hal_rcc_ex.o
 .debug_line    0x0000df9b     0x3563 ./Drivers/STM32C0xx_HAL_Driver/Src/stm32c0xx_hal_uart.o
 .debug_line    0x000114fe      0xe77 ./Drivers/STM32C0xx_HAL_Driver/Src/stm32c0xx_hal_uart_ex.o

.debug_str      0x00000000    0x8df78
 .debug_str     0x00000000    0x87084 ./Core/Src/main.o
                              0x87ae6 (size before relaxing)
 .debug_str     0x00087084     0x3561 ./Core/Src/modbus.o
                              0x8a3c5 (size before relaxing)
 .debug_str     0x0008a5e5      0x19f ./Core/Src/stm32c0xx_hal_msp.o
                              0x8711e (size before relaxing)
 .debug_str     0x0008a784       0xe7 ./Core/Src/stm32c0xx_it.o
                              0x86789 (size before relaxing)
 .debug_str     0x0008a86b       0xb4 ./Core/Src/system_stm32c0xx.o
                              0x86265 (size before relaxing)
 .debug_str     0x0008a91f       0x8c ./Core/Startup/startup_stm32c071cbtx.o
 .debug_str     0x0008a9ab      0x41a ./Drivers/STM32C0xx_HAL_Driver/Src/stm32c0xx_hal.o
                              0x868b2 (size before relaxing)
 .debug_str     0x0008adc5      0x895 ./Drivers/STM32C0xx_HAL_Driver/Src/stm32c0xx_hal_adc.o
                              0x87028 (size before relaxing)
 .debug_str     0x0008b65a      0x286 ./Drivers/STM32C0xx_HAL_Driver/Src/stm32c0xx_hal_cortex.o
                              0x866c8 (size before relaxing)
 .debug_str     0x0008b8e0      0x264 ./Drivers/STM32C0xx_HAL_Driver/Src/stm32c0xx_hal_dma.o
                              0x866d9 (size before relaxing)
 .debug_str     0x0008bb44      0x248 ./Drivers/STM32C0xx_HAL_Driver/Src/stm32c0xx_hal_gpio.o
                              0x86481 (size before relaxing)
 .debug_str     0x0008bd8c      0xeb0 ./Drivers/STM32C0xx_HAL_Driver/Src/stm32c0xx_hal_i2c.o
                              0x8761d (size before relaxing)
 .debug_str     0x0008cc3c       0xb8 ./Drivers/STM32C0xx_HAL_Driver/Src/stm32c0xx_hal_i2c_ex.o
                              0x868a0 (size before relaxing)
 .debug_str     0x0008ccf4      0x47c ./Drivers/STM32C0xx_HAL_Driver/Src/stm32c0xx_hal_rcc.o
                              0x8688a (size before relaxing)
 .debug_str     0x0008d170      0x2fa ./Drivers/STM32C0xx_HAL_Driver/Src/stm32c0xx_hal_rcc_ex.o
                              0x866ef (size before relaxing)
 .debug_str     0x0008d46a      0x8d1 ./Drivers/STM32C0xx_HAL_Driver/Src/stm32c0xx_hal_uart.o
                              0x871b5 (size before relaxing)
 .debug_str     0x0008dd3b      0x23d ./Drivers/STM32C0xx_HAL_Driver/Src/stm32c0xx_hal_uart_ex.o
                              0x86adb (size before relaxing)

.comment        0x00000000       0x43
 .comment       0x00000000       0x43 ./Core/Src/main.o
                                 0x44 (size before relaxing)
 .comment       0x00000043       0x44 ./Core/Src/modbus.o
 .comment       0x00000043       0x44 ./Core/Src/stm32c0xx_hal_msp.o
 .comment       0x00000043       0x44 ./Core/Src/stm32c0xx_it.o
 .comment       0x00000043       0x44 ./Core/Src/system_stm32c0xx.o
 .comment       0x00000043       0x44 ./Drivers/STM32C0xx_HAL_Driver/Src/stm32c0xx_hal.o
 .comment       0x00000043       0x44 ./Drivers/STM32C0xx_HAL_Driver/Src/stm32c0xx_hal_adc.o
 .comment       0x00000043       0x44 ./Drivers/STM32C0xx_HAL_Driver/Src/stm32c0xx_hal_cortex.o
 .comment       0x00000043       0x44 ./Drivers/STM32C0xx_HAL_Driver/Src/stm32c0xx_hal_dma.o
 .comment       0x00000043       0x44 ./Drivers/STM32C0xx_HAL_Driver/Src/stm32c0xx_hal_gpio.o
 .comment       0x00000043       0x44 ./Drivers/STM32C0xx_HAL_Driver/Src/stm32c0xx_hal_i2c.o
 .comment       0x00000043       0x44 ./Drivers/STM32C0xx_HAL_Driver/Src/stm32c0xx_hal_i2c_ex.o
 .comment       0x00000043       0x44 ./Drivers/STM32C0xx_HAL_Driver/Src/stm32c0xx_hal_rcc.o
 .comment       0x00000043       0x44 ./Drivers/STM32C0xx_HAL_Driver/Src/stm32c0xx_hal_rcc_ex.o
 .comment       0x00000043       0x44 ./Drivers/STM32C0xx_HAL_Driver/Src/stm32c0xx_hal_uart.o
 .comment       0x00000043       0x44 ./Drivers/STM32C0xx_HAL_Driver/Src/stm32c0xx_hal_uart_ex.o

.debug_frame    0x00000000     0x32e4
 .debug_frame   0x00000000      0x164 ./Core/Src/main.o
 .debug_frame   0x00000164      0x2b8 ./Core/Src/modbus.o
 .debug_frame   0x0000041c       0xf0 ./Core/Src/stm32c0xx_hal_msp.o
 .debug_frame   0x0000050c       0xf0 ./Core/Src/stm32c0xx_it.o
 .debug_frame   0x000005fc       0x4c ./Core/Src/system_stm32c0xx.o
 .debug_frame   0x00000648      0x368 ./Drivers/STM32C0xx_HAL_Driver/Src/stm32c0xx_hal.o
 .debug_frame   0x000009b0      0x7d0 ./Drivers/STM32C0xx_HAL_Driver/Src/stm32c0xx_hal_adc.o
 .debug_frame   0x00001180      0x33c ./Drivers/STM32C0xx_HAL_Driver/Src/stm32c0xx_hal_cortex.o
 .debug_frame   0x000014bc      0x1f0 ./Drivers/STM32C0xx_HAL_Driver/Src/stm32c0xx_hal_dma.o
 .debug_frame   0x000016ac      0x150 ./Drivers/STM32C0xx_HAL_Driver/Src/stm32c0xx_hal_gpio.o
 .debug_frame   0x000017fc      0xa68 ./Drivers/STM32C0xx_HAL_Driver/Src/stm32c0xx_hal_i2c.o
 .debug_frame   0x00002264       0xd0 ./Drivers/STM32C0xx_HAL_Driver/Src/stm32c0xx_hal_i2c_ex.o
 .debug_frame   0x00002334      0x214 ./Drivers/STM32C0xx_HAL_Driver/Src/stm32c0xx_hal_rcc.o
 .debug_frame   0x00002548      0x1bc ./Drivers/STM32C0xx_HAL_Driver/Src/stm32c0xx_hal_rcc_ex.o
 .debug_frame   0x00002704      0x8d4 ./Drivers/STM32C0xx_HAL_Driver/Src/stm32c0xx_hal_uart.o
 .debug_frame   0x00002fd8      0x258 ./Drivers/STM32C0xx_HAL_Driver/Src/stm32c0xx_hal_uart_ex.o
 .debug_frame   0x00003230       0x20 C:/STM32CubeIDE_1.14.0/STM32CubeIDE/plugins/com.st.stm32cube.ide.mcu.externaltools.gnu-tools-for-stm32.12.3.rel1.win32_1.0.200.202406191623/tools/bin/../lib/gcc/arm-none-eabi/12.3.1/../../../../arm-none-eabi/lib/thumb/v6-m/nofp\libc_nano.a(libc_a-memset.o)
 .debug_frame   0x00003250       0x2c C:/STM32CubeIDE_1.14.0/STM32CubeIDE/plugins/com.st.stm32cube.ide.mcu.externaltools.gnu-tools-for-stm32.12.3.rel1.win32_1.0.200.202406191623/tools/bin/../lib/gcc/arm-none-eabi/12.3.1/../../../../arm-none-eabi/lib/thumb/v6-m/nofp\libc_nano.a(libc_a-init.o)
 .debug_frame   0x0000327c       0x28 C:/STM32CubeIDE_1.14.0/STM32CubeIDE/plugins/com.st.stm32cube.ide.mcu.externaltools.gnu-tools-for-stm32.12.3.rel1.win32_1.0.200.202406191623/tools/bin/../lib/gcc/arm-none-eabi/12.3.1/../../../../arm-none-eabi/lib/thumb/v6-m/nofp\libc_nano.a(libc_a-memcpy-stub.o)
 .debug_frame   0x000032a4       0x20 C:/STM32CubeIDE_1.14.0/STM32CubeIDE/plugins/com.st.stm32cube.ide.mcu.externaltools.gnu-tools-for-stm32.12.3.rel1.win32_1.0.200.202406191623/tools/bin/../lib/gcc/arm-none-eabi/12.3.1/thumb/v6-m/nofp\libgcc.a(_udivsi3.o)
 .debug_frame   0x000032c4       0x20 C:/STM32CubeIDE_1.14.0/STM32CubeIDE/plugins/com.st.stm32cube.ide.mcu.externaltools.gnu-tools-for-stm32.12.3.rel1.win32_1.0.200.202406191623/tools/bin/../lib/gcc/arm-none-eabi/12.3.1/thumb/v6-m/nofp\libgcc.a(_divsi3.o)

.debug_line_str
                0x00000000       0x70
 .debug_line_str
                0x00000000       0x70 ./Core/Startup/startup_stm32c071cbtx.o
