../Core/Src/main.c:94:8:adc_reset	32	static
../Core/Src/main.c:122:6:HAL_ADC_ErrorCallback	16	static
../Core/Src/main.c:133:5:main	32	static
../Core/Src/main.c:481:6:SystemClock_Config	72	static
../Core/Src/main.c:516:13:MX_ADC1_Init	24	static
../Core/Src/main.c:592:13:MX_I2C1_Init	8	static
../Core/Src/main.c:640:13:MX_USART1_UART_Init	8	static
../Core/Src/main.c:686:13:MX_DMA_Init	16	static
../Core/Src/main.c:710:13:MX_GPIO_Init	56	static
../Core/Src/main.c:767:6:Error_Handler	8	static,ignoring_inline_asm
