../Core/Src/main.c:94:6:HAL_ADC_ConvCpltCallback	16	static
../Core/Src/main.c:99:6:HAL_ADC_ConvHalfCpltCallback	16	static
../Core/Src/main.c:104:6:HAL_ADC_ErrorCallback	16	static
../Core/Src/main.c:115:5:main	24	static
../Core/Src/main.c:305:6:SystemClock_Config	72	static
../Core/Src/main.c:340:13:MX_ADC1_Init	24	static
../Core/Src/main.c:416:13:MX_I2C1_Init	8	static
../Core/Src/main.c:464:13:MX_USART1_UART_Init	8	static
../Core/Src/main.c:510:13:MX_DMA_Init	16	static
../Core/Src/main.c:534:13:MX_GPIO_Init	56	static
../Core/Src/main.c:591:6:Error_Handler	8	static,ignoring_inline_asm
