../Core/Src/vl53l0x.c:33:6:HAL_I2C_MemTxCpltCallback	16	static
../Core/Src/vl53l0x.c:38:6:HAL_I2C_MemRxCpltCallback	16	static
../Core/Src/vl53l0x.c:43:6:HAL_I2C_MasterTxCpltCallback	16	static
../Core/Src/vl53l0x.c:48:6:HAL_I2C_MasterRxCpltCallback	16	static
../Core/Src/vl53l0x.c:53:6:HAL_I2C_ErrorCallback	16	static
../Core/Src/vl53l0x.c:89:8:writeReg	32	static
../Core/Src/vl53l0x.c:96:8:writeReg16Bit	32	static
../Core/Src/vl53l0x.c:103:8:writeReg32Bit	32	static
../Core/Src/vl53l0x.c:112:8:readReg	40	static
../Core/Src/vl53l0x.c:120:8:readReg16Bit	48	static
../Core/Src/vl53l0x.c:128:8:readReg32Bit	48	static
../Core/Src/vl53l0x.c:137:8:writeMulti	40	static
../Core/Src/vl53l0x.c:145:8:readMulti	40	static
../Core/Src/vl53l0x.c:153:8:setAddress_VL53L0X	32	static
../Core/Src/vl53l0x.c:160:9:getAddress_VL53L0X	8	static
../Core/Src/vl53l0x.c:173:8:initVL53L0X	40	static
../Core/Src/vl53l0x.c:516:8:setSignalRateLimit	16	static
../Core/Src/vl53l0x.c:525:8:getSignalRateLimit	40	static
../Core/Src/vl53l0x.c:540:8:setMeasurementTimingBudget	88	static
../Core/Src/vl53l0x.c:629:8:getMeasurementTimingBudget	72	static
../Core/Src/vl53l0x.c:686:8:setVcselPulsePeriod	72	static
../Core/Src/vl53l0x.c:898:8:getVcselPulsePeriod	32	static
../Core/Src/vl53l0x.c:927:8:startContinuous	32	static
../Core/Src/vl53l0x.c:975:8:stopContinuous	24	static
../Core/Src/vl53l0x.c:998:8:readRangeContinuousMillimeters	32	static
../Core/Src/vl53l0x.c:1051:8:readRangeSingleMillimeters	32	static
../Core/Src/vl53l0x.c:1089:9:timeoutOccurred	16	static
../Core/Src/vl53l0x.c:1096:6:setTimeout	16	static
../Core/Src/vl53l0x.c:1101:10:getTimeout	8	static
../Core/Src/vl53l0x.c:1111:8:getSpadInfo	32	static
../Core/Src/vl53l0x.c:1184:8:getSequenceStepEnables	32	static
../Core/Src/vl53l0x.c:1204:8:getSequenceStepTimeouts	32	static
../Core/Src/vl53l0x.c:1251:10:decodeTimeout	16	static
../Core/Src/vl53l0x.c:1262:10:encodeTimeout	24	static
../Core/Src/vl53l0x.c:1288:10:timeoutMclksToMicroseconds	24	static
../Core/Src/vl53l0x.c:1297:10:timeoutMicrosecondsToMclks	24	static
../Core/Src/vl53l0x.c:1306:8:performSingleRefCalibration	32	static
